// Vitest Snapshot v1, https://vitest.dev/guide/snapshot.html

exports[`circle as a conic 1`] = `
"██████████████████████████████████████████████████▓█████████████████████████████████████████████████
████████████████████████████████████▓▓▓▓▓▓▓▓▓▓▓▓▓▓▓▓▓▓▓▓▓▓▓▓▓▓▓▓▓███████████████████████████████████
███████████████████████████████▓▓▓▓▓▓▓▓▓▓▓▓▓▓▓▓▓▓▓▓▓▓▓▓▓▓▓▓▓▓▓▓▓▓▓▓▓▓▓██████████████████████████████
███████████████████████████▓▓▓▓▓▓▓▓▓▓▓▓▓▓▒▒▒▒▒▒▒▒▒▒▒▒▒▒▒▒▒▒▒▓▓▓▓▓▓▓▓▓▓▓▓▓▓██████████████████████████
███████████████████████▓▓▓▓▓▓▓▓▓▓▓▒▒▒▒▒▒▒▒▒▒▒▒▒▒▒▒▒▒▒▒▒▒▒▒▒▒▒▒▒▒▒▒▒▓▓▓▓▓▓▓▓▓▓▓██████████████████████
█████████████████████▓▓▓▓▓▓▓▓▓▒▒▒▒▒▒▒▒▒▒▒▒▒▒▒▒▒▒▒▒▒▒▒▒▒▒▒▒▒▒▒▒▒▒▒▒▒▒▒▒▒▓▓▓▓▓▓▓▓▓████████████████████
██████████████████▓▓▓▓▓▓▓▓▒▒▒▒▒▒▒▒▒▒▒▒░░░░░░░░░░░░░░░░░░░░░░░░░▒▒▒▒▒▒▒▒▒▒▒▒▓▓▓▓▓▓▓▓█████████████████
████████████████▓▓▓▓▓▓▓▓▒▒▒▒▒▒▒▒▒░░░░░░░░░░░░░░░░░░░░░░░░░░░░░░░░░░░▒▒▒▒▒▒▒▒▒▓▓▓▓▓▓▓▓███████████████
██████████████▓▓▓▓▓▓▓▒▒▒▒▒▒▒▒░░░░░░░░░░░░░˖˖˖˖˖˖˖˖˖˖˖˖˖˖˖˖˖░░░░░░░░░░░░░▒▒▒▒▒▒▒▒▓▓▓▓▓▓▓█████████████
████████████▓▓▓▓▓▓▓▒▒▒▒▒▒▒▒░░░░░░░░░˖˖˖˖˖˖˖˖˖˖˖˖˖˖˖˖˖˖˖˖˖˖˖˖˖˖˖˖˖░░░░░░░░░▒▒▒▒▒▒▒▒▓▓▓▓▓▓▓███████████
███████████▓▓▓▓▓▓▒▒▒▒▒▒▒░░░░░░░░˖˖˖˖˖˖˖˖˖˖˖˖˖˖˖˖˖˖-˖˖˖˖˖˖˖˖˖˖˖˖˖˖˖˖˖˖░░░░░░░░▒▒▒▒▒▒▒▓▓▓▓▓▓██████████
█████████▓▓▓▓▓▓▒▒▒▒▒▒▒░░░░░░░░˖˖˖˖˖˖˖˖˖˖---------------------˖˖˖˖˖˖˖˖˖˖░░░░░░░░▒▒▒▒▒▒▒▓▓▓▓▓▓████████
████████▓▓▓▓▓▓▒▒▒▒▒▒░░░░░░░˖˖˖˖˖˖˖˖˖-----------------------------˖˖˖˖˖˖˖˖˖░░░░░░░▒▒▒▒▒▒▓▓▓▓▓▓███████
███████▓▓▓▓▓▒▒▒▒▒▒▒░░░░░░˖˖˖˖˖˖˖-----------○○○○○○○○○○○○○○○-----------˖˖˖˖˖˖˖░░░░░░▒▒▒▒▒▒▒▓▓▓▓▓██████
██████▓▓▓▓▓▒▒▒▒▒▒░░░░░░˖˖˖˖˖˖˖---------○○○○○○○○○○○○○○○○○○○○○○○---------˖˖˖˖˖˖˖░░░░░░▒▒▒▒▒▒▓▓▓▓▓█████
█████▓▓▓▓▓▒▒▒▒▒▒░░░░░░˖˖˖˖˖˖-------○○○○○○○○○○○○○○○◎○○○○○○○○○○○○○○○-------˖˖˖˖˖˖░░░░░░▒▒▒▒▒▒▓▓▓▓▓████
████▓▓▓▓▓▒▒▒▒▒▒░░░░░˖˖˖˖˖˖-------○○○○○○○○○◎◎◎◎◎◎◎◎◎◎◎◎◎◎◎◎◎○○○○○○○○○-------˖˖˖˖˖˖░░░░░▒▒▒▒▒▒▓▓▓▓▓███
███▓▓▓▓▓▒▒▒▒▒▒░░░░░˖˖˖˖˖˖------○○○○○○○○◎◎◎◎◎◎◎◎◎◎◎◎◎◎◎◎◎◎◎◎◎◎◎○○○○○○○○------˖˖˖˖˖˖░░░░░▒▒▒▒▒▒▓▓▓▓▓██
██▓▓▓▓▓▓▒▒▒▒▒░░░░░˖˖˖˖˖˖------○○○○○○◎◎◎◎◎◎◎◎◎◉◉◉◉◉◉◉◉◉◉◉◎◎◎◎◎◎◎◎◎○○○○○○------˖˖˖˖˖˖░░░░░▒▒▒▒▒▓▓▓▓▓▓█
██▓▓▓▓▓▒▒▒▒▒░░░░░░˖˖˖˖˖------○○○○○○◎◎◎◎◎◎◉◉◉◉◉◉◉◉◉◉◉◉◉◉◉◉◉◉◉◎◎◎◎◎◎○○○○○○------˖˖˖˖˖░░░░░░▒▒▒▒▒▓▓▓▓▓█
██▓▓▓▓▓▒▒▒▒▒░░░░░˖˖˖˖˖------○○○○○◎◎◎◎◎◎◉◉◉◉◉◉◉◉◉◉◉●◉◉◉◉◉◉◉◉◉◉◉◎◎◎◎◎◎○○○○○------˖˖˖˖˖░░░░░▒▒▒▒▒▓▓▓▓▓█
█▓▓▓▓▓▒▒▒▒▒░░░░░˖˖˖˖˖˖-----○○○○○◎◎◎◎◎◎◉◉◉◉◉◉●●●●●●●●●●●●●◉◉◉◉◉◉◎◎◎◎◎◎○○○○○-----˖˖˖˖˖˖░░░░░▒▒▒▒▒▓▓▓▓▓
█▓▓▓▓▓▒▒▒▒▒░░░░░˖˖˖˖˖-----○○○○○◎◎◎◎◎◎◉◉◉◉◉●●●●●●●●●●●●●●●●●◉◉◉◉◉◎◎◎◎◎◎○○○○○-----˖˖˖˖˖░░░░░▒▒▒▒▒▓▓▓▓▓
█▓▓▓▓▓▒▒▒▒▒░░░░░˖˖˖˖˖-----○○○○○◎◎◎◎◎◉◉◉◉◉●●●●●●●●●●●●●●●●●●●◉◉◉◉◉◎◎◎◎◎○○○○○-----˖˖˖˖˖░░░░░▒▒▒▒▒▓▓▓▓▓
█▓▓▓▓▓▒▒▒▒▒░░░░░˖˖˖˖˖-----○○○○○◎◎◎◎◎◉◉◉◉◉●●●●●●●●●●●●●●●●●●●◉◉◉◉◉◎◎◎◎◎○○○○○-----˖˖˖˖˖░░░░░▒▒▒▒▒▓▓▓▓▓
▓▓▓▓▓▓▒▒▒▒▒░░░░˖˖˖˖˖------○○○○◎◎◎◎◎◉◉◉◉◉●●●●●●●●●●-●●●●●●●●●●◉◉◉◉◉◎◎◎◎◎○○○○------˖˖˖˖˖░░░░▒▒▒▒▒▓▓▓▓▓
█▓▓▓▓▓▒▒▒▒▒░░░░░˖˖˖˖˖-----○○○○○◎◎◎◎◎◉◉◉◉◉●●●●●●●●●●●●●●●●●●●◉◉◉◉◉◎◎◎◎◎○○○○○-----˖˖˖˖˖░░░░░▒▒▒▒▒▓▓▓▓▓
█▓▓▓▓▓▒▒▒▒▒░░░░░˖˖˖˖˖-----○○○○○◎◎◎◎◎◉◉◉◉◉●●●●●●●●●●●●●●●●●●●◉◉◉◉◉◎◎◎◎◎○○○○○-----˖˖˖˖˖░░░░░▒▒▒▒▒▓▓▓▓▓
█▓▓▓▓▓▒▒▒▒▒░░░░░˖˖˖˖˖-----○○○○○◎◎◎◎◎◎◉◉◉◉◉●●●●●●●●●●●●●●●●●◉◉◉◉◉◎◎◎◎◎◎○○○○○-----˖˖˖˖˖░░░░░▒▒▒▒▒▓▓▓▓▓
█▓▓▓▓▓▒▒▒▒▒░░░░░˖˖˖˖˖˖-----○○○○○◎◎◎◎◎◎◉◉◉◉◉◉●●●●●●●●●●●●●◉◉◉◉◉◉◎◎◎◎◎◎○○○○○-----˖˖˖˖˖˖░░░░░▒▒▒▒▒▓▓▓▓▓
██▓▓▓▓▓▒▒▒▒▒░░░░░˖˖˖˖˖------○○○○○◎◎◎◎◎◎◉◉◉◉◉◉◉◉◉◉◉●◉◉◉◉◉◉◉◉◉◉◉◎◎◎◎◎◎○○○○○------˖˖˖˖˖░░░░░▒▒▒▒▒▓▓▓▓▓█
██▓▓▓▓▓▒▒▒▒▒░░░░░░˖˖˖˖˖------○○○○○○◎◎◎◎◎◎◉◉◉◉◉◉◉◉◉◉◉◉◉◉◉◉◉◉◉◎◎◎◎◎◎○○○○○○------˖˖˖˖˖░░░░░░▒▒▒▒▒▓▓▓▓▓█
██▓▓▓▓▓▓▒▒▒▒▒░░░░░˖˖˖˖˖˖------○○○○○○◎◎◎◎◎◎◎◎◎◉◉◉◉◉◉◉◉◉◉◉◎◎◎◎◎◎◎◎◎○○○○○○------˖˖˖˖˖˖░░░░░▒▒▒▒▒▓▓▓▓▓▓█
███▓▓▓▓▓▒▒▒▒▒▒░░░░░˖˖˖˖˖˖------○○○○○○○○◎◎◎◎◎◎◎◎◎◎◎◎◎◎◎◎◎◎◎◎◎◎◎○○○○○○○○------˖˖˖˖˖˖░░░░░▒▒▒▒▒▒▓▓▓▓▓██
████▓▓▓▓▓▒▒▒▒▒▒░░░░░˖˖˖˖˖˖-------○○○○○○○○○◎◎◎◎◎◎◎◎◎◎◎◎◎◎◎◎◎○○○○○○○○○-------˖˖˖˖˖˖░░░░░▒▒▒▒▒▒▓▓▓▓▓███
█████▓▓▓▓▓▒▒▒▒▒▒░░░░░░˖˖˖˖˖˖-------○○○○○○○○○○○○○○○◎○○○○○○○○○○○○○○○-------˖˖˖˖˖˖░░░░░░▒▒▒▒▒▒▓▓▓▓▓████
██████▓▓▓▓▓▒▒▒▒▒▒░░░░░░˖˖˖˖˖˖˖---------○○○○○○○○○○○○○○○○○○○○○○○---------˖˖˖˖˖˖˖░░░░░░▒▒▒▒▒▒▓▓▓▓▓█████
███████▓▓▓▓▓▒▒▒▒▒▒▒░░░░░░˖˖˖˖˖˖˖-----------○○○○○○○○○○○○○○○-----------˖˖˖˖˖˖˖░░░░░░▒▒▒▒▒▒▒▓▓▓▓▓██████
████████▓▓▓▓▓▓▒▒▒▒▒▒░░░░░░░˖˖˖˖˖˖˖˖˖-----------------------------˖˖˖˖˖˖˖˖˖░░░░░░░▒▒▒▒▒▒▓▓▓▓▓▓███████
█████████▓▓▓▓▓▓▒▒▒▒▒▒▒░░░░░░░░˖˖˖˖˖˖˖˖˖˖---------------------˖˖˖˖˖˖˖˖˖˖░░░░░░░░▒▒▒▒▒▒▒▓▓▓▓▓▓████████
███████████▓▓▓▓▓▓▒▒▒▒▒▒▒░░░░░░░░˖˖˖˖˖˖˖˖˖˖˖˖˖˖˖˖˖˖-˖˖˖˖˖˖˖˖˖˖˖˖˖˖˖˖˖˖░░░░░░░░▒▒▒▒▒▒▒▓▓▓▓▓▓██████████
████████████▓▓▓▓▓▓▓▒▒▒▒▒▒▒▒░░░░░░░░░˖˖˖˖˖˖˖˖˖˖˖˖˖˖˖˖˖˖˖˖˖˖˖˖˖˖˖˖˖░░░░░░░░░▒▒▒▒▒▒▒▒▓▓▓▓▓▓▓███████████
██████████████▓▓▓▓▓▓▓▒▒▒▒▒▒▒▒░░░░░░░░░░░░░˖˖˖˖˖˖˖˖˖˖˖˖˖˖˖˖˖░░░░░░░░░░░░░▒▒▒▒▒▒▒▒▓▓▓▓▓▓▓█████████████
████████████████▓▓▓▓▓▓▓▓▒▒▒▒▒▒▒▒▒░░░░░░░░░░░░░░░░░░░░░░░░░░░░░░░░░░░▒▒▒▒▒▒▒▒▒▓▓▓▓▓▓▓▓███████████████
██████████████████▓▓▓▓▓▓▓▓▒▒▒▒▒▒▒▒▒▒▒▒░░░░░░░░░░░░░░░░░░░░░░░░░▒▒▒▒▒▒▒▒▒▒▒▒▓▓▓▓▓▓▓▓█████████████████
█████████████████████▓▓▓▓▓▓▓▓▓▒▒▒▒▒▒▒▒▒▒▒▒▒▒▒▒▒▒▒▒▒▒▒▒▒▒▒▒▒▒▒▒▒▒▒▒▒▒▒▒▒▓▓▓▓▓▓▓▓▓████████████████████
███████████████████████▓▓▓▓▓▓▓▓▓▓▓▒▒▒▒▒▒▒▒▒▒▒▒▒▒▒▒▒▒▒▒▒▒▒▒▒▒▒▒▒▒▒▒▒▓▓▓▓▓▓▓▓▓▓▓██████████████████████
███████████████████████████▓▓▓▓▓▓▓▓▓▓▓▓▓▓▒▒▒▒▒▒▒▒▒▒▒▒▒▒▒▒▒▒▒▓▓▓▓▓▓▓▓▓▓▓▓▓▓██████████████████████████
███████████████████████████████▓▓▓▓▓▓▓▓▓▓▓▓▓▓▓▓▓▓▓▓▓▓▓▓▓▓▓▓▓▓▓▓▓▓▓▓▓▓▓██████████████████████████████
████████████████████████████████████▓▓▓▓▓▓▓▓▓▓▓▓▓▓▓▓▓▓▓▓▓▓▓▓▓▓▓▓▓███████████████████████████████████"
`;

exports[`ellipse as a conic 1`] = `
"████████████████████████████████████████████████████████████████████████████████████████████████████
████████████████████████████████████████████████████████████████████████████████████████████████████
████████████████████████████████████████████████████████████████████████████████████████████████████
████████████████████████████████████████████████████████████████████████████████████████████████████
████████████████████████████████████████████████████████████████████████████████████████████████████
████████████████████████████████████████████████████████████████████████████████████████████████████
████████████████████████████████████████████████████████████████████████████████████████████████████
████████████████████████████████████████████████████████████████████████████████████████████████████
████████████████████████████████████████████████████████████████████████████████████████████████████
████████████████████████████████████████████████████████████████████████████████████████████████████
████████████████████████████████████████████████████████████████████████████████████████████████████
██████████████████████████████▓▓▓▓▓▓▓▓▓▓▓▓▓▓▓▓▓▓▓▓▓▓▓▓▓▓▓▓▓▓▓▓▓▓▓▓▓▓▓▓▓█████████████████████████████
███████████████████████▓▓▓▓▓▓▓▓▓▓▓▓▓▓▓▓▓▓▓▓▓▓▓▓▓▓▓▓▓▓▓▓▓▓▓▓▓▓▓▓▓▓▓▓▓▓▓▓▓▓▓▓▓▓▓██████████████████████
██████████████████▓▓▓▓▓▓▓▓▓▓▓▓▓▓▓▓▓▓▒▒▒▒▒▒▒▒▒▒▒▒▒▒▒▒▒▒▒▒▒▒▒▒▒▒▒▒▒▓▓▓▓▓▓▓▓▓▓▓▓▓▓▓▓▓▓█████████████████
██████████████▓▓▓▓▓▓▓▓▓▓▓▓▓▒▒▒▒▒▒▒▒▒▒▒▒▒▒▒▒▒▒▒▒▒▒▒▒▒▒▒▒▒▒▒▒▒▒▒▒▒▒▒▒▒▒▒▒▒▒▒▓▓▓▓▓▓▓▓▓▓▓▓▓█████████████
███████████▓▓▓▓▓▓▓▓▓▓▒▒▒▒▒▒▒▒▒▒▒▒▒▒▒▒▒▒▒▒▒▒▒▒▒▒▒▒▒▒▒▒▒▒▒▒▒▒▒▒▒▒▒▒▒▒▒▒▒▒▒▒▒▒▒▒▒▒▒▓▓▓▓▓▓▓▓▓▓██████████
█████████▓▓▓▓▓▓▓▓▒▒▒▒▒▒▒▒▒▒▒▒▒▒░░░░░░░░░░░░░░░░░░░░░░░░░░░░░░░░░░░░░░░▒▒▒▒▒▒▒▒▒▒▒▒▒▒▓▓▓▓▓▓▓▓████████
███████▓▓▓▓▓▓▓▒▒▒▒▒▒▒▒▒▒▒░░░░░░░░░░░░░░░░░░░░░░░░░░░░░░░░░░░░░░░░░░░░░░░░░░░▒▒▒▒▒▒▒▒▒▒▒▓▓▓▓▓▓▓██████
█████▓▓▓▓▓▓▓▒▒▒▒▒▒▒▒░░░░░░░░░░░░░░░░░˖˖˖˖˖˖˖˖˖˖˖˖˖˖˖˖˖˖˖˖˖˖˖˖˖˖˖░░░░░░░░░░░░░░░░░▒▒▒▒▒▒▒▒▓▓▓▓▓▓▓████
████▓▓▓▓▓▓▒▒▒▒▒▒▒░░░░░░░░░░░˖˖˖˖˖˖˖˖˖˖˖˖˖˖˖˖˖˖˖˖˖˖˖˖˖˖˖˖˖˖˖˖˖˖˖˖˖˖˖˖˖˖˖˖˖░░░░░░░░░░░▒▒▒▒▒▒▒▓▓▓▓▓▓███
███▓▓▓▓▓▒▒▒▒▒▒▒░░░░░░░░˖˖˖˖˖˖˖˖˖˖˖˖˖˖˖˖˖˖˖˖˖˖˖˖˖˖˖-˖˖˖˖˖˖˖˖˖˖˖˖˖˖˖˖˖˖˖˖˖˖˖˖˖˖˖░░░░░░░░▒▒▒▒▒▒▒▓▓▓▓▓██
██▓▓▓▓▓▒▒▒▒▒▒░░░░░░░˖˖˖˖˖˖˖˖˖˖˖˖-------------------------------------˖˖˖˖˖˖˖˖˖˖˖˖░░░░░░░▒▒▒▒▒▒▓▓▓▓▓█
█▓▓▓▓▓▓▒▒▒▒▒░░░░░░˖˖˖˖˖˖˖˖-------------------------------------------------˖˖˖˖˖˖˖˖░░░░░░▒▒▒▒▒▓▓▓▓▓▓
█▓▓▓▓▓▒▒▒▒▒░░░░░˖˖˖˖˖˖˖---------------○○○○○○○○○○○○○○○○○○○○○○○○○---------------˖˖˖˖˖˖˖░░░░░▒▒▒▒▒▓▓▓▓▓
█▓▓▓▓▓▒▒▒▒▒░░░░░˖˖˖˖˖---------○○○○○○○○○○○○○○○○○○○○○○○○○○○○○○○○○○○○○○○○○---------˖˖˖˖˖░░░░░▒▒▒▒▒▓▓▓▓▓
░░░░▓░▒░▒░˖˖˖˖˖˖˖˖˖˖-----○○○-○-◎◎◎◎◉◉◉◉◉●●●●●●●●●●-●●●●●●●●●●◉◉◉◉◉◎◎◎◎-○-○○○-----˖˖˖˖˖˖˖˖˖˖░▒░▒░▓░░░
█▓▓▓▓▓▒▒▒▒▒░░░░░˖˖˖˖˖---------○○○○○○○○○○○○○○○○○○○○○○○○○○○○○○○○○○○○○○○○○---------˖˖˖˖˖░░░░░▒▒▒▒▒▓▓▓▓▓
█▓▓▓▓▓▒▒▒▒▒░░░░░˖˖˖˖˖˖˖---------------○○○○○○○○○○○○○○○○○○○○○○○○○---------------˖˖˖˖˖˖˖░░░░░▒▒▒▒▒▓▓▓▓▓
█▓▓▓▓▓▓▒▒▒▒▒░░░░░░˖˖˖˖˖˖˖˖-------------------------------------------------˖˖˖˖˖˖˖˖░░░░░░▒▒▒▒▒▓▓▓▓▓▓
██▓▓▓▓▓▒▒▒▒▒▒░░░░░░░˖˖˖˖˖˖˖˖˖˖˖˖-------------------------------------˖˖˖˖˖˖˖˖˖˖˖˖░░░░░░░▒▒▒▒▒▒▓▓▓▓▓█
███▓▓▓▓▓▒▒▒▒▒▒▒░░░░░░░░˖˖˖˖˖˖˖˖˖˖˖˖˖˖˖˖˖˖˖˖˖˖˖˖˖˖˖-˖˖˖˖˖˖˖˖˖˖˖˖˖˖˖˖˖˖˖˖˖˖˖˖˖˖˖░░░░░░░░▒▒▒▒▒▒▒▓▓▓▓▓██
████▓▓▓▓▓▓▒▒▒▒▒▒▒░░░░░░░░░░░˖˖˖˖˖˖˖˖˖˖˖˖˖˖˖˖˖˖˖˖˖˖˖˖˖˖˖˖˖˖˖˖˖˖˖˖˖˖˖˖˖˖˖˖˖░░░░░░░░░░░▒▒▒▒▒▒▒▓▓▓▓▓▓███
█████▓▓▓▓▓▓▓▒▒▒▒▒▒▒▒░░░░░░░░░░░░░░░░░˖˖˖˖˖˖˖˖˖˖˖˖˖˖˖˖˖˖˖˖˖˖˖˖˖˖˖░░░░░░░░░░░░░░░░░▒▒▒▒▒▒▒▒▓▓▓▓▓▓▓████
███████▓▓▓▓▓▓▓▒▒▒▒▒▒▒▒▒▒▒░░░░░░░░░░░░░░░░░░░░░░░░░░░░░░░░░░░░░░░░░░░░░░░░░░░▒▒▒▒▒▒▒▒▒▒▒▓▓▓▓▓▓▓██████
█████████▓▓▓▓▓▓▓▓▒▒▒▒▒▒▒▒▒▒▒▒▒▒░░░░░░░░░░░░░░░░░░░░░░░░░░░░░░░░░░░░░░░▒▒▒▒▒▒▒▒▒▒▒▒▒▒▓▓▓▓▓▓▓▓████████
███████████▓▓▓▓▓▓▓▓▓▓▒▒▒▒▒▒▒▒▒▒▒▒▒▒▒▒▒▒▒▒▒▒▒▒▒▒▒▒▒▒▒▒▒▒▒▒▒▒▒▒▒▒▒▒▒▒▒▒▒▒▒▒▒▒▒▒▒▒▒▓▓▓▓▓▓▓▓▓▓██████████
██████████████▓▓▓▓▓▓▓▓▓▓▓▓▓▒▒▒▒▒▒▒▒▒▒▒▒▒▒▒▒▒▒▒▒▒▒▒▒▒▒▒▒▒▒▒▒▒▒▒▒▒▒▒▒▒▒▒▒▒▒▒▓▓▓▓▓▓▓▓▓▓▓▓▓█████████████
██████████████████▓▓▓▓▓▓▓▓▓▓▓▓▓▓▓▓▓▓▒▒▒▒▒▒▒▒▒▒▒▒▒▒▒▒▒▒▒▒▒▒▒▒▒▒▒▒▒▓▓▓▓▓▓▓▓▓▓▓▓▓▓▓▓▓▓█████████████████
███████████████████████▓▓▓▓▓▓▓▓▓▓▓▓▓▓▓▓▓▓▓▓▓▓▓▓▓▓▓▓▓▓▓▓▓▓▓▓▓▓▓▓▓▓▓▓▓▓▓▓▓▓▓▓▓▓▓██████████████████████
██████████████████████████████▓▓▓▓▓▓▓▓▓▓▓▓▓▓▓▓▓▓▓▓▓▓▓▓▓▓▓▓▓▓▓▓▓▓▓▓▓▓▓▓▓█████████████████████████████
████████████████████████████████████████████████████████████████████████████████████████████████████
████████████████████████████████████████████████████████████████████████████████████████████████████
████████████████████████████████████████████████████████████████████████████████████████████████████
████████████████████████████████████████████████████████████████████████████████████████████████████
████████████████████████████████████████████████████████████████████████████████████████████████████
████████████████████████████████████████████████████████████████████████████████████████████████████
████████████████████████████████████████████████████████████████████████████████████████████████████
████████████████████████████████████████████████████████████████████████████████████████████████████
████████████████████████████████████████████████████████████████████████████████████████████████████
████████████████████████████████████████████████████████████████████████████████████████████████████"
`;

exports[`generic ellipse as a conic 1`] = `
"████████████████████████████████████████████████████████████████████████████████████████████████████
████████████████████████████████████████████████████████████████████████████████████████████████████
████████████████████████████████████████████████████████████████████████████████████████████████████
████████████████████████████████████████████████████████████████████████████████████████████████████
████████████████████████████████████████████████████████████████████████████████████████████████████
████████████████████████████████████████████████████████████████████████████████████████████████████
████████████████████████████████████████████████████████████████████████████████████████████████████
████████████████████████████████████████████████████████████████████████████████████████████████████
████████████████████████████████████████████████████████████████████████████████████████████████████
████████████████████████████████████████████████████████████████████████████████████████████████████
████████████████████████████████▓▓▓▓▓▓▓▓▓▓▓▓▓▓▓▓▓▓▓▓▓▓▓▓▓▓▓▓▓▓▓▓▓▓▓▓▓▓██████████████████████████████
████████████████████▓▓▓▓▓▓▓▓▓▓▓▓▓▓▓▓▓▓▓▓▓▓▓▓▓▓▓▓▓▓▓▓▓▓▓▓▓▓▓▓▓▓▓▓▓▓▓▓▓▓▓▓▓▓▓▓▓▓▓▓▓▓██████████████████
████████████▓▓▓▓▓▓▓▓▓▓▓▓▓▓▓▓▓▓▓▓▓▓▓▓▓▓▓▓▓▓▓▓▓▓▓▒▒▒▒▒▒▒▒▓▓▓▓▓▓▓▓▓▓▓▓▓▓▓▓▓▓▓▓▓▓▓▓▓▓▓▓▓▓▓▓▓▓███████████
███████▓▓▓▓▓▓▓▓▓▓▓▓▓▓▓▓▓▓▒▒▒▒▒▒▒▒▒▒▒▒▒▒▒▒▒▒▒▒▒▒▒▒▒▒▒▒▒▒▒▒▒▒▒▒▒▒▒▒▒▒▒▒▒▒▒▒▒▒▒▓▓▓▓▓▓▓▓▓▓▓▓▓▓▓▓▓▓██████
███▓▓▓▓▓▓▓▓▓▓▓▓▓▒▒▒▒▒▒▒▒▒▒▒▒▒▒▒▒▒▒▒▒▒▒▒▒▒▒▒▒▒▒▒▒▒▒▒▒▒▒▒▒▒▒▒▒▒▒▒▒▒▒▒▒▒▒▒▒▒▒▒▒▒▒▒▒▒▒▒▒▒▓▓▓▓▓▓▓▓▓▓▓▓▓██
▓▓▓▓▓▓▓▓▓▓▓▒▒▒▒▒▒▒▒▒▒▒▒▒▒▒▒▒▒▒▒▒░░░░░░░░░░░░░░░░░░░░░░░░░░░░░░░░░░░░░▒▒▒▒▒▒▒▒▒▒▒▒▒▒▒▒▒▒▒▒▒▒▓▓▓▓▓▓▓▓▓
▓▓▓▓▓▓▒▒▒▒▒▒▒▒▒▒▒▒▒▒▒░░░░░░░░░░░░░░░░░░░░░░░░░░░░░░░░░░░░░░░░░░░░░░░░░░░░░░░░░░░░▒▒▒▒▒▒▒▒▒▒▒▒▒▒▓▓▓▓▓
▓▓▓▒▒▒▒▒▒▒▒▒▒▒░░░░░░░░░░░░░░░░░░░░░░░░░░░░░░░░░˖˖˖˖˖˖˖░░░░░░░░░░░░░░░░░░░░░░░░░░░░░░░░░▒▒▒▒▒▒▒▒▒▒▒▓▓
▓▒▒▒▒▒▒▒▒▒░░░░░░░░░░░░░░░░˖˖˖˖˖˖˖˖˖˖˖˖˖˖˖˖˖˖˖˖˖˖˖˖˖˖˖˖˖˖˖˖˖˖˖˖˖˖˖˖˖˖˖˖˖˖˖˖˖░░░░░░░░░░░░░░░░░▒▒▒▒▒▒▒▒
▒▒▒▒▒▒░░░░░░░░░░░░˖˖˖˖˖˖˖˖˖˖˖˖˖˖˖˖˖˖˖˖˖˖˖˖˖˖˖˖˖˖˖˖˖˖˖˖˖˖˖˖˖˖˖˖˖˖˖˖˖˖˖˖˖˖˖˖˖˖˖˖˖˖˖˖˖˖░░░░░░░░░░░▒▒▒▒▒
▒▒▒▒░░░░░░░░░˖˖˖˖˖˖˖˖˖˖˖˖˖˖˖˖˖˖˖˖-----------------------------------˖˖˖˖˖˖˖˖˖˖˖˖˖˖˖˖˖˖˖˖˖░░░░░░░░▒▒▒
▒▒▒░░░░░░˖˖˖˖˖˖˖˖˖˖˖˖˖---------------------------------------------------------˖˖˖˖˖˖˖˖˖˖˖˖˖░░░░░░░▒
▒▒░░░░░˖˖˖˖˖˖˖˖˖-------------------------------○○○○○○○-------------------------------˖˖˖˖˖˖˖˖˖░░░░░░
▒░░░░░˖˖˖˖˖˖---------------○○○○○○○○○○○○○○○○○○○○○○○○○○○○○○○○○○○○○○○○○○○○○○○---------------˖˖˖˖˖˖░░░░░
▒░░░░░˖˖˖˖˖--------○○○○○○○○○○○○○○○○○○○○○○○○○○○○○○○○○○○○○○○○○○○○○○○○○○○○○○○○○○○○○○○--------˖˖˖˖˖˖░░░░
▒░░░░░˖˖˖˖˖---------○○○○○○○○○○○○○○○○○○○○○○○○○○○○○○○○○○○○○○○○○○○○○○○○○○○○○○○○○○○○○○--------˖˖˖˖˖˖░░░░
▒░░░░░˖˖˖˖˖˖˖--------------○○○○○○○○○○○○○○○○○○○○○○○○○○○○○○○○○○○○○○○○○○○○○○○---------------˖˖˖˖˖˖░░░░░
▒▒░░░░░˖˖˖˖˖˖˖˖˖---------------------------------------------------------------------˖˖˖˖˖˖˖˖˖░░░░░░
▒▒▒░░░░░░░˖˖˖˖˖˖˖˖˖˖˖˖---------------------------------------------------------˖˖˖˖˖˖˖˖˖˖˖˖˖░░░░░░░▒
▒▒▒▒░░░░░░░░░˖˖˖˖˖˖˖˖˖˖˖˖˖˖˖˖˖˖˖˖˖----------------------------------˖˖˖˖˖˖˖˖˖˖˖˖˖˖˖˖˖˖˖˖░░░░░░░░░▒▒▒
▒▒▒▒▒▒▒░░░░░░░░░░░˖˖˖˖˖˖˖˖˖˖˖˖˖˖˖˖˖˖˖˖˖˖˖˖˖˖˖˖˖˖˖˖˖˖˖˖˖˖˖˖˖˖˖˖˖˖˖˖˖˖˖˖˖˖˖˖˖˖˖˖˖˖˖˖˖░░░░░░░░░░░░▒▒▒▒▒
▓▒▒▒▒▒▒▒▒▒░░░░░░░░░░░░░░░░˖˖˖˖˖˖˖˖˖˖˖˖˖˖˖˖˖˖˖˖˖˖˖˖˖˖˖˖˖˖˖˖˖˖˖˖˖˖˖˖˖˖˖˖˖˖˖˖˖░░░░░░░░░░░░░░░░░▒▒▒▒▒▒▒▒
▓▓▓▓▒▒▒▒▒▒▒▒▒▒░░░░░░░░░░░░░░░░░░░░░░░░░░░░░░░░░░░░░░░░░░░░░░░░░░░░░░░░░░░░░░░░░░░░░░░░░▒▒▒▒▒▒▒▒▒▒▒▓▓
▓▓▓▓▓▓▓▒▒▒▒▒▒▒▒▒▒▒▒▒▒░░░░░░░░░░░░░░░░░░░░░░░░░░░░░░░░░░░░░░░░░░░░░░░░░░░░░░░░░░░▒▒▒▒▒▒▒▒▒▒▒▒▒▒▒▓▓▓▓▓
█▓▓▓▓▓▓▓▓▓▓▒▒▒▒▒▒▒▒▒▒▒▒▒▒▒▒▒▒▒▒▒▒░░░░░░░░░░░░░░░░░░░░░░░░░░░░░░░░░░░▒▒▒▒▒▒▒▒▒▒▒▒▒▒▒▒▒▒▒▒▒▒▒▓▓▓▓▓▓▓▓▓
████▓▓▓▓▓▓▓▓▓▓▓▓▓▒▒▒▒▒▒▒▒▒▒▒▒▒▒▒▒▒▒▒▒▒▒▒▒▒▒▒▒▒▒▒▒▒▒▒▒▒▒▒▒▒▒▒▒▒▒▒▒▒▒▒▒▒▒▒▒▒▒▒▒▒▒▒▒▒▒▒▒▓▓▓▓▓▓▓▓▓▓▓▓▓██
███████▓▓▓▓▓▓▓▓▓▓▓▓▓▓▓▓▓▓▓▒▒▒▒▒▒▒▒▒▒▒▒▒▒▒▒▒▒▒▒▒▒▒▒▒▒▒▒▒▒▒▒▒▒▒▒▒▒▒▒▒▒▒▒▒▒▒▒▒▒▓▓▓▓▓▓▓▓▓▓▓▓▓▓▓▓▓▓██████
█████████████▓▓▓▓▓▓▓▓▓▓▓▓▓▓▓▓▓▓▓▓▓▓▓▓▓▓▓▓▓▓▓▓▓▓▓▓▓▓▓▓▓▓▓▓▓▓▓▓▓▓▓▓▓▓▓▓▓▓▓▓▓▓▓▓▓▓▓▓▓▓▓▓▓▓▓▓███████████
████████████████████▓▓▓▓▓▓▓▓▓▓▓▓▓▓▓▓▓▓▓▓▓▓▓▓▓▓▓▓▓▓▓▓▓▓▓▓▓▓▓▓▓▓▓▓▓▓▓▓▓▓▓▓▓▓▓▓▓▓▓▓▓███████████████████
████████████████████████████████▓▓▓▓▓▓▓▓▓▓▓▓▓▓▓▓▓▓▓▓▓▓▓▓▓▓▓▓▓▓▓▓▓▓▓▓▓███████████████████████████████
████████████████████████████████████████████████████████████████████████████████████████████████████
████████████████████████████████████████████████████████████████████████████████████████████████████
████████████████████████████████████████████████████████████████████████████████████████████████████
████████████████████████████████████████████████████████████████████████████████████████████████████
████████████████████████████████████████████████████████████████████████████████████████████████████
████████████████████████████████████████████████████████████████████████████████████████████████████
████████████████████████████████████████████████████████████████████████████████████████████████████
████████████████████████████████████████████████████████████████████████████████████████████████████
████████████████████████████████████████████████████████████████████████████████████████████████████
████████████████████████████████████████████████████████████████████████████████████████████████████"
`;

exports[`rotated ellipse 1`] = `
"████████████████████████████████████████████████████████████████████████████████████████████████████
████████████████████████████████████████████████████████████████████████████████████████████████████
████████████████████████████████████████████████████████████████████████████████████████████████████
████████████████████████████████████████████████████████████████████████████████████████████████████
████████████████████████████████████████████████████████████████████████████████████████████████████
████████████████████████████████████████████████████████████████████████████████████████████████████
████████████████████████████████████████████████████████████████████████████████████████████████████
████████████████████████████████████████████████████████████████████████████████████████████████████
████████████████████████████████████████████████████████████████████████████████████████████████████
████████████████████████████████████████████████████████████████████████████████████████████████████
███████████████████████████████████████████████▓▓▓▓▓▓▓▓▓▓▓▓▓▓▓▓▓▓▓▓▓▓▓▓▓▓▓▓█████████████████████████
███████████████████████████████████████▓▓▓▓▓▓▓▓▓▓▓▓▓▓▓▓▓▓▓▓▓▓▓▓▓▓▓▓▓▓▓▓▓▓▓▓▓▓▓▓▓████████████████████
██████████████████████████████████▓▓▓▓▓▓▓▓▓▓▓▓▓▓▓▓▓▓▓▒▒▒▒▒▒▒▒▒▒▒▒▒▒▒▒▒▓▓▓▓▓▓▓▓▓▓▓▓▓█████████████████
█████████████████████████████▓▓▓▓▓▓▓▓▓▓▓▓▓▓▒▒▒▒▒▒▒▒▒▒▒▒▒▒▒▒▒▒▒▒▒▒▒▒▒▒▒▒▒▒▒▒▒▒▓▓▓▓▓▓▓▓▓██████████████
█████████████████████████▓▓▓▓▓▓▓▓▓▓▓▓▒▒▒▒▒▒▒▒▒▒▒▒▒▒▒▒▒▒▒▒▒▒▒▒▒▒▒▒▒▒▒▒▒▒▒▒▒▒▒▒▒▒▒▓▓▓▓▓▓▓▓████████████
██████████████████████▓▓▓▓▓▓▓▓▓▓▒▒▒▒▒▒▒▒▒▒▒▒▒▒▒▒░░░░░░░░░░░░░░░░░░░░░░░░░▒▒▒▒▒▒▒▒▒▒▓▓▓▓▓▓▓██████████
███████████████████▓▓▓▓▓▓▓▓▓▒▒▒▒▒▒▒▒▒▒▒▒▒░░░░░░░░░░░░░░░░░░░░░░░░░░░░░░░░░░░░▒▒▒▒▒▒▒▒▓▓▓▓▓▓█████████
█████████████████▓▓▓▓▓▓▓▓▒▒▒▒▒▒▒▒▒▒▒░░░░░░░░░░░░░░░░░░˖˖˖˖˖˖˖˖˖˖˖˖˖˖˖░░░░░░░░░░░▒▒▒▒▒▒▒▓▓▓▓▓████████
███████████████▓▓▓▓▓▓▓▒▒▒▒▒▒▒▒▒▒░░░░░░░░░░░░░˖˖˖˖˖˖˖˖˖˖˖˖˖˖˖˖˖˖˖˖˖˖˖˖˖˖˖˖˖░░░░░░░░▒▒▒▒▒▒▓▓▓▓▓███████
█████████████▓▓▓▓▓▓▓▒▒▒▒▒▒▒▒░░░░░░░░░░░˖˖˖˖˖˖˖˖˖˖˖˖˖˖˖˖˖˖˖˖˖˖˖˖˖˖˖˖˖˖˖˖˖˖˖˖˖˖░░░░░░▒▒▒▒▒▒▓▓▓▓▓██████
███████████▓▓▓▓▓▓▓▒▒▒▒▒▒▒░░░░░░░░░░˖˖˖˖˖˖˖˖˖˖˖˖˖˖----------------------˖˖˖˖˖˖˖˖░░░░░▒▒▒▒▒▓▓▓▓▓██████
██████████▓▓▓▓▓▓▒▒▒▒▒▒▒░░░░░░░░˖˖˖˖˖˖˖˖˖˖˖˖-------------------------------˖˖˖˖˖░░░░░░▒▒▒▒▒▓▓▓▓▓█████
█████████▓▓▓▓▓▓▒▒▒▒▒▒░░░░░░░˖˖˖˖˖˖˖˖˖˖-----------------○○○○○○○○○○○○○-------˖˖˖˖˖░░░░░▒▒▒▒▒▓▓▓▓▓█████
████████▓▓▓▓▓▓▒▒▒▒▒░░░░░░░˖˖˖˖˖˖˖˖------------○○○○○○○○○○○○○○○○○○○○○○○------˖˖˖˖˖░░░░░▒▒▒▒▒▓▓▓▓▓█████
███████▓▓▓▓▓▓▒▒▒▒▒░░░░░░˖˖˖˖˖˖˖----------○○○○○○○○○○○○○○○○○○○○○○○○○○-------˖˖˖˖˖░░░░░▒▒▒▒▒▓▓▓▓▓▓█████
███████▓▓▓▓▓▒▒▒▒▒░░░░░░˖˖˖˖˖˖--------○○○○○○○○○○○○○●○○○○○○○○○○○○○--------˖˖˖˖˖˖░░░░░░▒▒▒▒▒▓▓▓▓▓██████
██████▓▓▓▓▓▓▒▒▒▒▒░░░░░˖˖˖˖˖-------○○○○○○○○○○○○○○○○○○○○○○○○○○----------˖˖˖˖˖˖˖░░░░░░▒▒▒▒▒▓▓▓▓▓▓██████
██████▓▓▓▓▓▒▒▒▒▒░░░░░˖˖˖˖˖------○○○○○○○○○○○○○○○○○○○○○○○------------˖˖˖˖˖˖˖˖░░░░░░░▒▒▒▒▒▓▓▓▓▓▓███████
██████▓▓▓▓▓▒▒▒▒▒░░░░░˖˖˖˖˖-------○○○○○○○○○○○○○-----------------˖˖˖˖˖˖˖˖˖˖░░░░░░░▒▒▒▒▒▒▓▓▓▓▓▓████████
██████▓▓▓▓▓▒▒▒▒▒░░░░░░˖˖˖˖˖-------------------------------˖˖˖˖˖˖˖˖˖˖˖˖░░░░░░░░▒▒▒▒▒▒▒▓▓▓▓▓▓█████████
███████▓▓▓▓▓▒▒▒▒▒░░░░░˖˖˖˖˖˖˖˖----------------------˖˖˖˖˖˖˖˖˖˖˖˖˖˖░░░░░░░░░░▒▒▒▒▒▒▒▓▓▓▓▓▓▓██████████
███████▓▓▓▓▓▒▒▒▒▒▒░░░░░░˖˖˖˖˖˖˖˖˖˖˖˖˖˖˖˖˖˖˖˖˖˖˖˖˖˖˖˖˖˖˖˖˖˖˖˖˖˖░░░░░░░░░░░▒▒▒▒▒▒▒▒▓▓▓▓▓▓▓████████████
████████▓▓▓▓▓▒▒▒▒▒▒░░░░░░░░˖˖˖˖˖˖˖˖˖˖˖˖˖˖˖˖˖˖˖˖˖˖˖˖˖˖˖˖˖░░░░░░░░░░░░░▒▒▒▒▒▒▒▒▒▒▓▓▓▓▓▓▓██████████████
█████████▓▓▓▓▓▒▒▒▒▒▒▒░░░░░░░░░░░˖˖˖˖˖˖˖˖˖˖˖˖˖˖˖░░░░░░░░░░░░░░░░░░▒▒▒▒▒▒▒▒▒▒▒▓▓▓▓▓▓▓▓████████████████
██████████▓▓▓▓▓▓▒▒▒▒▒▒▒▒░░░░░░░░░░░░░░░░░░░░░░░░░░░░░░░░░░░░▒▒▒▒▒▒▒▒▒▒▒▒▒▓▓▓▓▓▓▓▓▓██████████████████
███████████▓▓▓▓▓▓▓▒▒▒▒▒▒▒▒▒▒░░░░░░░░░░░░░░░░░░░░░░░░░▒▒▒▒▒▒▒▒▒▒▒▒▒▒▒▒▓▓▓▓▓▓▓▓▓▓█████████████████████
█████████████▓▓▓▓▓▓▓▓▒▒▒▒▒▒▒▒▒▒▒▒▒▒▒▒▒▒▒▒▒▒▒▒▒▒▒▒▒▒▒▒▒▒▒▒▒▒▒▒▒▒▒▓▓▓▓▓▓▓▓▓▓▓▓████████████████████████
███████████████▓▓▓▓▓▓▓▓▓▒▒▒▒▒▒▒▒▒▒▒▒▒▒▒▒▒▒▒▒▒▒▒▒▒▒▒▒▒▒▒▒▒▒▓▓▓▓▓▓▓▓▓▓▓▓▓▓████████████████████████████
██████████████████▓▓▓▓▓▓▓▓▓▓▓▓▓▒▒▒▒▒▒▒▒▒▒▒▒▒▒▒▒▒▓▓▓▓▓▓▓▓▓▓▓▓▓▓▓▓▓▓▓█████████████████████████████████
█████████████████████▓▓▓▓▓▓▓▓▓▓▓▓▓▓▓▓▓▓▓▓▓▓▓▓▓▓▓▓▓▓▓▓▓▓▓▓▓▓▓▓▓██████████████████████████████████████
██████████████████████████▓▓▓▓▓▓▓▓▓▓▓▓▓▓▓▓▓▓▓▓▓▓▓▓▓▓▓▓██████████████████████████████████████████████
████████████████████████████████████████████████████████████████████████████████████████████████████
████████████████████████████████████████████████████████████████████████████████████████████████████
████████████████████████████████████████████████████████████████████████████████████████████████████
████████████████████████████████████████████████████████████████████████████████████████████████████
████████████████████████████████████████████████████████████████████████████████████████████████████
████████████████████████████████████████████████████████████████████████████████████████████████████
████████████████████████████████████████████████████████████████████████████████████████████████████
████████████████████████████████████████████████████████████████████████████████████████████████████
████████████████████████████████████████████████████████████████████████████████████████████████████"
`;

exports[`translated ellipse 1`] = `
"████████████████████████████████████████████████████████████████████████████████████████████████████
████████████████████████████████████████████████████████████████████████████████████████████████████
████████████████████████████████████████████████████████████████████████████████████████████████████
████████████████████████████████████████████████████████████████████████████████████████████████████
████████████████████████████████████████████████████████████████████████████████████████████████████
████████████████████████████████████████████████████████████████████████████████████████████████████
█████████████████████████████████████████████████████▓▓▓▓▓▓▓▓▓▓▓▓▓▓▓▓▓▓▓▓▓▓▓▓▓▓▓▓▓▓▓▓▓▓▓████████████
██████████████████████████████████████████████▓▓▓▓▓▓▓▓▓▓▓▓▓▓▓▓▓▓▓▓▓▓▓▓▓▓▓▓▓▓▓▓▓▓▓▓▓▓▓▓▓▓▓▓▓▓▓▓▓█████
██████████████████████████████████████████▓▓▓▓▓▓▓▓▓▓▓▓▓▓▓▓▒▒▒▒▒▒▒▒▒▒▒▒▒▒▒▒▒▒▒▒▒▒▒▒▒▓▓▓▓▓▓▓▓▓▓▓▓▓▓▓▓█
██████████████████████████████████████▓▓▓▓▓▓▓▓▓▓▓▓▒▒▒▒▒▒▒▒▒▒▒▒▒▒▒▒▒▒▒▒▒▒▒▒▒▒▒▒▒▒▒▒▒▒▒▒▒▒▒▒▒▓▓▓▓▓▓▓▓▓
████████████████████████████████████▓▓▓▓▓▓▓▓▓▒▒▒▒▒▒▒▒▒▒▒▒▒▒▒▒▒▒▒▒▒▒▒▒▒░▒▒▒▒▒▒▒▒▒▒▒▒▒▒▒▒▒▒▒▒▒▒▒▒▒▓▓▓▓
█████████████████████████████████▓▓▓▓▓▓▓▓▒▒▒▒▒▒▒▒▒▒▒▒▒░░░░░░░░░░░░░░░░░░░░░░░░░░░░░░░░░▒▒▒▒▒▒▒▒▒▒▒▒▒
███████████████████████████████▓▓▓▓▓▓▓▓▒▒▒▒▒▒▒▒▒░░░░░░░░░░░░░░░░░░░░░░░░░░░░░░░░░░░░░░░░░░░░░▒▒▒▒▒▒▒
██████████████████████████████▓▓▓▓▓▓▒▒▒▒▒▒▒▒░░░░░░░░░░░░░░░˖˖˖˖˖˖˖˖˖˖˖˖˖˖˖˖˖˖˖˖˖˖˖░░░░░░░░░░░░░░░▒▒▒
█████████████████████████████▓▓▓▓▓▓▒▒▒▒▒▒▒░░░░░░░░░░˖˖˖˖˖˖˖˖˖˖˖˖˖˖˖˖˖˖˖˖˖˖˖˖˖˖˖˖˖˖˖˖˖˖˖˖˖░░░░░░░░░░▒
████████████████████████████▓▓▓▓▓▒▒▒▒▒▒░░░░░░░░˖˖˖˖˖˖˖˖˖˖˖˖˖˖˖˖˖˖˖˖˖˖˖-˖˖˖˖˖˖˖˖˖˖˖˖˖˖˖˖˖˖˖˖˖˖˖░░░░░░
███████████████████████████▓▓▓▓▓▒▒▒▒▒▒░░░░░░░˖˖˖˖˖˖˖˖˖˖-------------------------------˖˖˖˖˖˖˖˖˖˖░░░░
██████████████████████████▓▓▓▓▓▒▒▒▒▒▒░░░░░░˖˖˖˖˖˖˖-----------------------------------------˖˖˖˖˖˖˖░░
██████████████████████████▓▓▓▓▓▒▒▒▒▒░░░░░˖˖˖˖˖˖˖------------○○○○○○○○○○○○○○○○○○○○○------------˖˖˖˖˖˖˖
██████████████████████████▓▓▓▓▓▒▒▒▒▒░░░░░˖˖˖˖˖--------○○○○○○○○○○○○○○○○○○○○○○○○○○○○○○○○○--------˖˖˖˖˖
██████▒██████▒███▒░░░█████▓▓▓▓▓▒▒░░░░░░░░˖˖˖˖˖-----○○--◎---◎◉-◉◉◉●●--●●---●◉◉◉◉◉◉◎---◎○○○-○-----˖˖˖˖
██████████████████████████▓▓▓▓▓▒▒▒▒▒░░░░░˖˖˖˖˖--------○○○○○○○○○○○○○○○○○○○○○○○○○○○○○○○○○--------˖˖˖˖˖
██████████████████████████▓▓▓▓▓▒▒▒▒▒░░░░░˖˖˖˖˖˖˖------------○○○○○○○○○○○○○○○○○○○○○------------˖˖˖˖˖˖˖
██████████████████████████▓▓▓▓▓▒▒▒▒▒▒░░░░░░˖˖˖˖˖˖˖----------------------------------------˖˖˖˖˖˖˖˖░░
███████████████████████████▓▓▓▓▓▒▒▒▒▒▒░░░░░░░˖˖˖˖˖˖˖˖˖˖-------------------------------˖˖˖˖˖˖˖˖˖˖░░░░
████████████████████████████▓▓▓▓▓▒▒▒▒▒▒░░░░░░░░˖˖˖˖˖˖˖˖˖˖˖˖˖˖˖˖˖˖˖˖˖˖˖-˖˖˖˖˖˖˖˖˖˖˖˖˖˖˖˖˖˖˖˖˖˖˖░░░░░░
█████████████████████████████▓▓▓▓▓▓▒▒▒▒▒▒▒░░░░░░░░░░˖˖˖˖˖˖˖˖˖˖˖˖˖˖˖˖˖˖˖˖˖˖˖˖˖˖˖˖˖˖˖˖˖˖˖˖˖░░░░░░░░░░▒
██████████████████████████████▓▓▓▓▓▓▒▒▒▒▒▒▒▒░░░░░░░░░░░░░░░˖˖˖˖˖˖˖˖˖˖˖˖˖˖˖˖˖˖˖˖˖˖˖░░░░░░░░░░░░░░░▒▒▒
███████████████████████████████▓▓▓▓▓▓▓▓▒▒▒▒▒▒▒▒▒░░░░░░░░░░░░░░░░░░░░░░░░░░░░░░░░░░░░░░░░░░░░░▒▒▒▒▒▒▒
█████████████████████████████████▓▓▓▓▓▓▓▓▒▒▒▒▒▒▒▒▒▒▒▒▒░░░░░░░░░░░░░░░░░░░░░░░░░░░░░░░░░▒▒▒▒▒▒▒▒▒▒▒▒▒
████████████████████████████████████▓▓▓▓▓▓▓▓▓▒▒▒▒▒▒▒▒▒▒▒▒▒▒▒▒▒▒▒▒▒▒▒▒▒▒▒▒▒▒▒▒▒▒▒▒▒▒▒▒▒▒▒▒▒▒▒▒▒▒▒▓▓▓▓
██████████████████████████████████████▓▓▓▓▓▓▓▓▓▓▓▓▒▒▒▒▒▒▒▒▒▒▒▒▒▒▒▒▒▒▒▒▒▒▒▒▒▒▒▒▒▒▒▒▒▒▒▒▒▒▒▒▒▓▓▓▓▓▓▓▓▓
██████████████████████████████████████████▓▓▓▓▓▓▓▓▓▓▓▓▓▓▓▓▒▒▒▒▒▒▒▒▒▒▒▒▒▒▒▒▒▒▒▒▒▒▒▒▒▓▓▓▓▓▓▓▓▓▓▓▓▓▓▓▓█
██████████████████████████████████████████████▓▓▓▓▓▓▓▓▓▓▓▓▓▓▓▓▓▓▓▓▓▓▓▓▓▓▓▓▓▓▓▓▓▓▓▓▓▓▓▓▓▓▓▓▓▓▓▓▓█████
█████████████████████████████████████████████████████▓▓▓▓▓▓▓▓▓▓▓▓▓▓▓▓▓▓▓▓▓▓▓▓▓▓▓▓▓▓▓▓▓▓▓████████████
████████████████████████████████████████████████████████████████████████████████████████████████████
████████████████████████████████████████████████████████████████████████████████████████████████████
████████████████████████████████████████████████████████████████████████████████████████████████████
████████████████████████████████████████████████████████████████████████████████████████████████████
████████████████████████████████████████████████████████████████████████████████████████████████████
████████████████████████████████████████████████████████████████████████████████████████████████████
████████████████████████████████████████████████████████████████████████████████████████████████████
████████████████████████████████████████████████████████████████████████████████████████████████████
████████████████████████████████████████████████████████████████████████████████████████████████████
████████████████████████████████████████████████████████████████████████████████████████████████████
████████████████████████████████████████████████████████████████████████████████████████████████████
████████████████████████████████████████████████████████████████████████████████████████████████████
████████████████████████████████████████████████████████████████████████████████████████████████████
████████████████████████████████████████████████████████████████████████████████████████████████████
████████████████████████████████████████████████████████████████████████████████████████████████████"
`;

exports[`zoomed in ellipse as a conic 1`] = `
"●●●●●●●●●●●●●●●●●●●●●●●●●●●●●●●●●●●●●●●●●●●●●●●●●●●●●●●●●●●●●●●●●●●●●●●●●●●●●●●●●●●●●●●●●●●●●●●●●●●●
●●●●●●●●●●●●●●●●●●●●●●●●●●●●●●●●●●●●●●●●●●●●●●●●●●●●●●●●●●●●●●●●●●●●●●●●●●●●●●●●●●●●●●●●●●●●●●●●●●●●
●●●●●●●●●●●●●●●●●●●●●●●●●●●●●●●●●●●●●●●●●●●●●●●●●●●●●●●●●●●●●●●●●●●●●●●●●●●●●●●●●●●●●●●●●●●●●●●●●●●●
●●●●●●●●●●●●●●●●●●●●●●●●●●●●●●●●●●●●●●●●●●●●●●●●●●●●●●●●●●●●●●●●●●●●●●●●●●●●●●●●●●●●●●●●●●●●●●●●●●●●
●●●●●●●●●●●●●●●●●●●●●●●●●●●●●●●●●●●●●●●●●●●●●●●●●●●●●●●●●●●●●●●●●●●●●●●●●●●●●●●●●●●●●●●●●●●●●●●●●●●●
●●●●●●●●●●●●●●●●●●●●●●●●●●●●●●●●●●●●●●●●●●●●●●●●●●●●●●●●●●●●●●●●●●●●●●●●●●●●●●●●●●●●●●●●●●●●●●●●●●●●
●●●●●●●●●●●●●●●●●●●●●●●●●●●●●●●●●●●●●●●●●●●●●●●●●●●●●●●●●●●●●●●●●●●●●●●●●●●●●●●●●●●●●●●●●●●●●●●●●●●●
●●●●●●●●●●●●●●●●●●●●●●●●●●●●●●●●●●●●●●●●●●●●●●●●●●●●●●●●●●●●●●●●●●●●●●●●●●●●●●●●●●●●●●●●●●●●●●●●●●●●
●●●●●●●●●●●●●●●●●●●●●●●●●●●●●●●●●●●●●●●●●●●●●●●●●●●●●●●●●●●●●●●●●●●●●●●●●●●●●●●●●●●●●●●●●●●●●●●●●●●●
●●●●●●●●●●●●●●●●●●●●●●●●●●●●●●●●●●●●●●●●●●●●●●●●●●●●●●●●●●●●●●●●●●●●●●●●●●●●●●●●●●●●●●●●●●●●●●●●●●●●
●●●●●●●●●●●●●●●●●●●●●●●●●●●●●●●●●●●◉●●●●●●●●●●●●●●●●●●●●●●●●●●●●●◉●●●●●●●●●●●●●●●●●●●●●●●●●●●●●●●●●●
●●●●●●●●●●●●●●●●●●●●●●●●●●●●●●●●●●●●●●●●●●●●●●●●●●●●●●●●●●●●●●●●●●●●●●●●●●●●●●●●●●●●●●●●●●●●●●●●●●●●
●●●●●●●●●●●●●●●●●●●●●●●●●●●●●●●●●●●●●●●●●●●●●●●●●●●●●●●●●●●●●●●●●●●●●●●●●●●●●●●●●●●●●●●●●●●●●●●●●●●●
●●●●●●●●●●●●●●●●●●●●●●●●●●●●●●●●●●●●●●●●●●●●●●●●●●●●●●●●●●●●●●●●●●●●●●●●●●●●●●●●●●●●●●●●●●●●●●●●●●●●
●●●●●●●●●●●●●●●●●●●●●●●●●●●●●●●●●●●◎●●●●●●●●●●●●●●●●●●●●●●●●●●●●●◎●●●●●●●●●●●●●●●●●●●●●●●●●●●●●●●●●●
●●●●●●●●●●●●●●●●●●●●●●●●●●●●●●●●●●●●●●●●●●●●●●●●●●●●●●●●●●●●●●●●●●●●●●●●●●●●●●●●●●●●●●●●●●●●●●●●●●●●
●●●●●●●●●●●●●●●●●●●●●●●●●●●●●●●●●●●●●●●●●●●●◉◉◉●◉●●●◉●◉◉◉●●●●●●●●●●●●●●●●●●●●●●●●●●●●●●●●●●●●●●●●●●●
●●●●●●●●●●●●●●●●●●●●●●●●●●●●●●●●●●●●●●●●●●◉●●◉●◉◉●●●◉◉●◉●●◉●●●●●●●●●●●●●●●●●●●●●●●●●●●●●●●●●●●●●●●●●
●●●●●●●●●●●●●●●●●●●●●●●●●●●●●●●●●●●●●●●◉◉◉●●◉◎◎●◎◎◎◎◎●◎◎◉●●◉◉◉●●●●●●●●●●●●●●●●●●●●●●●●●●●●●●●●●●●●●●
●●●●●●●●●●●●●●●●●●●●●●●●●●●●●●●●●●●◉●◉●◉●◉●●●●◎●●◎◎◎●●◎●●●●◉●◉●◉●◉●●●●●●●●●●●●●●●●●●●●●●●●●●●●●●●●●●
●●●●●●●●●●●●●●●●●●●●●●●●●●●●●●●●●●●●◉◎●●◎◎◎●●●◎◎◎●●●◎◎◎●●●◎◎◎●●◎◉●●●●●●●●●●●●●●●●●●●●●●●●●●●●●●●●●●●
●●●●●●●●●●●●●●●●●●●●●●●●●●●●●●●●●●◉●●◉●●◎◎●●●●●●●●●●●●●●●●●◎◎●●◉●●◉●●●●●●●●●●●●●●●●●●●●●●●●●●●●●●●●●
●●●●●●●●●●●●●●●●●◉●●●●●●●●●●●●●◉◉●●●◉●●◎●●●○●○○○○○○○○○○○●○●●●◎●●◉●●●◉◉●●●●●●●●●●●●●◉●●●●●●●●●●●●●●●●
●●●●●●●●●●●●●●●●●●●●●●●●●●●●●●●●◉●●●◎◎◎●◎●●●○○○●-----●○○○●●●◎●◎◎◎●●●◉●●●●●●●●●●●●●●●●●●●●●●●●●●●●●●●
●●●●●●●●●●●●●●●●●●●●●●●●●●●●●●●◉◉●◉◉◎◎●●◎○●●○○---------○○●●○◎●●◎◎◉◉●◉◉●●●●●●●●●●●●●●●●●●●●●●●●●●●●●●
●●●●●●●●●●●●●●●●●●●●●●●●●●●●●●●◉●●●◉◎●◎◎●●●●○●---------●○●●●●◎◎●◎◉●●●◉●●●●●●●●●●●●●●●●●●●●●●●●●●●●●●
●●●●●●●●●●●●●●●●●●●●●●●●●●●●●●●◉◉●◉◉◎◎●●◎○●●○○---------○○●●○◎●●◎◎◉◉●◉◉●●●●●●●●●●●●●●●●●●●●●●●●●●●●●●
●●●●●●●●●●●●●●●●●●●●●●●●●●●●●●●●◉●●●◎◎◎●◎●●●○○○●-----●○○○●●●◎●◎◎◎●●●◉●●●●●●●●●●●●●●●●●●●●●●●●●●●●●●●
●●●●●●●●●●●●●●●●●◉●●●●●●●●●●●●●◉◉●●●◉●●◎●●●○●○○○○○○○○○○○●○●●●◎●●◉●●●◉◉●●●●●●●●●●●●●◉●●●●●●●●●●●●●●●●
●●●●●●●●●●●●●●●●●●●●●●●●●●●●●●●●●●◉●●◉●●◎◎●●●●●●●●●●●●●●●●●◎◎●●◉●●◉●●●●●●●●●●●●●●●●●●●●●●●●●●●●●●●●●
●●●●●●●●●●●●●●●●●●●●●●●●●●●●●●●●●●●●◉◎●●◎◎◎●●●◎◎◎●●●◎◎◎●●●◎◎◎●●◎◉●●●●●●●●●●●●●●●●●●●●●●●●●●●●●●●●●●●
●●●●●●●●●●●●●●●●●●●●●●●●●●●●●●●●●●●◉●◉●◉●◉●●●●◎●●◎◎◎●●◎●●●●◉●◉●◉●◉●●●●●●●●●●●●●●●●●●●●●●●●●●●●●●●●●●
●●●●●●●●●●●●●●●●●●●●●●●●●●●●●●●●●●●●●●●◉◉◉●●◉◎◎●◎◎◎◎◎●◎◎◉●●◉◉◉●●●●●●●●●●●●●●●●●●●●●●●●●●●●●●●●●●●●●●
●●●●●●●●●●●●●●●●●●●●●●●●●●●●●●●●●●●●●●●●●●◉●●◉●◉◉●●●◉◉●◉●●◉●●●●●●●●●●●●●●●●●●●●●●●●●●●●●●●●●●●●●●●●●
●●●●●●●●●●●●●●●●●●●●●●●●●●●●●●●●●●●●●●●●●●●●◉◉◉●◉●●●◉●◉◉◉●●●●●●●●●●●●●●●●●●●●●●●●●●●●●●●●●●●●●●●●●●●
●●●●●●●●●●●●●●●●●●●●●●●●●●●●●●●●●●●●●●●●●●●●●●●●●●●●●●●●●●●●●●●●●●●●●●●●●●●●●●●●●●●●●●●●●●●●●●●●●●●●
●●●●●●●●●●●●●●●●●●●●●●●●●●●●●●●●●●●◎●●●●●●●●●●●●●●●●●●●●●●●●●●●●●◎●●●●●●●●●●●●●●●●●●●●●●●●●●●●●●●●●●
●●●●●●●●●●●●●●●●●●●●●●●●●●●●●●●●●●●●●●●●●●●●●●●●●●●●●●●●●●●●●●●●●●●●●●●●●●●●●●●●●●●●●●●●●●●●●●●●●●●●
●●●●●●●●●●●●●●●●●●●●●●●●●●●●●●●●●●●●●●●●●●●●●●●●●●●●●●●●●●●●●●●●●●●●●●●●●●●●●●●●●●●●●●●●●●●●●●●●●●●●
●●●●●●●●●●●●●●●●●●●●●●●●●●●●●●●●●●●●●●●●●●●●●●●●●●●●●●●●●●●●●●●●●●●●●●●●●●●●●●●●●●●●●●●●●●●●●●●●●●●●
●●●●●●●●●●●●●●●●●●●●●●●●●●●●●●●●●●●◉●●●●●●●●●●●●●●●●●●●●●●●●●●●●●◉●●●●●●●●●●●●●●●●●●●●●●●●●●●●●●●●●●
●●●●●●●●●●●●●●●●●●●●●●●●●●●●●●●●●●●●●●●●●●●●●●●●●●●●●●●●●●●●●●●●●●●●●●●●●●●●●●●●●●●●●●●●●●●●●●●●●●●●
●●●●●●●●●●●●●●●●●●●●●●●●●●●●●●●●●●●●●●●●●●●●●●●●●●●●●●●●●●●●●●●●●●●●●●●●●●●●●●●●●●●●●●●●●●●●●●●●●●●●
●●●●●●●●●●●●●●●●●●●●●●●●●●●●●●●●●●●●●●●●●●●●●●●●●●●●●●●●●●●●●●●●●●●●●●●●●●●●●●●●●●●●●●●●●●●●●●●●●●●●
●●●●●●●●●●●●●●●●●●●●●●●●●●●●●●●●●●●●●●●●●●●●●●●●●●●●●●●●●●●●●●●●●●●●●●●●●●●●●●●●●●●●●●●●●●●●●●●●●●●●
●●●●●●●●●●●●●●●●●●●●●●●●●●●●●●●●●●●●●●●●●●●●●●●●●●●●●●●●●●●●●●●●●●●●●●●●●●●●●●●●●●●●●●●●●●●●●●●●●●●●
●●●●●●●●●●●●●●●●●●●●●●●●●●●●●●●●●●●●●●●●●●●●●●●●●●●●●●●●●●●●●●●●●●●●●●●●●●●●●●●●●●●●●●●●●●●●●●●●●●●●
●●●●●●●●●●●●●●●●●●●●●●●●●●●●●●●●●●●●●●●●●●●●●●●●●●●●●●●●●●●●●●●●●●●●●●●●●●●●●●●●●●●●●●●●●●●●●●●●●●●●
●●●●●●●●●●●●●●●●●●●●●●●●●●●●●●●●●●●●●●●●●●●●●●●●●●●●●●●●●●●●●●●●●●●●●●●●●●●●●●●●●●●●●●●●●●●●●●●●●●●●
●●●●●●●●●●●●●●●●●●●●●●●●●●●●●●●●●●●●●●●●●●●●●●●●●●●●●●●●●●●●●●●●●●●●●●●●●●●●●●●●●●●●●●●●●●●●●●●●●●●●"
`;
