// Vitest Snapshot v1, https://vitest.dev/guide/snapshot.html

exports[`arc extrusions > standard with angle smaller than 180 1`] = `
"████▓▓▓▓▓▓▓▓▒▒▒▒▒▒▒▒▒▒▒▒▒▒▒▒▒▒▒▒▒▒▒▒▒▒▒▒▒▒▓▓▓▓▓▓▓▓▓▓▓▓██████████████████████████████████████████████
██▓▓▓▓▓▓▓▒▒▒▒▒▒▒▒▒▒▒▒▒▒▒▒▒▒▒▒▒▒▒▒▒▒▒▒▒▒▒▒▒▒▒▒▒▒▓▓▓▓▓▓▓▓▓▓███████████████████████████████████████████
█▓▓▓▓▓▓▒▒▒▒▒▒▒▒░░░░░░░░░░░░░░░░░░░░░░▒▒▒▒▒▒▒▒▒▒▒▒▒▒▓▓▓▓▓▓▓▓▓████████████████████████████████████████
▓▓▓▓▓▓▒▒▒▒▒▒░░░░░░░░░░░░░░░░░░░░░░░░░░░░░░░▒▒▒▒▒▒▒▒▒▒▒▓▓▓▓▓▓▓▓▓█████████████████████████████████████
▓▓▓▓▓▒▒▒▒▒░░░░░░░░░˖˖˖˖˖˖˖˖˖˖˖˖˖░░░░░░░░░░░░░░░░▒▒▒▒▒▒▒▒▒▓▓▓▓▓▓▓▓███████████████████████████████████
▓▓▓▓▒▒▒▒▒░░░░░░˖˖˖˖˖˖˖˖˖˖˖˖˖˖˖˖˖˖˖˖˖˖˖˖˖░░░░░░░░░░░▒▒▒▒▒▒▒▒▒▓▓▓▓▓▓▓█████████████████████████████████
▓▓▓▓▒▒▒▒▒░░░░░˖˖˖˖˖˖˖˖˖˖˖˖˖˖˖˖˖˖˖˖˖˖˖˖˖˖˖˖˖˖˖░░░░░░░░░▒▒▒▒▒▒▒▒▓▓▓▓▓▓▓███████████████████████████████
▓▓▓▓▒▒▒▒▒░░░░░˖˖˖˖˖-----------------˖˖˖˖˖˖˖˖˖˖˖˖░░░░░░░░▒▒▒▒▒▒▒▒▓▓▓▓▓▓██████████████████████████████
▓▓▓▓▒▒▒▒▒░░░░░˖˖˖˖˖˖---------------------˖˖˖˖˖˖˖˖˖˖░░░░░░░░▒▒▒▒▒▒▒▓▓▓▓▓▓████████████████████████████
▓▓▓▓▓▒▒▒▒▒░░░░░˖˖˖˖˖-----○○○○○○--------------˖˖˖˖˖˖˖˖░░░░░░░░▒▒▒▒▒▒▓▓▓▓▓▓███████████████████████████
▓▓▓▓▓▒▒▒▒▒░░░░░˖˖˖˖˖-----○○○○○○○○○○○○○----------˖˖˖˖˖˖˖˖░░░░░░▒▒▒▒▒▒▒▓▓▓▓▓▓█████████████████████████
▓▓▓▓▓▒▒▒▒▒░░░░░˖˖˖˖˖˖-----○○○○○○○○○○○○○○○○--------˖˖˖˖˖˖˖░░░░░░░▒▒▒▒▒▒▓▓▓▓▓▓████████████████████████
█▓▓▓▓▓▒▒▒▒▒░░░░░˖˖˖˖˖-----○○○○○◎◎◎○○○○○○○○○○○--------˖˖˖˖˖˖░░░░░░▒▒▒▒▒▒▓▓▓▓▓▓███████████████████████
█▓▓▓▓▓▒▒▒▒▒░░░░░˖˖˖˖˖-----○○○○○◎◎◎◎◎◎◎◎○○○○○○○○-------˖˖˖˖˖˖˖░░░░░▒▒▒▒▒▒▓▓▓▓▓▓██████████████████████
█▓▓▓▓▓▒▒▒▒▒░░░░░░˖˖˖˖˖-----○○○○○◎◎◎◎◎◎◎◎◎◎○○○○○○○-------˖˖˖˖˖˖░░░░░░▒▒▒▒▒▓▓▓▓▓▓█████████████████████
██▓▓▓▓▓▒▒▒▒▒░░░░░˖˖˖˖˖-----○○○○○○○○○◎◎◎◎◎◎◎◎○○○○○○○------˖˖˖˖˖˖░░░░░░▒▒▒▒▒▓▓▓▓▓█████████████████████
██▓▓▓▓▓▒▒▒▒▒░░░░░˖˖˖˖˖-----○○○○○○○○○○○○◎◎◎◎◎◎◎○○○○○○○-----˖˖˖˖˖˖░░░░░▒▒▒▒▒▒▓▓▓▓▓████████████████████
██▓▓▓▓▓▒▒▒▒▒▒░░░░░˖˖˖˖˖----------○○○○○○○○◎◎◎◎◎◎◎○○○○○○-----˖˖˖˖˖˖░░░░░▒▒▒▒▒▒▓▓▓▓▓███████████████████
███▓▓▓▓▓▒▒▒▒▒░░░░░˖˖˖˖˖-------------○○○○○○○◎◎◎◎◎◎○○○○○○-----˖˖˖˖˖˖░░░░░▒▒▒▒▒▓▓▓▓▓███████████████████
███▓▓▓▓▓▒▒▒▒▒░░░░░˖˖˖˖˖˖˖˖˖˖˖---------○○○○○○○◎◎◎◎◎○○○○○○-----˖˖˖˖˖░░░░░▒▒▒▒▒▒▓▓▓▓▓██████████████████
███▓▓▓▓▓▓▒▒▒▒▒░░░░░˖˖˖˖˖˖˖˖˖˖˖˖˖˖-------○○○○○○◎◎◎◎◎○○○○○------˖˖˖˖˖░░░░░▒▒▒▒▒▓▓▓▓▓██████████████████
████▓▓▓▓▓▒▒▒▒▒░░░░░░░˖˖˖˖˖˖˖˖˖˖˖˖˖˖------○○○○○○○○○○○○○○○○-----˖˖˖˖˖░░░░░▒▒▒▒▒▓▓▓▓▓██████████████████
████▓▓▓▓▓▓▒▒▒▒▒▒░░░░░░░░░░░░░░˖˖˖˖˖˖------○○○○○○○○○○○○○○○------˖˖˖˖˖░░░░░▒▒▒▒▒▓▓▓▓▓█████████████████
█████▓▓▓▓▓▓▒▒▒▒▒▒▒░░░░░░░░░░░░░░˖˖˖˖˖--------------------------˖˖˖˖˖░░░░░▒▒▒▒▒▓▓▓▓▓█████████████████
██████▓▓▓▓▓▓▒▒▒▒▒▒▒▒▒▒▒▒▒▒▒░░░░░░˖˖˖˖˖-------------------------˖˖˖˖˖░░░░░▒▒▒▒▒▓▓▓▓▓█████████████████
████████▓▓▓▓▓▓▓▒▒▒▒▒▒▒▒▒▒▒▒░░░░░˖˖˖˖˖-------------------------˖˖˖˖˖░░░░░▒▒▒▒▒▓▓▓▓▓█████████████████
█████████▓▓▓▓▓▓▓▓▓▓▒▒▒▒▒▒▒▒▒░░░░░˖˖˖˖˖˖˖˖˖˖˖˖˖˖˖˖˖˖˖˖˖˖˖˖˖˖˖˖˖˖˖˖˖˖˖░░░░░▒▒▒▒▒▓▓▓▓▓█████████████████
████████████▓▓▓▓▓▓▓▓▓▓▓▓▒▒▒▒▒░░░░░░˖˖˖˖˖˖˖˖˖˖˖˖˖˖˖˖˖˖˖˖˖˖˖˖˖˖˖˖˖˖˖░░░░░░▒▒▒▒▒▓▓▓▓▓▓█████████████████
███████████████▓▓▓▓▓▓▓▓▓▒▒▒▒▒▒░░░░░░░░░░░░░░░░░░░░░░░░░░░░░░░░░░░░░░░░░▒▒▒▒▒▒▓▓▓▓▓██████████████████
████████████████████▓▓▓▓▓▒▒▒▒▒▒▒░░░░░░░░░░░░░░░░░░░░░░░░░░░░░░░░░░░░░▒▒▒▒▒▒▒▓▓▓▓▓███████████████████
█████████████████████▓▓▓▓▓▓▒▒▒▒▒▒▒▒▒▒▒▒▒▒▒▒▒▒▒▒▒▒▒▒▒▒▒▒▒▒▒▒▒▒▒▒▒▒▒▒▒▒▒▒▒▒▒▓▓▓▓▓▓████████████████████
██████████████████████▓▓▓▓▓▓▓▒▒▒▒▒▒▒▒▒▒▒▒▒▒▒▒▒▒▒▒▒▒▒▒▒▒▒▒▒▒▒▒▒▒▒▒▒▒▒▒▒▒▒▓▓▓▓▓▓▓█████████████████████
████████████████████████▓▓▓▓▓▓▓▓▓▒▒▒▒▒▒▒▒▒▒▒▒▒▒▒▒▒▒▒▒▒▒▒▒▒▒▒▒▒▒▒▒▒▒▒▓▓▓▓▓▓▓▓▓███████████████████████
██████████████████████████▓▓▓▓▓▓▓▓▓▓▓▓▓▓▓▓▓▓▓▓▓▓▓▓▓▓▓▓▓▓▓▓▓▓▓▓▓▓▓▓▓▓▓▓▓▓▓▓▓█████████████████████████
█████████████████████████████▓▓▓▓▓▓▓▓▓▓▓▓▓▓▓▓▓▓▓▓▓▓▓▓▓▓▓▓▓▓▓▓▓▓▓▓▓▓▓▓▓▓▓████████████████████████████
████████████████████████████████████████████████████████████████████████████████████████████████████
████████████████████████████████████████████████████████████████████████████████████████████████████
████████████████████████████████████████████████████████████████████████████████████████████████████
████████████████████████████████████████████████████████████████████████████████████████████████████
████████████████████████████████████████████████████████████████████████████████████████████████████
████████████████████████████████████████████████████████████████████████████████████████████████████
████████████████████████████████████████████████████████████████████████████████████████████████████
████████████████████████████████████████████████████████████████████████████████████████████████████
████████████████████████████████████████████████████████████████████████████████████████████████████
████████████████████████████████████████████████████████████████████████████████████████████████████
████████████████████████████████████████████████████████████████████████████████████████████████████
████████████████████████████████████████████████████████████████████████████████████████████████████
████████████████████████████████████████████████████████████████████████████████████████████████████
████████████████████████████████████████████████████████████████████████████████████████████████████
████████████████████████████████████████████████████████████████████████████████████████████████████"
`;

exports[`arc extrusions > with linear width variation 1`] = `
"████████████████████████████████████████████████████████████████████████████████████████████████████
██████████████████████▓▓▓▓▓▓▓▓▓▓▓▓▓▓▓▓▓▓▓▓▓▓████████████████████████████████████████████████████████
██████████████▓▓▓▓▓▓▓▓▓▓▓▓▓▓▓▓▓▓▓▓▓▓▓▓▓▓▓▓▓▓▓▓▓▓▓▓██████████████████████████████████████████████████
██████████▓▓▓▓▓▓▓▓▓▓▓▓▓▓▓▓▓▒▒▒▒▒▒▒▒▒▒▒▓▓▓▓▓▓▓▓▓▓▓▓▓▓▓▓▓█████████████████████████████████████████████
███████▓▓▓▓▓▓▓▓▓▓▓▓▒▒▒▒▒▒▒▒▒▒▒▒▒▒▒▒▒▒▒▒▒▒▒▒▒▒▒▒▓▓▓▓▓▓▓▓▓▓▓▓█████████████████████████████████████████
█████▓▓▓▓▓▓▓▓▒▒▒▒▒▒▒▒▒▒▒▒▒▒▒▒▒▒▒▒▒▒▒▒▒▒▒▒▒▒▒▒▒▒▒▒▒▒▒▓▓▓▓▓▓▓▓▓▓██████████████████████████████████████
████▓▓▓▓▓▓▒▒▒▒▒▒▒▒▒▒▒▒░░░░░░░░░░░░░░░░░░░░░▒▒▒▒▒▒▒▒▒▒▒▒▒▓▓▓▓▓▓▓▓▓███████████████████████████████████
███▓▓▓▓▓▓▒▒▒▒▒▒▒░░░░░░░░░░░░░░░░░░░░░░░░░░░░░░░░░▒▒▒▒▒▒▒▒▒▒▓▓▓▓▓▓▓▓█████████████████████████████████
██▓▓▓▓▓▒▒▒▒▒▒▒░░░░░░░░░░░░░˖˖˖˖˖˖˖˖˖˖˖░░░░░░░░░░░░░░░▒▒▒▒▒▒▒▒▒▓▓▓▓▓▓▓███████████████████████████████
█▓▓▓▓▓▓▒▒▒▒▒░░░░░░░░˖˖˖˖˖˖˖˖˖˖˖˖˖˖˖˖˖˖˖˖˖˖˖˖˖˖░░░░░░░░░░▒▒▒▒▒▒▒▒▓▓▓▓▓▓▓█████████████████████████████
█▓▓▓▓▓▒▒▒▒▒░░░░░░˖˖˖˖˖˖˖˖˖˖˖˖˖˖˖˖˖˖˖˖˖˖˖˖˖˖˖˖˖˖˖˖˖░░░░░░░░░▒▒▒▒▒▒▒▓▓▓▓▓▓▓███████████████████████████
█▓▓▓▓▓▒▒▒▒▒░░░░░˖˖˖˖˖˖˖-------------------˖˖˖˖˖˖˖˖˖˖˖░░░░░░░░▒▒▒▒▒▒▒▓▓▓▓▓▓██████████████████████████
█▓▓▓▓▓▒▒▒▒▒░░░░░˖˖˖˖˖--------------------------˖˖˖˖˖˖˖˖˖░░░░░░░▒▒▒▒▒▒▒▓▓▓▓▓▓████████████████████████
█▓▓▓▓▓▒▒▒▒▒░░░░░˖˖˖˖˖----------○○○○○○○○-----------˖˖˖˖˖˖˖˖░░░░░░░▒▒▒▒▒▒▓▓▓▓▓▓███████████████████████
█▓▓▓▓▓▒▒▒▒▒░░░░░░˖˖˖˖˖˖-----------○○○○○○○○○○---------˖˖˖˖˖˖˖░░░░░░▒▒▒▒▒▒▓▓▓▓▓▓██████████████████████
██▓▓▓▓▓▒▒▒▒▒░░░░░˖˖˖˖˖˖˖˖˖˖˖--------○○○○○○○○○○○--------˖˖˖˖˖˖˖░░░░░░▒▒▒▒▒▒▓▓▓▓▓█████████████████████
██▓▓▓▓▓▒▒▒▒▒░░░░░░░˖˖˖˖˖˖˖˖˖˖˖˖-------○○○○○○○○○○○○-------˖˖˖˖˖˖░░░░░░▒▒▒▒▒▒▓▓▓▓▓████████████████████
███▓▓▓▓▓▒▒▒▒▒▒░░░░░░░░░░░░˖˖˖˖˖˖˖˖-----○○○○○○○○○○○○○-------˖˖˖˖˖˖░░░░░▒▒▒▒▒▒▓▓▓▓▓███████████████████
███▓▓▓▓▓▓▒▒▒▒▒▒▒░░░░░░░░░░░░░˖˖˖˖˖˖-----○○○○○◎◎○○○○○○○------˖˖˖˖˖˖░░░░░▒▒▒▒▒▒▓▓▓▓▓██████████████████
████▓▓▓▓▓▓▓▒▒▒▒▒▒▒▒▒▒▒▒▒░░░░░░░˖˖˖˖˖-----○○○○○◎◎◎○○○○○○------˖˖˖˖˖˖░░░░░▒▒▒▒▒▒▓▓▓▓▓█████████████████
██████▓▓▓▓▓▓▓▒▒▒▒▒▒▒▒▒▒▒▒▒▒░░░░░˖˖˖˖˖-----○○○○◎◎◎◎◎○○○○○○-----˖˖˖˖˖˖░░░░░▒▒▒▒▒▓▓▓▓▓█████████████████
███████▓▓▓▓▓▓▓▓▓▓▒▒▒▒▒▒▒▒▒▒▒▒░░░░˖˖˖˖-----○○○○○○○○○○○○○○○○-----˖˖˖˖˖░░░░░░▒▒▒▒▒▓▓▓▓▓████████████████
██████████▓▓▓▓▓▓▓▓▓▓▓▓▒▒▓▓▒▒▒░░░░˖˖˖˖-----○○○○○○○○○○○○○○○○○-----˖˖˖˖˖░░░░░▒▒▒▒▒▓▓▓▓▓████████████████
█████████████▓▓▓▓▓▓▓▓▒▒▒▒▓▓▒▒░░░░˖˖˖˖----------------------------˖˖˖˖˖░░░░░▒▒▒▒▒▓▓▓▓▓███████████████
████████████████▓▓▓▓▓▒▒▒▒▓▓▒▒░░░˖˖˖˖˖----------------------------˖˖˖˖˖░░░░░▒▒▒▒▒▓▓▓▓▓███████████████
███████████████▓▓▓▓▓▓▒▒▒▒░░░░░˖˖˖˖------------------------------˖˖˖˖˖░░░░░▒▒▒▒▒▓▓▓▓▓▓██████████████
████████████████▓▓▓▓▓▒▒▒▒▒░░░░░˖˖˖˖˖˖˖˖˖˖˖˖˖˖˖˖˖˖˖˖˖˖˖˖˖˖˖˖˖˖˖˖˖˖˖˖˖˖˖░░░░░▒▒▒▒▒▓▓▓▓▓███████████████
████████████████▓▓▓▓▓▒▒▒▒▒░░░░░░░˖˖˖˖˖˖˖˖˖˖˖˖˖˖˖˖˖˖˖˖˖˖˖˖˖˖˖˖˖˖˖˖˖˖˖░░░░░░░▒▒▒▒▒▓▓▓▓▓███████████████
████████████████▓▓▓▓▓▓▒▒▒▒▒▒░░░░░░░░░░░░░░░░░░░░░░░░░░░░░░░░░░░░░░░░░░░░░▒▒▒▒▒▒▓▓▓▓▓▓███████████████
█████████████████▓▓▓▓▓▓▒▒▒▒▒▒▒░░░░░░░░░░░░░░░░░░░░░░░░░░░░░░░░░░░░░░░░░▒▒▒▒▒▒▒▓▓▓▓▓▓████████████████
██████████████████▓▓▓▓▓▓▒▒▒▒▒▒▒▒▒▒▒▒▒▒▒▒▒▒▒▒▒▒▒▒▒▒▒▒▒▒▒▒▒▒▒▒▒▒▒▒▒▒▒▒▒▒▒▒▒▒▒▒▒▓▓▓▓▓▓█████████████████
████████████████████▓▓▓▓▓▓▓▒▒▒▒▒▒▒▒▒▒▒▒▒▒▒▒▒▒▒▒▒▒▒▒▒▒▒▒▒▒▒▒▒▒▒▒▒▒▒▒▒▒▒▒▒▒▒▓▓▓▓▓▓▓███████████████████
█████████████████████▓▓▓▓▓▓▓▓▓▒▒▒▒▒▒▒▒▒▒▒▒▒▒▒▒▒▒▒▒▒▒▒▒▒▒▒▒▒▒▒▒▒▒▒▒▒▒▒▒▒▓▓▓▓▓▓▓▓▓████████████████████
████████████████████████▓▓▓▓▓▓▓▓▓▓▓▓▓▓▓▓▓▓▓▓▓▓▓▓▓▓▓▓▓▓▓▓▓▓▓▓▓▓▓▓▓▓▓▓▓▓▓▓▓▓▓▓▓███████████████████████
███████████████████████████▓▓▓▓▓▓▓▓▓▓▓▓▓▓▓▓▓▓▓▓▓▓▓▓▓▓▓▓▓▓▓▓▓▓▓▓▓▓▓▓▓▓▓▓▓▓▓██████████████████████████
████████████████████████████████████████████████████████████████████████████████████████████████████
████████████████████████████████████████████████████████████████████████████████████████████████████
████████████████████████████████████████████████████████████████████████████████████████████████████
████████████████████████████████████████████████████████████████████████████████████████████████████
████████████████████████████████████████████████████████████████████████████████████████████████████
████████████████████████████████████████████████████████████████████████████████████████████████████
████████████████████████████████████████████████████████████████████████████████████████████████████
████████████████████████████████████████████████████████████████████████████████████████████████████
████████████████████████████████████████████████████████████████████████████████████████████████████
████████████████████████████████████████████████████████████████████████████████████████████████████
████████████████████████████████████████████████████████████████████████████████████████████████████
████████████████████████████████████████████████████████████████████████████████████████████████████
████████████████████████████████████████████████████████████████████████████████████████████████████
████████████████████████████████████████████████████████████████████████████████████████████████████
████████████████████████████████████████████████████████████████████████████████████████████████████"
`;

exports[`linear extrusions > standard 1`] = `
"████████████████████████████████████████████████████████████████████████████████████████████████████
████████████████████████████████████████████████████████████████████████████████████████████████████
████████████████████████████████████████████████████████████████████████████████████████████████████
███████████████████▓▓▓▓▓▓▓▓▓▓▓▓▓▓▓▓▓▓▓▓▓▓▓▓▓▓▓▓▓▓▓▓▓▓▓▓▓▓▓▓▓▓▓▓▓▓▓▓▓▓▓▓▓▓▓▓▓▓▓▓▓▓▓██████████████████
███████████████▓▓▓▓▓▓▓▓▓▓▓▓▓▓▓▓▓▓▓▓▓▓▓▓▓▓▓▓▓▓▓▓▓▓▓▓▓▓▓▓▓▓▓▓▓▓▓▓▓▓▓▓▓▓▓▓▓▓▓▓▓▓▓▓▓▓▓▓▓▓▓██████████████
████████████▓▓▓▓▓▓▓▓▓▓▓▓▓▓▓▓▓▓▓▓▓▓▓▓▓▓▓▓▓▓▓▓▓▓▓▓▓▓▓▓▓▓▓▓▓▓▓▓▓▓▓▓▓▓▓▓▓▓▓▓▓▓▓▓▓▓▓▓▓▓▓▓▓▓▓▓▓███████████
██████████▓▓▓▓▓▓▓▓▒▒▒▒▒▒▒▒▒▒▒▒▒▒▒▒▒▒▒▒▒▒▒▒▒▒▒▒▒▒▒▒▒▒▒▒▒▒▒▒▒▒▒▒▒▒▒▒▒▒▒▒▒▒▒▒▒▒▒▒▒▒▒▒▒▓▓▓▓▓▓▓▓█████████
█████████▓▓▓▓▓▓▒▒▒▒▒▒▒▒▒▒▒▒▒▒▒▒▒▒▒▒▒▒▒▒▒▒▒▒▒▒▒▒▒▒▒▒▒▒▒▒▒▒▒▒▒▒▒▒▒▒▒▒▒▒▒▒▒▒▒▒▒▒▒▒▒▒▒▒▒▒▒▓▓▓▓▓▓████████
████████▓▓▓▓▓▓▒▒▒▒▒▒▒░░░░░░░░░░░░░░░░░░░░░░░░░░░░░░░░░░░░░░░░░░░░░░░░░░░░░░░░░░░▒▒▒▒▒▒▒▓▓▓▓▓▓███████
███████▓▓▓▓▓▒▒▒▒▒▒░░░░░░░░░░░░░░░░░░░░░░░░░░░░░░░░░░░░░░░░░░░░░░░░░░░░░░░░░░░░░░░░░▒▒▒▒▒▒▓▓▓▓▓██████
██████▓▓▓▓▓▒▒▒▒▒▒░░░░░░░░˖˖˖˖˖˖˖˖˖˖˖˖˖˖˖˖˖˖˖˖˖˖˖˖˖˖˖˖˖˖˖˖˖˖˖˖˖˖˖˖˖˖˖˖˖˖˖˖˖˖˖░░░░░░░░▒▒▒▒▒▒▓▓▓▓▓█████
██████▓▓▓▓▓▒▒▒▒▒░░░░░░˖˖˖˖˖˖˖˖˖˖˖˖˖˖˖˖˖˖˖˖˖˖˖˖˖˖˖˖˖˖˖˖˖˖˖˖˖˖˖˖˖˖˖˖˖˖˖˖˖˖˖˖˖˖˖˖˖░░░░░░▒▒▒▒▒▓▓▓▓▓█████
██████▓▓▓▓▓▒▒▒▒▒░░░░░˖˖˖˖˖˖˖˖˖˖˖˖˖˖˖˖˖˖˖˖˖˖˖˖˖˖˖˖˖˖˖˖˖˖˖˖˖˖˖˖˖˖˖˖˖˖˖˖˖˖˖˖˖˖˖˖˖˖˖░░░░░▒▒▒▒▒▓▓▓▓▓█████
██████▓▓▓▓▓▒▒▒▒░░░░░˖˖˖˖˖---------------------------------------------------˖˖˖˖˖░░░░░▒▒▒▒▓▓▓▓▓█████
██████▓▓▓▓▓▒▒▒▒░░░░░˖˖˖˖˖---------------------------------------------------˖˖˖˖˖░░░░░▒▒▒▒▓▓▓▓▓█████
██████▓▓▓▓▓▒▒▒▒░░░░░˖˖˖˖˖---------------------------------------------------˖˖˖˖˖░░░░░▒▒▒▒▓▓▓▓▓█████
██████▓▓▓▓▓▒▒▒▒░░░░░˖˖˖˖˖------○○○○○○○○○○○○○○○○○○○○○○○○○○○○○○○○○○○○○○○------˖˖˖˖˖░░░░░▒▒▒▒▓▓▓▓▓█████
██████▓▓▓▓▓▒▒▒▒░░░░░˖˖˖˖˖------○○○○○○○○○○○○○○○○○○○○○○○○○○○○○○○○○○○○○○○------˖˖˖˖˖░░░░░▒▒▒▒▓▓▓▓▓█████
██████▓▓▓▓▓▒▒▒▒░░░░░˖˖˖˖˖------○○○○◎◎◎◎◎◎◎◎◎◎◎◎◎◎◎◎◎◎◎◎◎◎◎◎◎◎◎◎◎◎◎○○○○------˖˖˖˖˖░░░░░▒▒▒▒▓▓▓▓▓█████
██████▓▓▓▓▓▒▒▒▒░░░░░˖˖˖˖˖------○○○○◎◎◎◎◎◎◎◎◎◎◎◎◎◎◎◎◎◎◎◎◎◎◎◎◎◎◎◎◎◎◎○○○○------˖˖˖˖˖░░░░░▒▒▒▒▓▓▓▓▓█████
██████▓▓▓▓▓▒▒▒▒░░░░░˖˖˖˖˖------○○○○◎◎◎◎◎◎◎◎◎◎◎◎◎◎◎◎◎◎◎◎◎◎◎◎◎◎◎◎◎◎◎○○○○------˖˖˖˖˖░░░░░▒▒▒▒▓▓▓▓▓█████
██████▓▓▓▓▓▒▒▒▒░░░░░˖˖˖˖˖------○○○○○○○○○○○○○○○○○○○○○○○○○○○○○○○○○○○○○○○------˖˖˖˖˖░░░░░▒▒▒▒▓▓▓▓▓█████
██████▓▓▓▓▓▒▒▒▒░░░░░˖˖˖˖˖------○○○○○○○○○○○○○○○○○○○○○○○○○○○○○○○○○○○○○○○------˖˖˖˖˖░░░░░▒▒▒▒▓▓▓▓▓█████
██████▓▓▓▓▓▒▒▒▒░░░░░˖˖˖˖˖---------------------------------------------------˖˖˖˖˖░░░░░▒▒▒▒▓▓▓▓▓█████
██████▓▓▓▓▓▒▒▒▒░░░░░˖˖˖˖˖---------------------------------------------------˖˖˖˖˖░░░░░▒▒▒▒▓▓▓▓▓█████
██████▓▓▓▓▓▒▒▒▒░░░░░˖˖˖˖˖---------------------------------------------------˖˖˖˖˖░░░░░▒▒▒▒▓▓▓▓▓█████
██████▓▓▓▓▓▒▒▒▒▒░░░░░˖˖˖˖˖˖˖˖˖˖˖˖˖˖˖˖˖˖˖˖˖˖˖˖˖˖˖˖˖˖˖˖˖˖˖˖˖˖˖˖˖˖˖˖˖˖˖˖˖˖˖˖˖˖˖˖˖˖˖░░░░░▒▒▒▒▒▓▓▓▓▓█████
██████▓▓▓▓▓▒▒▒▒▒░░░░░░░˖˖˖˖˖˖˖˖˖˖˖˖˖˖˖˖˖˖˖˖˖˖˖˖˖˖˖˖˖˖˖˖˖˖˖˖˖˖˖˖˖˖˖˖˖˖˖˖˖˖˖˖˖˖˖░░░░░░░▒▒▒▒▒▓▓▓▓▓█████
██████▓▓▓▓▓▓▒▒▒▒▒▒░░░░░░░░░░░░░░░░░░░░░░░░░░░░░░░░░░░░░░░░░░░░░░░░░░░░░░░░░░░░░░░░░▒▒▒▒▒▒▓▓▓▓▓▓█████
███████▓▓▓▓▓▓▒▒▒▒▒▒▒░░░░░░░░░░░░░░░░░░░░░░░░░░░░░░░░░░░░░░░░░░░░░░░░░░░░░░░░░░░░░▒▒▒▒▒▒▒▓▓▓▓▓▓██████
████████▓▓▓▓▓▓▒▒▒▒▒▒▒▒▒▒▒▒▒▒▒▒▒▒▒▒▒▒▒▒▒▒▒▒▒▒▒▒▒▒▒▒▒▒▒▒▒▒▒▒▒▒▒▒▒▒▒▒▒▒▒▒▒▒▒▒▒▒▒▒▒▒▒▒▒▒▒▒▒▓▓▓▓▓▓███████
█████████▓▓▓▓▓▓▓▓▒▒▒▒▒▒▒▒▒▒▒▒▒▒▒▒▒▒▒▒▒▒▒▒▒▒▒▒▒▒▒▒▒▒▒▒▒▒▒▒▒▒▒▒▒▒▒▒▒▒▒▒▒▒▒▒▒▒▒▒▒▒▒▒▒▒▒▓▓▓▓▓▓▓▓████████
███████████▓▓▓▓▓▓▓▓▓▒▒▒▒▒▒▒▒▒▒▒▒▒▒▒▒▒▒▒▒▒▒▒▒▒▒▒▒▒▒▒▒▒▒▒▒▒▒▒▒▒▒▒▒▒▒▒▒▒▒▒▒▒▒▒▒▒▒▒▒▒▓▓▓▓▓▓▓▓▓██████████
██████████████▓▓▓▓▓▓▓▓▓▓▓▓▓▓▓▓▓▓▓▓▓▓▓▓▓▓▓▓▓▓▓▓▓▓▓▓▓▓▓▓▓▓▓▓▓▓▓▓▓▓▓▓▓▓▓▓▓▓▓▓▓▓▓▓▓▓▓▓▓▓▓▓▓█████████████
█████████████████▓▓▓▓▓▓▓▓▓▓▓▓▓▓▓▓▓▓▓▓▓▓▓▓▓▓▓▓▓▓▓▓▓▓▓▓▓▓▓▓▓▓▓▓▓▓▓▓▓▓▓▓▓▓▓▓▓▓▓▓▓▓▓▓▓▓▓████████████████
████████████████████████████████████████████████████████████████████████████████████████████████████
████████████████████████████████████████████████████████████████████████████████████████████████████
████████████████████████████████████████████████████████████████████████████████████████████████████
████████████████████████████████████████████████████████████████████████████████████████████████████
████████████████████████████████████████████████████████████████████████████████████████████████████
████████████████████████████████████████████████████████████████████████████████████████████████████
████████████████████████████████████████████████████████████████████████████████████████████████████
████████████████████████████████████████████████████████████████████████████████████████████████████
████████████████████████████████████████████████████████████████████████████████████████████████████
████████████████████████████████████████████████████████████████████████████████████████████████████
████████████████████████████████████████████████████████████████████████████████████████████████████
████████████████████████████████████████████████████████████████████████████████████████████████████
████████████████████████████████████████████████████████████████████████████████████████████████████
████████████████████████████████████████████████████████████████████████████████████████████████████
████████████████████████████████████████████████████████████████████████████████████████████████████"
`;

exports[`linear extrusions > with linear width variation 1`] = `
"███████████████████████████████▓▓▓▓▓▓▒▒▒▒▒▒▒▒▒▒▒░░░░░▒▒▒▒▒▒▒▒▒▒▒▓▓▓▓▓▓██████████████████████████████
██████████████████████████████▓▓▓▓▓▒▒▒▒▒▒▒░░░░░░░░░░░░░░░░░▒▒▒▒▒▒▒▓▓▓▓▓█████████████████████████████
█████████████████████████████▓▓▓▓▓▒▒▒▒▒▒░░░░░░░░░░░░░░░░░░░░░▒▒▒▒▒▒▓▓▓▓▓████████████████████████████
████████████████████████████▓▓▓▓▓▓▒▒▒▒▒░░░░░░˖˖˖˖˖˖˖˖˖˖˖░░░░░░▒▒▒▒▒▓▓▓▓▓▓███████████████████████████
████████████████████████████▓▓▓▓▓▒▒▒▒▒░░░░░˖˖˖˖˖˖˖˖˖˖˖˖˖˖˖░░░░░▒▒▒▒▒▓▓▓▓▓███████████████████████████
████████████████████████████▓▓▓▓▓▒▒▒▒▒░░░░░˖˖˖˖˖-----˖˖˖˖˖░░░░░▒▒▒▒▒▓▓▓▓▓███████████████████████████
██████████████████████████▓▓▓▓▓▒▒▒▒▒░░░░░˖˖˖˖˖---------˖˖˖˖˖░░░░░▒▒▒▒▒▓▓▓▓▓█████████████████████████
████████████████████████▓▓▓▓▓▒▒▒▒▒░░░░░˖˖˖˖˖-------------˖˖˖˖˖░░░░░▒▒▒▒▒▓▓▓▓▓███████████████████████
██████████████████████▓▓▓▓▓▒▒▒▒▒░░░░░˖˖˖˖˖-----○○○○○○○-----˖˖˖˖˖░░░░░▒▒▒▒▒▓▓▓▓▓█████████████████████
███████████████████▓▓▓▓▓▒▒▒▒▒░░░░░˖˖˖˖˖-----○○○○○○○○○○○○○-----˖˖˖˖˖░░░░░▒▒▒▒▒▓▓▓▓▓██████████████████
█████████████████▓▓▓▓▓▒▒▒▒▒░░░░░˖˖˖˖˖-----○○○○○◎◎◎◎◎◎◎○○○○○-----˖˖˖˖˖░░░░░▒▒▒▒▒▓▓▓▓▓████████████████
███████████████▓▓▓▓▓▒▒▒▒▒░░░░░˖˖˖˖˖-----○○○○○◎◎◎◎◎◎◎◎◎◎◎○○○○○-----˖˖˖˖˖░░░░░▒▒▒▒▒▓▓▓▓▓██████████████
█████████████▓▓▓▓▓▒▒▒▒▒░░░░░˖˖˖˖˖-----○○○○○◎◎◎◎◎◎◎◎◎◎◎◎◎◎◎○○○○○-----˖˖˖˖˖░░░░░▒▒▒▒▒▓▓▓▓▓████████████
███████████▓▓▓▓▓▒▒▒▒▒░░░░░˖˖˖˖˖-----○○○○○◎◎◎◎◎◉◉◉◉◉◉◉◉◉◎◎◎◎◎○○○○○-----˖˖˖˖˖░░░░░▒▒▒▒▒▓▓▓▓▓██████████
█████████▓▓▓▓▓▒▒▒▒▒░░░░░˖˖˖˖˖-----○○○○○◎◎◎◎◎◉◉◉◉◉◉◉◉◉◉◉◉◉◎◎◎◎◎○○○○○-----˖˖˖˖˖░░░░░▒▒▒▒▒▓▓▓▓▓████████
███████▓▓▓▓▓▒▒▒▒▒░░░░░˖˖˖˖˖-----○○○○○◎◎◎◎◎◉◉◉◉◉●●●●●●●◉◉◉◉◉◎◎◎◎◎○○○○○-----˖˖˖˖˖░░░░░▒▒▒▒▒▓▓▓▓▓██████
█████▓▓▓▓▓▒▒▒▒▒░░░░░˖˖˖˖˖-----○○○○○◎◎◎◎◎◉◉◉◉◉◉◉◉◉◉◉◉◉◉◉◉◉◉◉◉◉◎◎◎◎◎○○○○○-----˖˖˖˖˖░░░░░▒▒▒▒▒▓▓▓▓▓████
██▓▓▓▓▓▒▒▒▒▒░░░░░˖˖˖˖˖-----○○○○○◎◎◎◎◎◉◉◉◉◉◉◉◉◉◉◉◉◉◉◉◉◉◉◉◉◉◉◉◉◉◉◉◎◎◎◎◎○○○○○-----˖˖˖˖˖░░░░░▒▒▒▒▒▓▓▓▓▓█
▓▓▓▓▓▒▒▒▒▒░░░░░˖˖˖˖˖-----○○○○○◎◎◎◎◎◎◎◎◎◎◎◎◎◎◎◎◎◎◎◎◎◎◎◎◎◎◎◎◎◎◎◎◎◎◎◎◎◎◎◎◎○○○○○-----˖˖˖˖˖░░░░░▒▒▒▒▒▓▓▓▓
▓▓▓▒▒▒▒▒░░░░░˖˖˖˖˖-----○○○○○◎◎◎◎◎◎◎◎◎◎◎◎◎◎◎◎◎◎◎◎◎◎◎◎◎◎◎◎◎◎◎◎◎◎◎◎◎◎◎◎◎◎◎◎◎○○○○○-----˖˖˖˖˖░░░░░▒▒▒▒▒▓▓
▓▒▒▒▒▒░░░░░˖˖˖˖˖-----○○○○○◎◎◎◎◎◎◎◎◎◎◎◎◎◎◎◎◎◎◎◎◎◎◎◎◎◎◎◎◎◎◎◎◎◎◎◎◎◎◎◎◎◎◎◎◎◎◎◎◎○○○○○-----˖˖˖˖˖░░░░░▒▒▒▒▒
▒▒▒▒░░░░░˖˖˖˖˖-----○○○○○○○○○○○○○○○○○○○○○○○○○○○○○○○○○○○○○○○○○○○○○○○○○○○○○○○○○○○○○○○-----˖˖˖˖˖░░░░░▒▒▒
▒▒░░░░░˖˖˖˖˖-----○○○○○○○○○○○○○○○○○○○○○○○○○○○○○○○○○○○○○○○○○○○○○○○○○○○○○○○○○○○○○○○○○○○-----˖˖˖˖˖░░░░░▒
░░░░░˖˖˖˖˖---------------------------------------------------------------------------------˖˖˖˖˖░░░░
░░░˖˖˖˖˖-------------------------------------------------------------------------------------˖˖˖˖˖░░
˖˖˖˖˖-------------------------------------------------------------------------------------------˖˖˖˖
░˖˖˖˖˖˖˖˖˖˖˖˖˖˖˖˖˖˖˖˖˖˖˖˖˖˖˖˖˖˖˖˖˖˖˖˖˖˖˖˖˖˖˖˖˖˖˖˖˖˖˖˖˖˖˖˖˖˖˖˖˖˖˖˖˖˖˖˖˖˖˖˖˖˖˖˖˖˖˖˖˖˖˖˖˖˖˖˖˖˖˖˖˖˖˖˖˖˖˖
░░˖˖˖˖˖˖˖˖˖˖˖˖˖˖˖˖˖˖˖˖˖˖˖˖˖˖˖˖˖˖˖˖˖˖˖˖˖˖˖˖˖˖˖˖˖˖˖˖˖˖˖˖˖˖˖˖˖˖˖˖˖˖˖˖˖˖˖˖˖˖˖˖˖˖˖˖˖˖˖˖˖˖˖˖˖˖˖˖˖˖˖˖˖˖˖˖˖░
░░░░░░░░░░░░░░░░░░░░░░░░░░░░░░░░░░░░░░░░░░░░░░░░░░░░░░░░░░░░░░░░░░░░░░░░░░░░░░░░░░░░░░░░░░░░░░░░░░░░
░░░░░░░░░░░░░░░░░░░░░░░░░░░░░░░░░░░░░░░░░░░░░░░░░░░░░░░░░░░░░░░░░░░░░░░░░░░░░░░░░░░░░░░░░░░░░░░░░░░░
▒▒▒▒▒▒▒▒▒▒▒▒▒▒▒▒▒▒▒▒▒▒▒▒▒▒▒▒▒▒▒▒▒▒▒▒▒▒▒▒▒▒▒▒▒▒▒▒▒▒▒▒▒▒▒▒▒▒▒▒▒▒▒▒▒▒▒▒▒▒▒▒▒▒▒▒▒▒▒▒▒▒▒▒▒▒▒▒▒▒▒▒▒▒▒▒▒▒▒▒
▒▒▒▒▒▒▒▒▒▒▒▒▒▒▒▒▒▒▒▒▒▒▒▒▒▒▒▒▒▒▒▒▒▒▒▒▒▒▒▒▒▒▒▒▒▒▒▒▒▒▒▒▒▒▒▒▒▒▒▒▒▒▒▒▒▒▒▒▒▒▒▒▒▒▒▒▒▒▒▒▒▒▒▒▒▒▒▒▒▒▒▒▒▒▒▒▒▒▒▒
▒▒▒▒▒▒▒▒▒▒▒▒▒▒▒▒▒▒▒▒▒▒▒▒▒▒▒▒▒▒▒▒▒▒▒▒▒▒▒▒▒▒▒▒▒▒▒▒▒▒▒▒▒▒▒▒▒▒▒▒▒▒▒▒▒▒▒▒▒▒▒▒▒▒▒▒▒▒▒▒▒▒▒▒▒▒▒▒▒▒▒▒▒▒▒▒▒▒▒▒
▓▓▓▓▓▓▓▓▓▓▓▓▓▓▓▓▓▓▓▓▓▓▓▓▓▓▓▓▓▓▓▓▓▓▓▓▓▓▓▓▓▓▓▓▓▓▓▓▓▓▓▓▓▓▓▓▓▓▓▓▓▓▓▓▓▓▓▓▓▓▓▓▓▓▓▓▓▓▓▓▓▓▓▓▓▓▓▓▓▓▓▓▓▓▓▓▓▓▓▓
▓▓▓▓▓▓▓▓▓▓▓▓▓▓▓▓▓▓▓▓▓▓▓▓▓▓▓▓▓▓▓▓▓▓▓▓▓▓▓▓▓▓▓▓▓▓▓▓▓▓▓▓▓▓▓▓▓▓▓▓▓▓▓▓▓▓▓▓▓▓▓▓▓▓▓▓▓▓▓▓▓▓▓▓▓▓▓▓▓▓▓▓▓▓▓▓▓▓▓▓
████████████████████████████████████████████████████████████████████████████████████████████████████
████████████████████████████████████████████████████████████████████████████████████████████████████
████████████████████████████████████████████████████████████████████████████████████████████████████
████████████████████████████████████████████████████████████████████████████████████████████████████
████████████████████████████████████████████████████████████████████████████████████████████████████
████████████████████████████████████████████████████████████████████████████████████████████████████
████████████████████████████████████████████████████████████████████████████████████████████████████
████████████████████████████████████████████████████████████████████████████████████████████████████
████████████████████████████████████████████████████████████████████████████████████████████████████
████████████████████████████████████████████████████████████████████████████████████████████████████
████████████████████████████████████████████████████████████████████████████████████████████████████
████████████████████████████████████████████████████████████████████████████████████████████████████
████████████████████████████████████████████████████████████████████████████████████████████████████
████████████████████████████████████████████████████████████████████████████████████████████████████
████████████████████████████████████████████████████████████████████████████████████████████████████"
`;

exports[`oriented line 1`] = `
"████████████████████████████████████████████████████████████████████████████████████████████████████
████████████████████████████████████████████████████████████████████████████████████████████████████
████████████████████████████████████████████████████████████████████████████████████████████████████
████████████████████████████████████████████████████████████████████████████████████████████████████
████████████████████████████████████████████████████████████████████████████████████████████████████
████████████████████████████████████████████████████████████████████████████████████████████████████
████████████████████████████████████████████████████████████████████████████████████████████████████
████████████████████████████████████████████████████████████████████████████████████████████████████
████████████████████████████████████████████████████████████████████████████████████████████████████
████████████████████████████████████████████████████████████████████████████████████████████████████
████████████████████████████████████████████████████████████████████████████████████████████████████
████████████████████████████████████████████████████████████████████████████████████████████████████
████████████████████████████████████████████████████████████████████████████████████████████████████
████████████████████████████████████████████████████████████████████████████████████████████████████
████████████████████████████████████████████████████████████████████████████████████████████████████
████████████████████████████████████████████████████████████████████████████████████████████████████
█████████████████████████████▓▓▓▓▓▓▓▓▓▓▓▓▓▓▓▓▓▓▓▓▓▓▓▓▓▓▓▓▓▓▓▓▓▓▓▓▓▓▓▓▓▓▓████████████████████████████
██████████████████████████▓▓▓▓▓▓▓▓▓▓▓▓▓▓▓▓▓▓▓▓▓▓▓▓▓▓▓▓▓▓▓▓▓▓▓▓▓▓▓▓▓▓▓▓▓▓▓▓▓█████████████████████████
████████████████████████▓▓▓▓▓▓▓▓▓▒▒▒▒▒▒▒▒▒▒▒▒▒▒▒▒▒▒▒▒▒▒▒▒▒▒▒▒▒▒▒▒▒▒▒▓▓▓▓▓▓▓▓▓███████████████████████
██████████████████████▓▓▓▓▓▓▓▒▒▒▒▒▒▒▒▒▒▒▒▒▒▒▒▒▒▒▒▒▒▒▒▒▒▒▒▒▒▒▒▒▒▒▒▒▒▒▒▒▒▒▓▓▓▓▓▓▓█████████████████████
█████████████████████▓▓▓▓▓▓▒▒▒▒▒▒▒▒▒▒▒▒▒▒▒▒▒▒▒▒▒▒▒▒▒▒▒▒▒▒▒▒▒▒▒▒▒▒▒▒▒▒▒▒▒▒▒▓▓▓▓▓▓████████████████████
████████████████████▓▓▓▓▓▒▒▒▒▒▒▒░░░░░░░░░░░░░░░░░░░░░░░░░░░░░░░░░░░░░▒▒▒▒▒▒▒▓▓▓▓▓███████████████████
███████████████████▓▓▓▓▓▒▒▒▒▒▒░░░░░░░░░░░░░░░░░░░░░░░░░░░░░░░░░░░░░░░░░▒▒▒▒▒▒▓▓▓▓▓██████████████████
██████████████████▓▓▓▓▓▓▒▒▒▒▒░░░░░░˖˖˖˖˖˖˖˖˖˖˖˖˖˖˖˖˖˖˖˖˖˖˖˖˖˖˖˖˖˖˖░░░░░░▒▒▒▒▒▓▓▓▓▓▓█████████████████
██████████████████▓▓▓▓▓▒▒▒▒▒░░░░░˖˖˖˖˖˖˖˖˖˖˖˖˖˖˖˖˖˖˖˖˖˖˖˖˖˖˖˖˖˖˖˖˖˖˖░░░░░▒▒▒▒▒▓▓▓▓▓█████████████████
██████████████████▓▓▓▓▓▒▒▒▒▒░░░░░˖˖˖˖˖-------------------------˖˖˖˖˖░░░░░▒▒▒▒▒▓▓▓▓▓█████████████████
██████████████████▓▓▓▓▓▒▒▒▒▒░░░░░˖˖˖˖˖˖˖˖˖˖░░░░░▒▒▒▒▒░░░░░˖˖˖˖˖˖˖˖˖˖░░░░░▒▒▒▒▒▓▓▓▓▓█████████████████
██████████████████▓▓▓▓▓▓▒▒▒▒▒░░░░░░˖˖˖˖˖˖░░░░░░▒▒▒▒▒▒▒░░░░░░˖˖˖˖˖˖░░░░░░▒▒▒▒▒▓▓▓▓▓▓█████████████████
███████████████████▓▓▓▓▓▒▒▒▒▒▒░░░░░░░░░░░░░░░░▒▒▒▒▒▒▒▒▒░░░░░░░░░░░░░░░░▒▒▒▒▒▒▓▓▓▓▓██████████████████
████████████████████▓▓▓▓▓▒▒▒▒▒▒▒░░░░░░░░░░░░▒▒▒▒▒▒▒▒▒▒▒▒▒░░░░░░░░░░░░▒▒▒▒▒▒▒▓▓▓▓▓███████████████████
█████████████████████▓▓▓▓▓▓▒▒▒▒▒▒▒▒▒▒▒▒▒▒▒▒▒▒▒▒▒▒▓▓▓▒▒▒▒▒▒▒▒▒▒▒▒▒▒▒▒▒▒▒▒▒▒▓▓▓▓▓▓████████████████████
██████████████████████▓▓▓▓▓▓▓▒▒▒▒▒▒▒▒▒▒▒▒▒▒▒▒▒▒▓▓▓▓▓▓▓▒▒▒▒▒▒▒▒▒▒▒▒▒▒▒▒▒▒▓▓▓▓▓▓▓█████████████████████
████████████████████████▓▓▓▓▓▓▓▓▓▒▒▒▒▒▒▒▒▒▒▓▓▓▓▓▓▓▓▓▓▓▓▓▓▓▒▒▒▒▒▒▒▒▒▒▓▓▓▓▓▓▓▓▓███████████████████████
██████████████████████████▓▓▓▓▓▓▓▓▓▓▓▓▓▓▓▓▓▓▓▓▓▓▓▓█▓▓▓▓▓▓▓▓▓▓▓▓▓▓▓▓▓▓▓▓▓▓▓▓█████████████████████████
█████████████████████████████▓▓▓▓▓▓▓▓▓▓▓▓▓▓▓▓▓▓███████▓▓▓▓▓▓▓▓▓▓▓▓▓▓▓▓▓▓████████████████████████████
████████████████████████████████████████████████████████████████████████████████████████████████████
████████████████████████████████████████████████████████████████████████████████████████████████████
████████████████████████████████████████████████████████████████████████████████████████████████████
████████████████████████████████████████████████████████████████████████████████████████████████████
████████████████████████████████████████████████████████████████████████████████████████████████████
████████████████████████████████████████████████████████████████████████████████████████████████████
████████████████████████████████████████████████████████████████████████████████████████████████████
████████████████████████████████████████████████████████████████████████████████████████████████████
████████████████████████████████████████████████████████████████████████████████████████████████████
████████████████████████████████████████████████████████████████████████████████████████████████████
████████████████████████████████████████████████████████████████████████████████████████████████████
████████████████████████████████████████████████████████████████████████████████████████████████████
████████████████████████████████████████████████████████████████████████████████████████████████████
████████████████████████████████████████████████████████████████████████████████████████████████████
████████████████████████████████████████████████████████████████████████████████████████████████████"
`;
