// Vitest Snapshot v1, https://vitest.dev/guide/snapshot.html

exports[`line segment distance 1`] = `
"                                                                                                    
                                                                                                    
                                                                                                    
                                                                                                    
                                                                                                    
                                                                                                    
                                                                                                    
                                                                                                    
                                                                       █████████                    
                                                                    ███████████████                 
                                                                  ██████████████████                
                                                                █████████████████████               
                                                              ███████████████████████               
                                                            █████████████████████████               
                                                          ███████████████████████████               
                                                        ████████████████████████████                
                                                      █████████████████████████████                 
                                                    █████████████████████████████                   
                                                  █████████████████████████████                     
                                                █████████████████████████████                       
                                              █████████████████████████████                         
                                            █████████████████████████████                           
                                          █████████████████████████████                             
                                        █████████████████████████████                               
                                      █████████████████████████████                                 
                                    █████████████████████████████                                   
                                  █████████████████████████████                                     
                                █████████████████████████████                                       
                              █████████████████████████████                                         
                            █████████████████████████████                                           
                          █████████████████████████████                                             
                        █████████████████████████████                                               
                      █████████████████████████████                                                 
                    █████████████████████████████                                                   
                  █████████████████████████████                                                     
                 ████████████████████████████                                                       
                ███████████████████████████                                                         
                █████████████████████████                                                           
                ███████████████████████                                                             
                █████████████████████                                                               
                 ██████████████████                                                                 
                  ███████████████                                                                   
                     █████████                                                                      
                                                                                                    
                                                                                                    
                                                                                                    
                                                                                                    
                                                                                                    
                                                                                                    
                                                                                                    "
`;

exports[`line segment distance 2`] = `
"                                                                                                    
                                                                                                    
                                                                                                    
                                                                                                    
                                                                                                    
                                                                                                    
                                                                                                    
                                                                                                    
                     █████████                                                                      
                  ███████████████                                                                   
                 ██████████████████                                                                 
                █████████████████████                                                               
                ███████████████████████                                                             
                █████████████████████████                                                           
                ███████████████████████████                                                         
                 ████████████████████████████                                                       
                  █████████████████████████████                                                     
                    █████████████████████████████                                                   
                      █████████████████████████████                                                 
                        █████████████████████████████                                               
                          █████████████████████████████                                             
                            █████████████████████████████                                           
                              █████████████████████████████                                         
                                █████████████████████████████                                       
                                  █████████████████████████████                                     
                                    █████████████████████████████                                   
                                      █████████████████████████████                                 
                                        █████████████████████████████                               
                                          █████████████████████████████                             
                                            █████████████████████████████                           
                                              █████████████████████████████                         
                                                █████████████████████████████                       
                                                  █████████████████████████████                     
                                                    █████████████████████████████                   
                                                      █████████████████████████████                 
                                                        ████████████████████████████                
                                                          ███████████████████████████               
                                                            █████████████████████████               
                                                              ███████████████████████               
                                                                █████████████████████               
                                                                  ██████████████████                
                                                                    ███████████████                 
                                                                       █████████                    
                                                                                                    
                                                                                                    
                                                                                                    
                                                                                                    
                                                                                                    
                                                                                                    
                                                                                                    "
`;

exports[`line segment distance 3`] = `
"                                                                                                    
                                                                                                    
                                                                                                    
                                                                                                    
                                                                                                    
                                                                                                    
                                                                                                    
                                                                                                    
                                                                                                    
                                                                                                    
                                                                                                    
                                                                                                    
                                                                                                    
                                                                                                    
                                                                                                    
                                                                                                    
                                                                                                    
                                                                                                    
                                                                                                    
                                                                                                    
                                                                                                    
                    █████████████████████████████████████████████████████████████                   
                  █████████████████████████████████████████████████████████████████                 
                █████████████████████████████████████████████████████████████████████               
                █████████████████████████████████████████████████████████████████████               
               ███████████████████████████████████████████████████████████████████████              
                █████████████████████████████████████████████████████████████████████               
                █████████████████████████████████████████████████████████████████████               
                  █████████████████████████████████████████████████████████████████                 
                    █████████████████████████████████████████████████████████████                   
                                                                                                    
                                                                                                    
                                                                                                    
                                                                                                    
                                                                                                    
                                                                                                    
                                                                                                    
                                                                                                    
                                                                                                    
                                                                                                    
                                                                                                    
                                                                                                    
                                                                                                    
                                                                                                    
                                                                                                    
                                                                                                    
                                                                                                    
                                                                                                    
                                                                                                    
                                                                                                    "
`;

exports[`line segment solid angle 1`] = `
"▒▒▓▓▓▓▓▓▓▓▓▓▓▓▓▓▓▓▓▓▓▓▓▓▓▓▓▓▓▓▓▓▓▓▓▓▓▓▓▓▓▓▓▓▓▓▓▓▓▓▓▓▓▓▓▓▓▓▓▓▓▓▒▒▒▒▒▒▒▒▒▒▒▒░░░░░░░░░░░˖˖˖˖˖˖˖˖˖˖˖˖˖˖˖
▓▓▓▓▓▓▓▓▓▓▓▓▓▓▓▓▓▓▓▓▓▓▓▓▓▓▓▓▓▓▓▓▓▓▓▓▓▓▓▓▓▓▓▓▓▓▓▓▓▓▓▓▓▓▓▓▓▓▓▓▓▓▓▓▒▒▒▒▒▒▒▒▒▒▒░░░░░░░░░˖˖˖˖˖˖˖˖˖˖˖˖˖˖--
▓▓▓▓▓▓▓▓▓▓▓▓▓▓▓▓▓▓▓▓▓▓▓▓▓▓▓▓▓▓▓▓▓▓▓▓▓▓▓▓▓▓▓▓▓▓▓▓▓▓▓▓▓▓▓▓▓▓▓▓▓▓▓▓▓▓▒▒▒▒▒▒▒▒▒░░░░░░░░░˖˖˖˖˖˖˖˖˖˖˖˖----
▓▓▓▓▓▓▓▓▓▓▓▓▓▓▓▓▓▓▓▓▓▓▓▓▓▓▓▓▓▓▓▓▓███████████████████▓▓▓▓▓▓▓▓▓▓▓▓▓▓▓▓▒▒▒▒▒▒▒░░░░░░░░˖˖˖˖˖˖˖˖˖˖˖------
▓▓▓▓▓▓▓▓▓▓▓▓▓▓▓▓▓▓▓▓▓▓▓▓▓▓▓███████████████████████████████▓▓▓▓▓▓▓▓▓▓▓▒▒▒▒▒▒▒░░░░░░░˖˖˖˖˖˖˖˖˖--------
▓▓▓▓▓▓▓▓▓▓▓▓▓▓▓▓▓▓▓▓▓▓▓███████████████████████████████████████▓▓▓▓▓▓▓▓▒▒▒▒▒▒░░░░░░˖˖˖˖˖˖˖˖----------
▓▓▓▓▓▓▓▓▓▓▓▓▓▓▓▓▓▓▓▓████████████████████████████████████████████▓▓▓▓▓▓▓▒▒▒▒▒░░░░░˖˖˖˖˖˖˖------------
▓▓▓▓▓▓▓▓▓▓▓▓▓▓▓▓▓▓█████████████████████████████████████████████████▓▓▓▓▓▒▒▒▒░░░░˖˖˖˖˖˖--------------
▓▓▓▓▓▓▓▓▓▓▓▓▓▓▓▓█████████████████████████████████████████████████████▓▓▓▓▒▒▒░░░░˖˖˖˖---------------○
▓▓▓▓▓▓▓▓▓▓▓▓▓▓█████████████████████████████████████████████████████████▓▓▓▒▒░░░˖˖˖----------○○○○○○○○
▓▓▓▓▓▓▓▓▓▓▓▓████████████████████████████████████████████████████████████▓▓▒▒░░˖˖-------○○○○○○○○○○○○○
▓▓▓▓▓▓▓▓▓▓▓███████████████████████████████████████████████████████████████▓▒░˖----○○○○○○○○○○○○○○○○○○
▓▓▓▓▓▓▓▓▓▓█████████████████████████████████████████████████████████████████▒--○○○○○○○○○○○○○○○○○○○○○○
▓▓▓▓▓▓▓▓▓██████████████████████████████████████████████████████████████████●●◉◉◉◎◎◎◎◎◎◎◎◎◎◎◎◎◎◎◎◎◎◎○
▓▓▓▓▓▓▓▓█████████████████████████████████████████████████████████████████●●●●●●●◉◉◉◉◉◉◎◎◎◎◎◎◎◎◎◎◎◎◎◎
▓▓▓▓▓▓▓████████████████████████████████████████████████████████████████●●●●●●●●●●●●◉◉◉◉◉◉◉◎◎◎◎◎◎◎◎◎◎
▓▓▓▓▓▓▓██████████████████████████████████████████████████████████████●●●●●●●●●●●●●●●●◉◉◉◉◉◉◉◉◎◎◎◎◎◎◎
▓▓▓▓▓▓█████████████████████████████████████████████████████████████●●●●●●●●●●●●●●●●●●●●◉◉◉◉◉◉◉◉◉◎◎◎◎
▓▓▓▓▓▓███████████████████████████████████████████████████████████●●●●●●●●●●●●●●●●●●●●●●●◉◉◉◉◉◉◉◉◉◉◎◎
▓▓▓▓▓██████████████████████████████████████████████████████████●●●●●●●●●●●●●●●●●●●●●●●●●●●◉◉◉◉◉◉◉◉◉◉
▓▓▓▓▓████████████████████████████████████████████████████████●●●●●●●●●●●●●●●●●●●●●●●●●●●●●●◉◉◉◉◉◉◉◉◉
▓▓▓▓▓██████████████████████████████████████████████████████●●●●●●●●●●●●●●●●●●●●●●●●●●●●●●●●●◉◉◉◉◉◉◉◉
▓▓▓▓▓████████████████████████████████████████████████████●●●●●●●●●●●●●●●●●●●●●●●●●●●●●●●●●●●●◉◉◉◉◉◉◉
▓▓▓▓▓██████████████████████████████████████████████████●●●●●●●●●●●●●●●●●●●●●●●●●●●●●●●●●●●●●●●◉◉◉◉◉◉
▓▓▓▓▓▓███████████████████████████████████████████████●●●●●●●●●●●●●●●●●●●●●●●●●●●●●●●●●●●●●●●●●◉◉◉◉◉◉
▓▓▓▓▓▓█████████████████████████████████████████████●●●●●●●●●●●●●●●●●●●●●●●●●●●●●●●●●●●●●●●●●●●●◉◉◉◉◉
▓▓▓▓▓▓▓██████████████████████████████████████████●●●●●●●●●●●●●●●●●●●●●●●●●●●●●●●●●●●●●●●●●●●●●●◉◉◉◉◉
▓▓▓▓▓▓▓████████████████████████████████████████●●●●●●●●●●●●●●●●●●●●●●●●●●●●●●●●●●●●●●●●●●●●●●●●●◉◉◉◉
▓▓▓▓▓▓▓▓█████████████████████████████████████●●●●●●●●●●●●●●●●●●●●●●●●●●●●●●●●●●●●●●●●●●●●●●●●●●●◉◉◉◉
▓▓▓▓▓▓▓▓▓██████████████████████████████████●●●●●●●●●●●●●●●●●●●●●●●●●●●●●●●●●●●●●●●●●●●●●●●●●●●●●◉◉◉◉
▓▓▓▓▓▓▓▓▓▓███████████████████████████████●●●●●●●●●●●●●●●●●●●●●●●●●●●●●●●●●●●●●●●●●●●●●●●●●●●●●●●◉◉◉◉
▒▓▓▓▓▓▓▓▓▓▓████████████████████████████●●●●●●●●●●●●●●●●●●●●●●●●●●●●●●●●●●●●●●●●●●●●●●●●●●●●●●●●●◉◉◉◉
▒▒▒▓▓▓▓▓▓▓▓▓▓████████████████████████●●●●●●●●●●●●●●●●●●●●●●●●●●●●●●●●●●●●●●●●●●●●●●●●●●●●●●●●●●◉◉◉◉◉
▒▒▒▒▒▓▓▓▓▓▓▓▓▓█████████████████████●●●●●●●●●●●●●●●●●●●●●●●●●●●●●●●●●●●●●●●●●●●●●●●●●●●●●●●●●●●●◉◉◉◉◉
▒▒▒▒▒▒▒▒▓▓▓▓▓▓▓▓█████████████████●●●●●●●●●●●●●●●●●●●●●●●●●●●●●●●●●●●●●●●●●●●●●●●●●●●●●●●●●●●●●◉◉◉◉◉◉
▒▒▒▒▒▒▒▒▒▒▒▓▓▓▓▓▓▓█████████████●●●●●●●●●●●●●●●●●●●●●●●●●●●●●●●●●●●●●●●●●●●●●●●●●●●●●●●●●●●●●●●◉◉◉◉◉◉
▒▒▒▒▒▒▒▒▒▒▒▒▒▒▒▓▓▓▓▓▓████████●●●●●●●●●●●●●●●●●●●●●●●●●●●●●●●●●●●●●●●●●●●●●●●●●●●●●●●●●●●●●●●●◉◉◉◉◉◉◉
░░▒▒▒▒▒▒▒▒▒▒▒▒▒▒▒▒▒▒▒▓▓▓███●●●●●●●●●●●●●●●●●●●●●●●●●●●●●●●●●●●●●●●●●●●●●●●●●●●●●●●●●●●●●●●●●◉◉◉◉◉◉◉◉
░░░░░░░░░░░░░░░░░░░░░░░˖-◎●●●●●●●●●●●●●●●●●●●●●●●●●●●●●●●●●●●●●●●●●●●●●●●●●●●●●●●●●●●●●●●●●◉◉◉◉◉◉◉◉◉
░░░░░░░░░░░░░░░░░░░˖˖˖--○◎◉●●●●●●●●●●●●●●●●●●●●●●●●●●●●●●●●●●●●●●●●●●●●●●●●●●●●●●●●●●●●●●●◉◉◉◉◉◉◉◉◉◉
░░░░░░░░░░░░░░˖˖˖˖˖˖---○○◎◎◉◉●●●●●●●●●●●●●●●●●●●●●●●●●●●●●●●●●●●●●●●●●●●●●●●●●●●●●●●●●●●●◉◉◉◉◉◉◉◉◉◉◉
░░░░░░░░░˖˖˖˖˖˖˖˖˖----○○○◎◎◉◉◉●●●●●●●●●●●●●●●●●●●●●●●●●●●●●●●●●●●●●●●●●●●●●●●●●●●●●●●●●◉◉◉◉◉◉◉◉◉◉◉◉◉
░░˖˖˖˖˖˖˖˖˖˖˖˖˖˖-----○○○○◎◎◎◉◉◉◉●●●●●●●●●●●●●●●●●●●●●●●●●●●●●●●●●●●●●●●●●●●●●●●●●●●●●◉◉◉◉◉◉◉◉◉◉◉◉◉◉◉
˖˖˖˖˖˖˖˖˖˖˖˖˖˖-------○○○○◎◎◎◎◉◉◉◉◉●●●●●●●●●●●●●●●●●●●●●●●●●●●●●●●●●●●●●●●●●●●●●●●●●◉◉◉◉◉◉◉◉◉◉◉◉◉◉◉◉◉
˖˖˖˖˖˖˖˖˖˖˖˖--------○○○○○◎◎◎◎◎◉◉◉◉◉◉◉●●●●●●●●●●●●●●●●●●●●●●●●●●●●●●●●●●●●●●●●●●●●◉◉◉◉◉◉◉◉◉◉◉◉◉◉◉◉◉◉◉
˖˖˖˖˖˖˖˖˖˖---------○○○○○○◎◎◎◎◎◎◉◉◉◉◉◉◉◉●●●●●●●●●●●●●●●●●●●●●●●●●●●●●●●●●●●●●●●◉◉◉◉◉◉◉◉◉◉◉◉◉◉◉◉◉◉◉◉◉◉
˖˖˖˖˖˖˖˖----------○○○○○○○◎◎◎◎◎◎◎◉◉◉◉◉◉◉◉◉◉◉●●●●●●●●●●●●●●●●●●●●●●●●●●●●●●●◉◉◉◉◉◉◉◉◉◉◉◉◉◉◉◉◉◉◉◉◉◉◉◉◉◉
˖˖˖˖˖˖------------○○○○○○○○◎◎◎◎◎◎◎◉◉◉◉◉◉◉◉◉◉◉◉◉◉◉◉●●●●●●●●●●●●●●●●●●●◉◉◉◉◉◉◉◉◉◉◉◉◉◉◉◉◉◉◉◉◉◉◉◉◉◉◉◉◉◉◉◉
˖˖˖˖-------------○○○○○○○○○◎◎◎◎◎◎◎◎◎◉◉◉◉◉◉◉◉◉◉◉◉◉◉◉◉◉◉◉◉◉◉◉◉◉◉◉◉◉◉◉◉◉◉◉◉◉◉◉◉◉◉◉◉◉◉◉◉◉◉◉◉◉◉◉◉◉◉◉◉◉◉◉◉◉
˖˖---------------○○○○○○○○○◎◎◎◎◎◎◎◎◎◎◎◉◉◉◉◉◉◉◉◉◉◉◉◉◉◉◉◉◉◉◉◉◉◉◉◉◉◉◉◉◉◉◉◉◉◉◉◉◉◉◉◉◉◉◉◉◉◉◉◉◉◉◉◉◉◉◉◉◉◉◉◉◉◉"
`;

exports[`line segment solid angle 2`] = `
"◎◎◉◉◉◉◉◉◉◉◉◉◉◉◉◉◉◉◉◉◉◉◉◉◉◉◉◉◉◉◉◉◉◉◉◉◉◉◉◉◉◉◉◉◉◉◉◉◉◉◉◉◉◉◉◉◉◉◉◉◉◉◎◎◎◎◎◎◎◎◎◎◎◎○○○○○○○○○○○---------------
◉◉◉◉◉◉◉◉◉◉◉◉◉◉◉◉◉◉◉◉◉◉◉◉◉◉◉◉◉◉◉◉◉◉◉◉◉◉◉◉◉◉◉◉◉◉◉◉◉◉◉◉◉◉◉◉◉◉◉◉◉◉◉◉◎◎◎◎◎◎◎◎◎◎◎○○○○○○○○○---------------˖
◉◉◉◉◉◉◉◉◉◉◉◉◉◉◉◉◉◉◉◉◉◉◉◉◉◉◉◉◉◉◉◉◉◉◉◉◉◉◉◉◉◉◉◉◉◉◉◉◉◉◉◉◉◉◉◉◉◉◉◉◉◉◉◉◉◉◎◎◎◎◎◎◎◎◎○○○○○○○○○-------------˖˖˖
◉◉◉◉◉◉◉◉◉◉◉◉◉◉◉◉◉◉◉◉◉◉◉◉◉◉◉◉◉◉◉◉◉●●●●●●●●●●●●●●●●●●●◉◉◉◉◉◉◉◉◉◉◉◉◉◉◉◉◎◎◎◎◎◎◎○○○○○○○○------------˖˖˖˖˖
◉◉◉◉◉◉◉◉◉◉◉◉◉◉◉◉◉◉◉◉◉◉◉◉◉◉◉●●●●●●●●●●●●●●●●●●●●●●●●●●●●●●●◉◉◉◉◉◉◉◉◉◉◉◎◎◎◎◎◎◎○○○○○○○----------˖˖˖˖˖˖˖
◉◉◉◉◉◉◉◉◉◉◉◉◉◉◉◉◉◉◉◉◉◉◉●●●●●●●●●●●●●●●●●●●●●●●●●●●●●●●●●●●●●●●◉◉◉◉◉◉◉◉◎◎◎◎◎◎○○○○○○---------˖˖˖˖˖˖˖˖˖
◉◉◉◉◉◉◉◉◉◉◉◉◉◉◉◉◉◉◉◉●●●●●●●●●●●●●●●●●●●●●●●●●●●●●●●●●●●●●●●●●●●●◉◉◉◉◉◉◉◎◎◎◎◎○○○○○--------˖˖˖˖˖˖˖˖˖˖˖
◉◉◉◉◉◉◉◉◉◉◉◉◉◉◉◉◉◉●●●●●●●●●●●●●●●●●●●●●●●●●●●●●●●●●●●●●●●●●●●●●●●●●◉◉◉◉◉◎◎◎◎○○○○-------˖˖˖˖˖˖˖˖˖˖˖˖˖
◉◉◉◉◉◉◉◉◉◉◉◉◉◉◉◉●●●●●●●●●●●●●●●●●●●●●●●●●●●●●●●●●●●●●●●●●●●●●●●●●●●●●◉◉◉◉◎◎◎○○○○-----˖˖˖˖˖˖˖˖˖˖˖˖˖˖░
◉◉◉◉◉◉◉◉◉◉◉◉◉◉●●●●●●●●●●●●●●●●●●●●●●●●●●●●●●●●●●●●●●●●●●●●●●●●●●●●●●●●●◉◉◉◎◎○○○----˖˖˖˖˖˖˖˖˖░░░░░░░░
◉◉◉◉◉◉◉◉◉◉◉◉●●●●●●●●●●●●●●●●●●●●●●●●●●●●●●●●●●●●●●●●●●●●●●●●●●●●●●●●●●●●◉◉◎◎○○---˖˖˖˖˖˖░░░░░░░░░░░░░
◉◉◉◉◉◉◉◉◉◉◉●●●●●●●●●●●●●●●●●●●●●●●●●●●●●●●●●●●●●●●●●●●●●●●●●●●●●●●●●●●●●●●◉◎○--˖˖˖░░░░░░░░░░░░░░░░░░
◉◉◉◉◉◉◉◉◉◉●●●●●●●●●●●●●●●●●●●●●●●●●●●●●●●●●●●●●●●●●●●●●●●●●●●●●●●●●●●●●●●●●◎-˖░░░░░░░░░░░░░░░░░░░░░░
◉◉◉◉◉◉◉◉◉●●●●●●●●●●●●●●●●●●●●●●●●●●●●●●●●●●●●●●●●●●●●●●●●●●●●●●●●●●●●●●●●●███▓▓▓▒▒▒▒▒▒▒▒▒▒▒▒▒▒▒▒▒▒▒░
◉◉◉◉◉◉◉◉●●●●●●●●●●●●●●●●●●●●●●●●●●●●●●●●●●●●●●●●●●●●●●●●●●●●●●●●●●●●●●●●████████▓▓▓▓▓▓▒▒▒▒▒▒▒▒▒▒▒▒▒▒
◉◉◉◉◉◉◉●●●●●●●●●●●●●●●●●●●●●●●●●●●●●●●●●●●●●●●●●●●●●●●●●●●●●●●●●●●●●●●█████████████▓▓▓▓▓▓▓▒▒▒▒▒▒▒▒▒▒
◉◉◉◉◉◉◉●●●●●●●●●●●●●●●●●●●●●●●●●●●●●●●●●●●●●●●●●●●●●●●●●●●●●●●●●●●●●█████████████████▓▓▓▓▓▓▓▓▒▒▒▒▒▒▒
◉◉◉◉◉◉●●●●●●●●●●●●●●●●●●●●●●●●●●●●●●●●●●●●●●●●●●●●●●●●●●●●●●●●●●●●█████████████████████▓▓▓▓▓▓▓▓▓▒▒▒▒
◉◉◉◉◉◉●●●●●●●●●●●●●●●●●●●●●●●●●●●●●●●●●●●●●●●●●●●●●●●●●●●●●●●●●●████████████████████████▓▓▓▓▓▓▓▓▓▓▒▒
◉◉◉◉◉●●●●●●●●●●●●●●●●●●●●●●●●●●●●●●●●●●●●●●●●●●●●●●●●●●●●●●●●●████████████████████████████▓▓▓▓▓▓▓▓▓▓
◉◉◉◉◉●●●●●●●●●●●●●●●●●●●●●●●●●●●●●●●●●●●●●●●●●●●●●●●●●●●●●●●███████████████████████████████▓▓▓▓▓▓▓▓▓
◉◉◉◉◉●●●●●●●●●●●●●●●●●●●●●●●●●●●●●●●●●●●●●●●●●●●●●●●●●●●●●██████████████████████████████████▓▓▓▓▓▓▓▓
◉◉◉◉◉●●●●●●●●●●●●●●●●●●●●●●●●●●●●●●●●●●●●●●●●●●●●●●●●●●●█████████████████████████████████████▓▓▓▓▓▓▓
◉◉◉◉◉●●●●●●●●●●●●●●●●●●●●●●●●●●●●●●●●●●●●●●●●●●●●●●●●●████████████████████████████████████████▓▓▓▓▓▓
◉◉◉◉◉◉●●●●●●●●●●●●●●●●●●●●●●●●●●●●●●●●●●●●●●●●●●●●●●██████████████████████████████████████████▓▓▓▓▓▓
◉◉◉◉◉◉●●●●●●●●●●●●●●●●●●●●●●●●●●●●●●●●●●●●●●●●●●●●█████████████████████████████████████████████▓▓▓▓▓
◉◉◉◉◉◉◉●●●●●●●●●●●●●●●●●●●●●●●●●●●●●●●●●●●●●●●●●███████████████████████████████████████████████▓▓▓▓▓
◉◉◉◉◉◉◉●●●●●●●●●●●●●●●●●●●●●●●●●●●●●●●●●●●●●●●██████████████████████████████████████████████████▓▓▓▓
◉◉◉◉◉◉◉◉●●●●●●●●●●●●●●●●●●●●●●●●●●●●●●●●●●●●████████████████████████████████████████████████████▓▓▓▓
◉◉◉◉◉◉◉◉◉●●●●●●●●●●●●●●●●●●●●●●●●●●●●●●●●●██████████████████████████████████████████████████████▓▓▓▓
◉◉◉◉◉◉◉◉◉◉●●●●●●●●●●●●●●●●●●●●●●●●●●●●●●████████████████████████████████████████████████████████▓▓▓▓
◎◉◉◉◉◉◉◉◉◉◉●●●●●●●●●●●●●●●●●●●●●●●●●●●██████████████████████████████████████████████████████████▓▓▓▓
◎◎◎◉◉◉◉◉◉◉◉◉◉●●●●●●●●●●●●●●●●●●●●●●●███████████████████████████████████████████████████████████▓▓▓▓▓
◎◎◎◎◎◉◉◉◉◉◉◉◉◉●●●●●●●●●●●●●●●●●●●●█████████████████████████████████████████████████████████████▓▓▓▓▓
◎◎◎◎◎◎◎◎◉◉◉◉◉◉◉◉●●●●●●●●●●●●●●●●██████████████████████████████████████████████████████████████▓▓▓▓▓▓
◎◎◎◎◎◎◎◎◎◎◎◉◉◉◉◉◉◉●●●●●●●●●●●●████████████████████████████████████████████████████████████████▓▓▓▓▓▓
◎◎◎◎◎◎◎◎◎◎◎◎◎◎◎◉◉◉◉◉◉●●●●●●●█████████████████████████████████████████████████████████████████▓▓▓▓▓▓▓
○○◎◎◎◎◎◎◎◎◎◎◎◎◎◎◎◎◎◎◎◉◉◉●●██████████████████████████████████████████████████████████████████▓▓▓▓▓▓▓▓
○○○○○○○○○○○○○○○○○○○○○○○--▒█████████████████████████████████████████████████████████████████▓▓▓▓▓▓▓▓▓
○○○○○○○○○○○○○○○○○○○----˖░▒▓███████████████████████████████████████████████████████████████▓▓▓▓▓▓▓▓▓▓
○○○○○○○○○○○○○○-------˖˖░░▒▒▓▓████████████████████████████████████████████████████████████▓▓▓▓▓▓▓▓▓▓▓
○○○○○○○○○----------˖˖˖░░░▒▒▓▓▓█████████████████████████████████████████████████████████▓▓▓▓▓▓▓▓▓▓▓▓▓
○○---------------˖˖˖˖░░░░▒▒▒▓▓▓▓█████████████████████████████████████████████████████▓▓▓▓▓▓▓▓▓▓▓▓▓▓▓
---------------˖˖˖˖˖˖░░░░▒▒▒▒▓▓▓▓▓█████████████████████████████████████████████████▓▓▓▓▓▓▓▓▓▓▓▓▓▓▓▓▓
-------------˖˖˖˖˖˖˖░░░░░▒▒▒▒▒▓▓▓▓▓▓▓████████████████████████████████████████████▓▓▓▓▓▓▓▓▓▓▓▓▓▓▓▓▓▓▓
-----------˖˖˖˖˖˖˖˖░░░░░░▒▒▒▒▒▒▓▓▓▓▓▓▓▓███████████████████████████████████████▓▓▓▓▓▓▓▓▓▓▓▓▓▓▓▓▓▓▓▓▓▓
---------˖˖˖˖˖˖˖˖˖░░░░░░░▒▒▒▒▒▒▒▓▓▓▓▓▓▓▓▓▓▓███████████████████████████████▓▓▓▓▓▓▓▓▓▓▓▓▓▓▓▓▓▓▓▓▓▓▓▓▓▓
-------˖˖˖˖˖˖˖˖˖˖˖░░░░░░░░▒▒▒▒▒▒▒▓▓▓▓▓▓▓▓▓▓▓▓▓▓▓▓███████████████████▓▓▓▓▓▓▓▓▓▓▓▓▓▓▓▓▓▓▓▓▓▓▓▓▓▓▓▓▓▓▓▓
-----˖˖˖˖˖˖˖˖˖˖˖˖░░░░░░░░░▒▒▒▒▒▒▒▒▒▓▓▓▓▓▓▓▓▓▓▓▓▓▓▓▓▓▓▓▓▓▓▓▓▓▓▓▓▓▓▓▓▓▓▓▓▓▓▓▓▓▓▓▓▓▓▓▓▓▓▓▓▓▓▓▓▓▓▓▓▓▓▓▓▓
---˖˖˖˖˖˖˖˖˖˖˖˖˖˖░░░░░░░░░▒▒▒▒▒▒▒▒▒▒▒▓▓▓▓▓▓▓▓▓▓▓▓▓▓▓▓▓▓▓▓▓▓▓▓▓▓▓▓▓▓▓▓▓▓▓▓▓▓▓▓▓▓▓▓▓▓▓▓▓▓▓▓▓▓▓▓▓▓▓▓▓▓▓"
`;

exports[`line segment solid angle 3`] = `
"○○○○○○○○○○○○○○○○○○○○○○○○○○○○○○○○○○○○○--------------˖˖˖˖˖˖˖˖˖˖˖˖˖░░░░░░░░░░░░░░░░░░░░░░░░░░░░░░░░░░░░
○○○○○○○○○○○○○○○○○○○○○○○○○○○○○○○○○○○○○○○------------˖˖˖˖˖˖˖˖˖˖˖░░░░░░░░░░░░░░░░░░░░░░░░░░░░░░░░░░░░░░
○○○○○○○○○○○○○○○○○○○○○○○○○○○○○○○○○○○○○○○○-----------˖˖˖˖˖˖˖˖˖˖░░░░░░░░░░░░░░░░░░░░░░░░░░░░░░░░░░░░░░░
○○○○○○○○○○○○○○○○○○○○○○○○○○○○○○○○○○○○○○○○○----------˖˖˖˖˖˖˖˖˖░░░░░░░░░░░░░░░░░░░░░░░░░░░░░░░░░░░░░░░░
○○○○○○○○○◎◎◎◎◎◎◎◎◎◎◎◎◎◎○○○○○○○○○○○○○○○○○○○○--------˖˖˖˖˖˖˖░░░░░░░░░░░░░░░░░░░░▒▒▒▒▒▒▒▒▒▒▒▒▒▒░░░░░░░░
○○◎◎◎◎◎◎◎◎◎◎◎◎◎◎◎◎◎◎◎◎◎◎◎◎◎◎◎◎◎○○○○○○○○○○○○○-------˖˖˖˖˖˖░░░░░░░░░░░░░▒▒▒▒▒▒▒▒▒▒▒▒▒▒▒▒▒▒▒▒▒▒▒▒▒▒▒▒▒░
◎◎◎◎◎◎◎◎◎◎◎◎◎◎◎◎◎◎◎◎◎◎◎◎◎◎◎◎◎◎◎◎◎◎◎○○○○○○○○○○------˖˖˖˖˖░░░░░░░░░░▒▒▒▒▒▒▒▒▒▒▒▒▒▒▒▒▒▒▒▒▒▒▒▒▒▒▒▒▒▒▒▒▒▒
◎◎◎◎◎◎◎◎◎◎◎◎◎◎◎◎◎◎◎◎◎◎◎◎◎◎◎◎◎◎◎◎◎◎◎◎◎◎◎○○○○○○○-----˖˖˖˖░░░░░░░▒▒▒▒▒▒▒▒▒▒▒▒▒▒▒▒▒▒▒▒▒▒▒▒▒▒▒▒▒▒▒▒▒▒▒▒▒▒
◎◎◎◎◎◎◎◎◎◎◎◎◎◎◎◎◎◎◎◎◎◎◎◎◎◎◎◎◎◎◎◎◎◎◎◎◎◎◎◎◎◎○○○○○----˖˖˖░░░░░▒▒▒▒▒▒▒▒▒▒▒▒▒▒▒▒▒▒▒▒▒▒▒▒▒▒▒▒▒▒▒▒▒▒▒▒▒▒▒▒▒
◎◎◎◎◎◎◎◎◎◎◎◎◎◎◎◎◎◎◎◎◎◎◎◎◎◎◎◎◎◎◎◎◎◎◎◎◎◎◎◎◎◎◎◎○○○○---˖˖░░░░▒▒▒▒▒▒▒▒▒▒▒▒▒▒▒▒▒▒▒▒▒▒▒▒▒▒▒▒▒▒▒▒▒▒▒▒▒▒▒▒▒▒▒
◎◎◎◎◎◎◎◎◎◎◎◎◎◎◎◎◎◎◎◎◎◎◎◎◎◉◉◉◉◉◉◉◉◉◉◉◉◉◉◉◎◎◎◎◎◎○○○--˖░░░▒▒▒▒▒▒▓▓▓▓▓▓▓▓▓▓▓▓▓▓▓▒▒▒▒▒▒▒▒▒▒▒▒▒▒▒▒▒▒▒▒▒▒▒▒
◎◎◎◎◎◎◎◎◎◎◎◎◎◎◎◎◎◎◎◉◉◉◉◉◉◉◉◉◉◉◉◉◉◉◉◉◉◉◉◉◉◉◉◉◉◎◎◎○--˖░▒▒▒▓▓▓▓▓▓▓▓▓▓▓▓▓▓▓▓▓▓▓▓▓▓▓▓▓▓▒▒▒▒▒▒▒▒▒▒▒▒▒▒▒▒▒▒
◎◎◎◎◎◎◎◎◎◎◎◎◎◎◎◎◉◉◉◉◉◉◉◉◉◉◉◉◉◉◉◉◉◉◉◉◉◉◉●●●●●●●◉◉◉◎-▒▓▓▓███████▓▓▓▓▓▓▓▓▓▓▓▓▓▓▓▓▓▓▓▓▓▓▓▒▒▒▒▒▒▒▒▒▒▒▒▒▒▒
◎◎◎◎◎◎◎◎◎◎◎◎◎◉◉◉◉◉◉◉◉◉◉◉◉◉◉◉◉◉◉◉●●●●●●●●●●●●●●●●●●███████████████████▓▓▓▓▓▓▓▓▓▓▓▓▓▓▓▓▓▓▓▒▒▒▒▒▒▒▒▒▒▒▒
◎◎◎◎◎◎◎◎◎◎◎◉◉◉◉◉◉◉◉◉◉◉◉◉◉◉◉◉●●●●●●●●●●●●●●●●●●●●●●███████████████████████▓▓▓▓▓▓▓▓▓▓▓▓▓▓▓▓▓▒▒▒▒▒▒▒▒▒▒
◎◎◎◎◎◎◎◎◎◉◉◉◉◉◉◉◉◉◉◉◉◉◉◉◉●●●●●●●●●●●●●●●●●●●●●●●●●██████████████████████████▓▓▓▓▓▓▓▓▓▓▓▓▓▓▓▓▒▒▒▒▒▒▒▒
◎◎◎◎◎◎◎◉◉◉◉◉◉◉◉◉◉◉◉◉◉◉◉●●●●●●●●●●●●●●●●●●●●●●●●●●●████████████████████████████▓▓▓▓▓▓▓▓▓▓▓▓▓▓▓▓▒▒▒▒▒▒
◎◎◎◎◎◎◉◉◉◉◉◉◉◉◉◉◉◉◉◉◉◉●●●●●●●●●●●●●●●●●●●●●●●●●●●●█████████████████████████████▓▓▓▓▓▓▓▓▓▓▓▓▓▓▓▓▒▒▒▒▒
◎◎◎◎◎◉◉◉◉◉◉◉◉◉◉◉◉◉◉◉●●●●●●●●●●●●●●●●●●●●●●●●●●●●●●███████████████████████████████▓▓▓▓▓▓▓▓▓▓▓▓▓▓▓▒▒▒▒
◎◎◎◎◉◉◉◉◉◉◉◉◉◉◉◉◉◉◉●●●●●●●●●●●●●●●●●●●●●●●●●●●●●●●████████████████████████████████▓▓▓▓▓▓▓▓▓▓▓▓▓▓▓▒▒▒
◎◎◎◉◉◉◉◉◉◉◉◉◉◉◉◉◉◉●●●●●●●●●●●●●●●●●●●●●●●●●●●●●●●●█████████████████████████████████▓▓▓▓▓▓▓▓▓▓▓▓▓▓▓▒▒
◎◎◉◉◉◉◉◉◉◉◉◉◉◉◉◉◉●●●●●●●●●●●●●●●●●●●●●●●●●●●●●●●●●██████████████████████████████████▓▓▓▓▓▓▓▓▓▓▓▓▓▓▓▒
◎◎◉◉◉◉◉◉◉◉◉◉◉◉◉◉◉●●●●●●●●●●●●●●●●●●●●●●●●●●●●●●●●●██████████████████████████████████▓▓▓▓▓▓▓▓▓▓▓▓▓▓▓▒
◎◎◉◉◉◉◉◉◉◉◉◉◉◉◉◉●●●●●●●●●●●●●●●●●●●●●●●●●●●●●●●●●●███████████████████████████████████▓▓▓▓▓▓▓▓▓▓▓▓▓▓▒
◎◉◉◉◉◉◉◉◉◉◉◉◉◉◉◉●●●●●●●●●●●●●●●●●●●●●●●●●●●●●●●●●●███████████████████████████████████▓▓▓▓▓▓▓▓▓▓▓▓▓▓▓
◎◉◉◉◉◉◉◉◉◉◉◉◉◉◉◉●●●●●●●●●●●●●●●●●●●●●●●●●●●●●●●●●●███████████████████████████████████▓▓▓▓▓▓▓▓▓▓▓▓▓▓▓
◎◉◉◉◉◉◉◉◉◉◉◉◉◉◉◉●●●●●●●●●●●●●●●●●●●●●●●●●●●●●●●●●●███████████████████████████████████▓▓▓▓▓▓▓▓▓▓▓▓▓▓▓
◎◎◉◉◉◉◉◉◉◉◉◉◉◉◉◉●●●●●●●●●●●●●●●●●●●●●●●●●●●●●●●●●●███████████████████████████████████▓▓▓▓▓▓▓▓▓▓▓▓▓▓▒
◎◎◉◉◉◉◉◉◉◉◉◉◉◉◉◉◉●●●●●●●●●●●●●●●●●●●●●●●●●●●●●●●●●██████████████████████████████████▓▓▓▓▓▓▓▓▓▓▓▓▓▓▓▒
◎◎◉◉◉◉◉◉◉◉◉◉◉◉◉◉◉●●●●●●●●●●●●●●●●●●●●●●●●●●●●●●●●●██████████████████████████████████▓▓▓▓▓▓▓▓▓▓▓▓▓▓▓▒
◎◎◎◉◉◉◉◉◉◉◉◉◉◉◉◉◉◉●●●●●●●●●●●●●●●●●●●●●●●●●●●●●●●●█████████████████████████████████▓▓▓▓▓▓▓▓▓▓▓▓▓▓▓▒▒
◎◎◎◎◉◉◉◉◉◉◉◉◉◉◉◉◉◉◉●●●●●●●●●●●●●●●●●●●●●●●●●●●●●●●████████████████████████████████▓▓▓▓▓▓▓▓▓▓▓▓▓▓▓▒▒▒
◎◎◎◎◎◉◉◉◉◉◉◉◉◉◉◉◉◉◉◉●●●●●●●●●●●●●●●●●●●●●●●●●●●●●●███████████████████████████████▓▓▓▓▓▓▓▓▓▓▓▓▓▓▓▒▒▒▒
◎◎◎◎◎◎◉◉◉◉◉◉◉◉◉◉◉◉◉◉◉◉●●●●●●●●●●●●●●●●●●●●●●●●●●●●█████████████████████████████▓▓▓▓▓▓▓▓▓▓▓▓▓▓▓▓▒▒▒▒▒
◎◎◎◎◎◎◎◉◉◉◉◉◉◉◉◉◉◉◉◉◉◉◉●●●●●●●●●●●●●●●●●●●●●●●●●●●████████████████████████████▓▓▓▓▓▓▓▓▓▓▓▓▓▓▓▓▒▒▒▒▒▒
◎◎◎◎◎◎◎◎◎◉◉◉◉◉◉◉◉◉◉◉◉◉◉◉◉●●●●●●●●●●●●●●●●●●●●●●●●●██████████████████████████▓▓▓▓▓▓▓▓▓▓▓▓▓▓▓▓▒▒▒▒▒▒▒▒
◎◎◎◎◎◎◎◎◎◎◎◉◉◉◉◉◉◉◉◉◉◉◉◉◉◉◉◉●●●●●●●●●●●●●●●●●●●●●●███████████████████████▓▓▓▓▓▓▓▓▓▓▓▓▓▓▓▓▓▒▒▒▒▒▒▒▒▒▒
◎◎◎◎◎◎◎◎◎◎◎◎◎◉◉◉◉◉◉◉◉◉◉◉◉◉◉◉◉◉◉◉●●●●●●●●●●●●●●●●●●███████████████████▓▓▓▓▓▓▓▓▓▓▓▓▓▓▓▓▓▓▓▒▒▒▒▒▒▒▒▒▒▒▒
◎◎◎◎◎◎◎◎◎◎◎◎◎◎◎◎◉◉◉◉◉◉◉◉◉◉◉◉◉◉◉◉◉◉◉◉◉◉◉●●●●●●●◉◉◉◎-▒▓▓▓███████▓▓▓▓▓▓▓▓▓▓▓▓▓▓▓▓▓▓▓▓▓▓▓▒▒▒▒▒▒▒▒▒▒▒▒▒▒▒
◎◎◎◎◎◎◎◎◎◎◎◎◎◎◎◎◎◎◎◉◉◉◉◉◉◉◉◉◉◉◉◉◉◉◉◉◉◉◉◉◉◉◉◉◉◎◎◎○--˖░▒▒▒▓▓▓▓▓▓▓▓▓▓▓▓▓▓▓▓▓▓▓▓▓▓▓▓▓▓▒▒▒▒▒▒▒▒▒▒▒▒▒▒▒▒▒▒
◎◎◎◎◎◎◎◎◎◎◎◎◎◎◎◎◎◎◎◎◎◎◎◎◎◉◉◉◉◉◉◉◉◉◉◉◉◉◉◉◎◎◎◎◎◎○○○--˖░░░▒▒▒▒▒▒▓▓▓▓▓▓▓▓▓▓▓▓▓▓▓▒▒▒▒▒▒▒▒▒▒▒▒▒▒▒▒▒▒▒▒▒▒▒▒
◎◎◎◎◎◎◎◎◎◎◎◎◎◎◎◎◎◎◎◎◎◎◎◎◎◎◎◎◎◎◎◎◎◎◎◎◎◎◎◎◎◎◎◎○○○○---˖˖░░░░▒▒▒▒▒▒▒▒▒▒▒▒▒▒▒▒▒▒▒▒▒▒▒▒▒▒▒▒▒▒▒▒▒▒▒▒▒▒▒▒▒▒▒
◎◎◎◎◎◎◎◎◎◎◎◎◎◎◎◎◎◎◎◎◎◎◎◎◎◎◎◎◎◎◎◎◎◎◎◎◎◎◎◎◎◎○○○○○----˖˖˖░░░░░▒▒▒▒▒▒▒▒▒▒▒▒▒▒▒▒▒▒▒▒▒▒▒▒▒▒▒▒▒▒▒▒▒▒▒▒▒▒▒▒▒
◎◎◎◎◎◎◎◎◎◎◎◎◎◎◎◎◎◎◎◎◎◎◎◎◎◎◎◎◎◎◎◎◎◎◎◎◎◎◎○○○○○○○-----˖˖˖˖░░░░░░░▒▒▒▒▒▒▒▒▒▒▒▒▒▒▒▒▒▒▒▒▒▒▒▒▒▒▒▒▒▒▒▒▒▒▒▒▒▒
◎◎◎◎◎◎◎◎◎◎◎◎◎◎◎◎◎◎◎◎◎◎◎◎◎◎◎◎◎◎◎◎◎◎◎○○○○○○○○○○------˖˖˖˖˖░░░░░░░░░░▒▒▒▒▒▒▒▒▒▒▒▒▒▒▒▒▒▒▒▒▒▒▒▒▒▒▒▒▒▒▒▒▒▒
○○◎◎◎◎◎◎◎◎◎◎◎◎◎◎◎◎◎◎◎◎◎◎◎◎◎◎◎◎◎○○○○○○○○○○○○○-------˖˖˖˖˖˖░░░░░░░░░░░░░▒▒▒▒▒▒▒▒▒▒▒▒▒▒▒▒▒▒▒▒▒▒▒▒▒▒▒▒▒░
○○○○○○○○○◎◎◎◎◎◎◎◎◎◎◎◎◎◎○○○○○○○○○○○○○○○○○○○○--------˖˖˖˖˖˖˖░░░░░░░░░░░░░░░░░░░░▒▒▒▒▒▒▒▒▒▒▒▒▒▒░░░░░░░░
○○○○○○○○○○○○○○○○○○○○○○○○○○○○○○○○○○○○○○○○○----------˖˖˖˖˖˖˖˖˖░░░░░░░░░░░░░░░░░░░░░░░░░░░░░░░░░░░░░░░░
○○○○○○○○○○○○○○○○○○○○○○○○○○○○○○○○○○○○○○○○-----------˖˖˖˖˖˖˖˖˖˖░░░░░░░░░░░░░░░░░░░░░░░░░░░░░░░░░░░░░░░
○○○○○○○○○○○○○○○○○○○○○○○○○○○○○○○○○○○○○○○------------˖˖˖˖˖˖˖˖˖˖˖░░░░░░░░░░░░░░░░░░░░░░░░░░░░░░░░░░░░░░"
`;
