// Vitest Snapshot v1, https://vitest.dev/guide/snapshot.html

exports[`frustum from an ellipse conic 1`] = `
"░░░░░░˖˖˖˖˖˖˖˖--------○○○-○◎◎◎◎◎◎◉◉◉◉-◉●●●●●-●●●--●--●●●-●●●●●◉-◉◉◉◉◎◎◎◎◎◎○-○○○--------˖˖˖˖˖˖˖˖░░░░░
░░░░░░░░˖˖˖˖˖˖˖˖-------○○○○○◎◎◎◎◎◎◉-◉◉◉●●-●●●●●-●●●●●-●●●●●-●●◉◉◉-◉◎◎◎◎◎◎○○○○○-------˖˖˖˖˖˖˖˖░░░░░░░
▒˖░░░˖░░░░˖˖˖˖˖˖˖˖-------○○○○○◎-◎--◉-◉◉◉●-●-●---●●●●●---●-●-●◉◉◉-◉--◎-◎○○○○○-------˖˖˖˖˖˖˖˖░░░░˖░░░˖
˖˖˖˖˖░░░░░░░˖˖˖˖˖˖˖------○○○○○-◎◎◎◎◎◉◉◉-◉●-●●●-●-●-●-●-●●●-●◉-◉◉◉◎◎◎◎◎-○○○○○------˖˖˖˖˖˖˖░░░░░░░˖˖˖˖
˖▒▒▒˖˖˖░░░░░░░˖˖˖˖˖˖˖------○-○-○◎◎--◎◉--◉-●-●-●●●●-●●●●-●-●-◉--◉◎--◎◎○-○-○------˖˖˖˖˖˖˖░░░░░░░˖˖˖▒▒▒
▒▒˖˖▒▒˖-▒░░˖˖░░░˖˖˖˖˖˖------○----◎◎-◎◉-◉◉◉●●●●-●●●●●●●-●●●●◉◉◉-◉◎-◎◎----○------˖˖˖˖˖˖░░░˖˖░░▒-˖▒▒˖˖▒
▓˖▒▒˖˖▒▒▒˖▒░░░░˖░˖˖˖˖˖˖˖-----○○○--◎◎--◉---◉●●●-●●●●●●●-●●●◉---◉--◎◎--○○○-----˖˖˖˖˖˖˖░˖░░░░▒˖▒▒▒˖˖▒▒˖
▓▓˖▓▓▒▒▒▒-▒˖˖░░˖░˖˖˖˖˖˖˖˖˖-----○-○○◎-◎--◉---●●●●●●-●●●●●●---◉--◎-◎○○-○-----˖˖˖˖˖˖˖˖˖░˖░░˖˖▒-▒▒▒▒▓▓˖▓
▓˖▓▓▓▓▓▒˖˖▒▒▒▒˖▒░░░░░░˖˖˖˖˖-----○-○○◎◎◎-◉◉◉◉--●●●-●-●●●--◉◉◉◉-◎◎◎○○-○-----˖˖˖˖˖░░░░░░▒˖▒▒▒▒˖˖▒▓▓▓▓▓˖
▓▓▓▓▓▓▓▓▓˖▒˖▒▒▒▒˖˖░░░░░░˖˖˖˖˖----○○○○◎◎◎◎◉◉◉◉-◉●-●-●-●◉-◉◉◉◉◎◎◎◎○○○○----˖˖˖˖˖░░░░░░˖˖▒▒▒▒˖▒˖▓▓▓▓▓▓▓▓
███▓▓▓▓▓▓▓˖▓▓▒▒▒▒▒-˖░░░˖░░˖˖˖˖-----○○○◎◎◎◎◉◉◉◉◉◉●---●◉◉◉◉◉◉◎◎◎◎○○○-----˖˖˖˖░░˖░░░˖-▒▒▒▒▒▓▓˖▓▓▓▓▓▓▓██
██˖██˖█˖˖▓▓˖▓▓▓▓▒▒▒▒▒˖˖˖˖˖░░˖˖˖˖----○○○-◎◎-◉◉◉◉◉-◉-◉-◉◉◉◉◉-◎◎-○○○----˖˖˖˖░░˖˖˖˖˖▒▒▒▒▒▓▓▓▓˖▓▓˖˖█˖██˖█
███████˖██▓▓▓▓▓˖▓▓▓▒▒▒▒˖˖˖˖˖˖˖˖˖˖˖----○○◎-◎◎--◉◉-◉●◉-◉◉--◎◎-◎○○----˖˖˖˖˖˖˖˖˖˖˖▒▒▒▒▓▓▓˖▓▓▓▓▓██˖██████
█˖███████˖██˖▓▓▓▓▓▓▓▓▒▒▒▒▒˖░░░░░˖˖˖---○○-◎◎◎◎◎◉--◉◉◉--◉◎◎◎◎◎-○○---˖˖˖░░░░░˖▒▒▒▒▒▓▓▓▓▓▓▓▓˖██˖███████˖
˖█████˖██˖˖█████˖▓▓▓▓▓▓▓▒▒▒▒▒▒░░░░˖˖˖---○○◎◎--◎◎◉◉-◉◉◎◎--◎◎○○---˖˖˖░░░░▒▒▒▒▒▒▓▓▓▓▓▓▓˖█████˖˖██˖█████
˖██████████████████▓▓▓˖▓▓▓▒▒▒▒▒▒░░░░˖˖-----○◎◎-◎◎-◉-◎◎-◎◎○-----˖˖░░░░▒▒▒▒▒▒▓▓▓˖▓▓▓██████████████████
˖█████˖███████████˖˖█▓▓˖▓˖▓▓˖˖▒▒▒˖░░░░˖˖---○○◎◎◎◎◎-◎◎◎◎◎○○---˖˖░░░░˖▒▒▒˖˖▓▓˖▓˖▓▓█˖˖███████████˖█████
██˖██˖██˖˖█████████˖████▓▓˖˖▓˖˖˖˖▒▒▒˖░░░˖˖-○-○○-◎---◎-○○-○-˖˖░░░˖▒▒▒˖˖˖˖▓˖˖▓▓████˖█████████˖˖██˖██˖█
█████████████˖█˖██████████˖▓▓▓▓▓▓˖▒˖▒▒░░░░˖--○○○-○-○-○○○--˖░░░░▒▒˖▒˖▓▓▓▓▓▓˖██████████˖█˖████████████
███˖███˖████˖████████˖█████▓▓▓▓▓▓▓▒▒▒▒▒˖░░░˖˖-○○○○○○○○○-˖˖░░░˖▒▒▒▒▒▓▓▓▓▓▓▓█████˖████████˖████˖███˖██
███˖████████████████████████˖˖▓▓▓▓˖▒▒▒▒▒▒░˖░░˖--○-○-○--˖░░˖░▒▒▒▒▒▒˖▓▓▓▓˖˖████████████████████████˖██
██˖█████████████████████˖˖██˖˖▓▓˖▓▓▒▒˖˖▒░░░░░░˖˖-----˖˖░░░░░░▒˖˖▒▒▓▓˖▓▓˖˖██˖˖█████████████████████˖█
˖█˖˖█████████˖██˖█████˖██████▓▓▓▓˖▓▒▒▒˖▒░░░░˖░˖˖˖˖-˖˖˖˖░˖░░░░▒˖▒▒▒▓˖▓▓▓▓██████˖█████˖██˖█████████˖˖█
˖█˖˖˖████████˖██˖████˖███████▓▓▓▓˖˖▒▒˖▒▒░░░░░░˖˖˖˖-˖˖˖˖░░░░░░▒▒˖▒▒˖˖▓▓▓▓███████˖████˖██˖████████˖˖˖█
██˖███████████████████˖█˖˖███˖▓▓˖▓▓▒▒▒˖▒░░░░░░˖˖-----˖˖░░░░░░▒˖▒▒▒▓▓˖▓▓˖███˖˖█˖███████████████████˖█
██████˖█████████████████████˖˖˖▓▓▓˖▒▒▒▒▒▒░░░░˖---○○○---˖░░░░▒▒▒▒▒▒˖▓▓▓˖˖˖█████████████████████˖█████
██˖˖███˖███˖˖████████˖█˖██˖▓▓▓▓▓▓▓˖▒▒▒▒▒░░░˖˖-○○○○○○○○○-˖˖░░░▒▒▒▒▒˖▓▓▓▓▓▓▓˖██˖█˖████████˖˖███˖███˖˖█
˖██████████████˖██████˖███▓˖▓▓▓▓▓▒▒▒▒▒˖░░░˖--○○○○---○○○○--˖░░░˖▒▒▒▒▒▓▓▓▓▓˖▓███˖██████˖██████████████
████████˖˖███████████˖██▓▓˖˖▓˖˖˖▒▒▒▒░░░░˖˖-○○○○◎◎---◎◎○○○○-˖˖░░░░▒▒▒▒˖˖˖▓˖˖▓▓██˖███████████˖˖███████
█˖█˖██˖█˖█████████˖˖█▓▓˖▓˖▓▓˖▒▒▒▒▒░░░░˖˖--○○○◎◎◎◎◎-◎◎◎◎◎○○○--˖˖░░░░▒▒▒▒▒˖▓▓˖▓˖▓▓█˖˖█████████˖█˖██˖█˖
███████████████████▓▓▓˖▓▓▓▒▒▒▒▒▒˖░░░˖˖----○-----◎◎◉◎◎-----○----˖˖░░░˖▒▒▒▒▒▒▓▓▓˖▓▓▓██████████████████
˖█████˖██˖˖█████˖▓▓▓▓▓˖▓▒▒˖▒˖▒░░░░˖˖˖---○-◎◎◎-◎◎◉◉-◉◉◎◎-◎◎◎-○---˖˖˖░░░░▒˖▒˖▒▒▓˖▓▓▓▓▓˖█████˖˖██˖█████
█˖███████˖███▓▓▓▓▓˖▓˖▒▒▒▒▒˖░░░░░˖˖˖---○○-◎◎◎◎◎◉-◉◉◉◉◉-◉◎◎◎◎◎-○○---˖˖˖░░░░░˖▒▒▒▒▒˖▓˖▓▓▓▓▓███˖███████˖
███˖˖█████▓▓▓▓▓▓˖▓˖▒˖˖▒˖˖˖░░░░˖˖˖˖----○○◎-◎◎-◉--◉◉●◉◉--◉-◎◎-◎○○----˖˖˖˖░░░░˖˖˖▒˖˖▒˖▓˖▓▓▓▓▓▓█████˖˖██
███˖˖˖█▓▓▓▓▓▓▓▓▓▒▒▒▒▒▒▒░░░░░˖˖˖˖----○○○◎◎◎◎-----◉---◉-----◎◎◎◎○○○----˖˖˖˖░░░░░▒▒▒▒▒▒▒▓▓▓▓▓▓▓▓▓█˖˖˖██
███˖▓▓▓▓▓▓▓▓▓˖▒▒▒▒▒˖░░░˖░░˖˖˖˖----○○-○---◎◉◉◉◉◉◉●●-●●◉◉◉◉◉◉◎---○-○○----˖˖˖˖░░˖░░░˖▒▒▒▒▒˖▓▓▓▓▓▓▓▓▓˖██
▓▓▓▓▓▓▓▓▓▓▒▒▒▒▒▒˖˖░░░˖░░˖˖˖˖˖----○○-○◎◎◎◎◉-◉◉--●●●-●●●--◉◉-◉◎◎◎◎○-○○----˖˖˖˖˖░░˖░░░˖˖▒▒▒▒▒▒▓▓▓▓▓▓▓▓▓
▓˖˖▓▓▓▓▒˖▒▒▒▒˖▒˖░░░░░˖˖˖˖˖˖-----○-○○◎◎◎----◉--●●●●-●●●●--◉----◎◎◎○○-○-----˖˖˖˖˖˖░░░░░˖▒˖▒▒▒▒˖▒▓▓▓▓˖˖
▓▓▓▓▓▒▒▒▒-▒˖˖░░░˖░˖░˖˖˖˖˖˖-----○○○--◎◎-◉◉◉-◉●●-●●---●●-●●◉-◉◉◉-◎◎--○○○-----˖˖˖˖˖˖░˖░˖░░░˖˖▒-▒▒▒▒▓▓▓▓
▓▓▒▒˖▒▒▒▒˖▒░˖░░░░˖˖˖˖˖˖˖-----○-○-○◎--◎◉◉-◉-●●●●●●●●●●●●●●●-◉-◉◉◎--◎○-○-○-----˖˖˖˖˖˖˖░░░░˖░▒˖▒▒▒▒˖▒▒▓
▒˖▒˖▒▒˖˖▒░░░░░░░˖˖˖˖˖˖˖-----○○-○○◎-◎◎◉◉◉◉◉●●-●●●●●-●●●●●-●●◉◉◉◉◉◎◎-◎○○-○○-----˖˖˖˖˖˖˖░░░░░░░▒˖˖▒▒˖▒˖
˖▒▒▒˖˖˖░░░░░░░˖˖˖˖˖˖˖------○-○-○-◎◎--◉◉◉◉◉-●--●●-●-●-●●--●-◉◉◉◉◉--◎◎-○-○-○------˖˖˖˖˖˖˖░░░░░░░˖˖˖▒▒▒
˖˖˖˖˖░░░░░░░˖˖˖˖˖˖˖------○-○-○-◎◎◎-◎◉◉◉◉-●-●●●●●-●-●-●●●●●-●-◉◉◉◉◎-◎◎◎-○-○-○------˖˖˖˖˖˖˖░░░░░░░˖˖˖˖
▒˖░░˖░░░░░˖˖˖˖˖˖˖˖------○-○○-○-◎-◎--◉◉-◉●●-●●●●-●●●●●-●●●●-●●◉-◉◉--◎-◎-○-○○-○------˖˖˖˖˖˖˖˖░░░░░˖░░˖
░░░˖░░░░˖˖˖˖˖˖˖˖-------○○○-○◎-◎◎◎◎-◉◉◉◉●●●●●----●●●●●----●●●●●◉◉◉◉-◎◎◎◎-◎○-○○○-------˖˖˖˖˖˖˖˖░░░░˖░░
░░░░░˖˖˖˖˖˖˖˖˖-------○○-○○-◎---◎◎-◉◉◉◉◉●●-●●●●●-●●●●●-●●●●●-●●◉◉◉◉◉-◎◎---◎-○○-○○-------˖˖˖˖˖˖˖˖˖░░░░
░░˖░˖˖˖˖˖˖˖˖˖-------○-○○--◎◎◎◎---◉◉◉◉◉●●●●●●●-●---●---●-●●●●●●●◉◉◉◉◉---◎◎◎◎--○○-○-------˖˖˖˖˖˖˖˖˖░˖░
░░░˖˖˖˖˖˖˖˖----------○○-○◎◎-◎---◉◉-◉-●●--●-●-●--●●-●●--●-●-●--●●-◉-◉◉---◎-◎◎○-○○----------˖˖˖˖˖˖˖˖░░
░˖˖˖˖˖˖˖˖˖------------○○◎◎◎◎-◎◎◉◉◉◉◉◉-●●-●-●-●●●-●●●-●●●-●-●-●●-◉◉◉◉◉◉◎◎-◎◎◎◎○○------------˖˖˖˖˖˖˖˖˖
˖˖˖˖˖˖˖˖--------○○○-○○-◎◎-◎◎◎◎◉◉-◉◉--●●●●●●●●●●●●●-●●●●●●●●●●●●●--◉◉-◉◉◎◎◎◎-◎◎-○○-○○○--------˖˖˖˖˖˖˖"
`;

exports[`frustum from an ellipse conic 2`] = `
"████████████████████████████████████████████████████████████████████████████████████████████████████
████████████████████████████████████████████████████████████████████████████████████████████████████
████████████████████████████████████████████████████████████████████████████████████████████████████
████████████████████████████████████████████████████████████████████████████████████████████████████
████████████████████████████▓▓▓▓▓▓▓▓▓▓▓▓▓▓▓▓▓▓▓▓▓▓▓▓████████████████████████████████████████████████
███▓▓▓▓▓▓▓▓▓▓▓▓▓▓▓▓▓▓▓▓▓▓▓▓▓▓▓▓▓▓▓▓▓▓▓▓▓▓▓▓▓▓▓▓▓▓▓▓▓▓▓▓▓▓▓▓▓▓▓▓▓▓▓▓▓▓▓▓▓▓▓▓▓████████████████████████
▓▓▓▓▓▓▓▓▓▓▓▓▓▓▓▓▓▓▓▓▓▓▓▓▓▓▓▓▓▓▓▓▓▓▓▓▓▓▓▓▓▓▓▓▓▓▓▓▓▓▓▓▓▓▓▓▓▓▓▓▓▓▓▓▓▓▓▓▓▓▓▓▓▓▓▓▓▓▓▓▓▓▓▓▓▓▓▓▓███████████
▓▓▓▓▓▓▓▓▓▓▓▓▓▓▓▓▓▓▓▓▓▓▓▓▓▓▓▓▓▓▓▓▓▓▓▓▓▓▓▓▓▓▓▓▓▓▓▓▓▓▓▓▓▓▓▓▓▓▓▓▓▓▓▓▓▓▓▓▓▓▓▓▓▓▓▓▓▓▓▓▓▓▓▓▓▓▓▓▓▓▓▓▓▓▓▓▓▓██
▓▓▓▓▓▓▓▓▓▓▓▓▓▓▓▓▓▓▓▓▓▓▓▓▓▓▓▓▓▓▓▓▓▓▓▓▓▓▓▓▓▓▓▓▓▓▓▓▓▓▓▓▓▓▓▓▓▓▓▓▓▓▓▓▓▓▓▓▓▓▓▓▓▓▓▓▓▓▓▓▓▓▓▓▓▓▓▓▓▓▓▓▓▓▓▓▓▓▓▓
▓▓▓▓▓▓▓▓▓▓▓▓▓▓▓▓▓▓▓▓▓▓▓▓▓▓▓▓▓▓▓▓▓▓▓▓▓▓▓▓▓▓▓▓▓▓▓▓▓▓▓▓▓▓▓▓▓▓▓▓▓▓▓▓▓▓▓▓▓▓▓▓▓▓▓▓▓▓▓▓▓▓▓▓▓▓▓▓▓▓▓▓▓▓▓▓▓▓▓▓
▓▓▓▓▓▓▓▓▓▓▓▓▓▓▓▓▓▓▓▓▓▓▓▓▓▓▒▒▒▒▒▒▒▒▒▒▒▒▒▒▒▒▒▒▒▒▒▒▒▒▒▒▒▒▒▒▒▒▒▒▒▒▓▓▓▓▓▓▓▓▓▓▓▓▓▓▓▓▓▓▓▓▓▓▓▓▓▓▓▓▓▓▓▓▓▓▓▓▓▓
▓▓▓▓▓▓▓▒▒▒▒▒▒▒▒▒▒▒▒▒▒▒▒▒▒▒▒▒▒▒▒▒▒▒▒▒▒▒▒▒▒▒▒▒▒▒▒▒▒▒▒▒▒▒▒▒▒▒▒▒▒▒▒▒▒▒▒▒▒▒▒▒▒▒▒▒▒▒▒▒▒▒▒▒▒▓▓▓▓▓▓▓▓▓▓▓▓▓▓▓
▒▒▒▒▒▒▒▒▒▒▒▒▒▒▒▒▒▒▒▒▒▒▒▒▒▒▒▒▒▒▒▒▒▒▒▒▒▒▒▒▒▒▒▒▒▒▒▒▒▒▒▒▒▒▒▒▒▒▒▒▒▒▒▒▒▒▒▒▒▒▒▒▒▒▒▒▒▒▒▒▒▒▒▒▒▒▒▒▒▒▒▒▒▒▒▓▓▓▓▓
▒▒▒▒▒▒▒▒▒▒▒▒▒▒▒▒▒▒▒▒▒▒▒▒▒▒▒▒▒▒▒▒▒▒▒▒▒▒▒▒▒▒▒▒▒▒▒▒▒▒▒▒▒▒▒▒▒▒▒▒▒▒▒▒▒▒▒▒▒▒▒▒▒▒▒▒▒▒▒▒▒▒▒▒▒▒▒▒▒▒▒▒▒▒▒▒▒▒▒▒
▒▒▒▒▒▒▒▒▒▒▒▒▒▒▒▒▒▒▒▒▒▒▒▒▒▒▒▒▒▒▒▒▒▒▒▒▒▒▒▒░░░░░░░░░░░░░░░░░▒▒▒▒▒▒▒▒▒▒▒▒▒▒▒▒▒▒▒▒▒▒▒▒▒▒▒▒▒▒▒▒▒▒▒▒▒▒▒▒▒▒▒
▒▒▒▒▒▒▒▒▒▒▒▒▒▒▒▒░░░░░░░░░░░░░░░░░░░░░░░░░░░░░░░░░░░░░░░░░░░░░░░░░░░░░░░░░░░░░░░░░░▒▒▒▒▒▒▒▒▒▒▒▒▒▒▒▒▒▒
▒▒▒▒▒▒▒▒░░░░░░░░░░░░░░░░░░░░░░░░░░░░░░░░░░░░░░░░░░░░░░░░░░░░░░░░░░░░░░░░░░░░░░░░░░░░░░░░░░░▒▒▒▒▒▒▒▒▒
▒▒▒░░░░░░░░░░░░░░░░░░░░░░░░░░░░░░░░░░░░░░░░░░░░░░░░░░░░░░░░░░░░░░░░░░░░░░░░░░░░░░░░░░░░░░░░░░░░░░▒▒▒
░░░░░░░░░░░░░░░░░░░░░░░░░˖˖˖˖˖˖˖˖˖˖˖˖˖˖˖˖˖˖˖˖˖˖˖˖˖˖˖˖˖˖˖˖˖˖˖˖˖˖˖˖˖˖˖˖˖˖˖˖˖˖░░░░░░░░░░░░░░░░░░░░░░░░░
░░░░░░░░░░░░░░░˖˖˖˖˖˖˖˖˖˖˖˖˖˖˖˖˖˖˖˖˖˖˖˖˖˖˖˖˖˖˖˖˖˖˖˖˖˖˖˖˖˖˖˖˖˖˖˖˖˖˖˖˖˖˖˖˖˖˖˖˖˖˖˖˖˖˖˖˖˖░░░░░░░░░░░░░░░
░░░░░░░░░░˖˖˖˖˖˖˖˖˖˖˖˖˖˖˖˖˖˖˖˖˖˖˖˖˖˖˖˖˖˖˖˖˖˖˖˖˖˖˖˖-˖˖˖˖˖˖˖˖˖˖˖˖˖˖˖˖˖˖˖˖˖˖˖˖˖˖˖˖˖˖˖˖˖˖˖˖˖˖˖˖░░░░░░░░░
░░░░░░˖˖˖˖˖˖˖˖˖˖˖˖˖˖˖˖˖˖˖˖-------------------------------------------------˖˖˖˖˖˖˖˖˖˖˖˖˖˖˖˖˖˖˖˖░░░░░
░░░░˖˖˖˖˖˖˖˖˖˖˖˖˖˖-----------------------------------------------------------------˖˖˖˖˖˖˖˖˖˖˖˖˖˖░░░
░░░˖˖˖˖˖˖˖˖˖˖˖----------------------○○○○○○○○○○○○○○-○○○○○○○○○○○○○-----------------------˖˖˖˖˖˖˖˖˖˖˖░░
░░˖˖˖˖˖˖˖˖˖---------------○○○○○○○○○○○○○○○○○○○○○○○○○○○○○○○○○○○○○○○○○○○○○○○○○---------------˖˖˖˖˖˖˖˖˖░
░░˖˖˖˖˖˖˖˖--------○-○---○◎-◎-◎◎◉◉◉◉◉◉●●-●●●●●●●●●●-●●●●●●●●●●-●●◉◉◉◉◉◉◎◎-◎-◎○---○-○--------˖˖˖˖˖˖˖˖░
░░˖˖˖˖˖˖˖˖˖---------------○○○○○○○○○○○○○○○○○○○○○○○○○○○○○○○○○○○○○○○○○○○○○○○○○---------------˖˖˖˖˖˖˖˖˖░
░░░˖˖˖˖˖˖˖˖˖˖˖-----------------------○○○○○○○○○○○○○-○○○○○○○○○○○○○○----------------------˖˖˖˖˖˖˖˖˖˖˖░░
░░░░˖˖˖˖˖˖˖˖˖˖˖˖˖˖-----------------------------------------------------------------˖˖˖˖˖˖˖˖˖˖˖˖˖˖░░░
░░░░░░˖˖˖˖˖˖˖˖˖˖˖˖˖˖˖˖˖˖˖˖-------------------------------------------------˖˖˖˖˖˖˖˖˖˖˖˖˖˖˖˖˖˖˖˖░░░░░
░░░░░░░░░░˖˖˖˖˖˖˖˖˖˖˖˖˖˖˖˖˖˖˖˖˖˖˖˖˖˖˖˖˖˖˖˖˖˖˖˖˖˖˖˖-˖˖˖˖˖˖˖˖˖˖˖˖˖˖˖˖˖˖˖˖˖˖˖˖˖˖˖˖˖˖˖˖˖˖˖˖˖˖˖˖░░░░░░░░░
░░░░░░░░░░░░░░░░˖˖˖˖˖˖˖˖˖˖˖˖˖˖˖˖˖˖˖˖˖˖˖˖˖˖˖˖˖˖˖˖˖˖˖˖˖˖˖˖˖˖˖˖˖˖˖˖˖˖˖˖˖˖˖˖˖˖˖˖˖˖˖˖˖˖˖˖˖˖░░░░░░░░░░░░░░
░░░░░░░░░░░░░░░░░░░░░░░░░░˖˖˖˖˖˖˖˖˖˖˖˖˖˖˖˖˖˖˖˖˖˖˖˖˖˖˖˖˖˖˖˖˖˖˖˖˖˖˖˖˖˖˖˖˖˖˖˖˖˖░░░░░░░░░░░░░░░░░░░░░░░░
▒▒▒▒░░░░░░░░░░░░░░░░░░░░░░░░░░░░░░░░░░░░░░░░░░░░░░░░░░░░░░░░░░░░░░░░░░░░░░░░░░░░░░░░░░░░░░░░░░░░░░▒▒
▒▒▒▒▒▒▒▒▒▒░░░░░░░░░░░░░░░░░░░░░░░░░░░░░░░░░░░░░░░░░░░░░░░░░░░░░░░░░░░░░░░░░░░░░░░░░░░░░░░░░░░▒▒▒▒▒▒▒
▒▒▒▒▒▒▒▒▒▒▒▒▒▒▒▒▒▒▒░░░░░░░░░░░░░░░░░░░░░░░░░░░░░░░░░░░░░░░░░░░░░░░░░░░░░░░░░░░░░░░░░░▒▒▒▒▒▒▒▒▒▒▒▒▒▒▒
▒▒▒▒▒▒▒▒▒▒▒▒▒▒▒▒▒▒▒▒▒▒▒▒▒▒▒▒▒▒▒▒▒▒▒▒▒▒▒▒▒▒▒▒░░░░░░░░░░░░░░░░░▒▒▒▒▒▒▒▒▒▒▒▒▒▒▒▒▒▒▒▒▒▒▒▒▒▒▒▒▒▒▒▒▒▒▒▒▒▒▒
▒▒▒▒▒▒▒▒▒▒▒▒▒▒▒▒▒▒▒▒▒▒▒▒▒▒▒▒▒▒▒▒▒▒▒▒▒▒▒▒▒▒▒▒▒▒▒▒▒▒▒▒▒▒▒▒▒▒▒▒▒▒▒▒▒▒▒▒▒▒▒▒▒▒▒▒▒▒▒▒▒▒▒▒▒▒▒▒▒▒▒▒▒▒▒▒▒▒▒▒
▓▓▓▓▓▓▒▒▒▒▒▒▒▒▒▒▒▒▒▒▒▒▒▒▒▒▒▒▒▒▒▒▒▒▒▒▒▒▒▒▒▒▒▒▒▒▒▒▒▒▒▒▒▒▒▒▒▒▒▒▒▒▒▒▒▒▒▒▒▒▒▒▒▒▒▒▒▒▒▒▒▒▒▒▒▒▒▒▒▒▒▒▒▒▒▒▒▒▒▒
▓▓▓▓▓▓▓▓▓▓▓▓▓▓▓▓▒▒▒▒▒▒▒▒▒▒▒▒▒▒▒▒▒▒▒▒▒▒▒▒▒▒▒▒▒▒▒▒▒▒▒▒▒▒▒▒▒▒▒▒▒▒▒▒▒▒▒▒▒▒▒▒▒▒▒▒▒▒▒▒▒▒▒▒▒▒▒▒▒▒▒▒▒▒▓▓▓▓▓▓
▓▓▓▓▓▓▓▓▓▓▓▓▓▓▓▓▓▓▓▓▓▓▓▓▓▓▓▓▓▓▓▓▓▓▓▓▓▓▓▒▒▒▒▒▒▒▒▒▒▒▒▒▒▒▒▒▒▒▒▒▒▒▒▒▒▒▒▒▒▒▒▒▒▒▒▓▓▓▓▓▓▓▓▓▓▓▓▓▓▓▓▓▓▓▓▓▓▓▓▓
▓▓▓▓▓▓▓▓▓▓▓▓▓▓▓▓▓▓▓▓▓▓▓▓▓▓▓▓▓▓▓▓▓▓▓▓▓▓▓▓▓▓▓▓▓▓▓▓▓▓▓▓▓▓▓▓▓▓▓▓▓▓▓▓▓▓▓▓▓▓▓▓▓▓▓▓▓▓▓▓▓▓▓▓▓▓▓▓▓▓▓▓▓▓▓▓▓▓▓▓
▓▓▓▓▓▓▓▓▓▓▓▓▓▓▓▓▓▓▓▓▓▓▓▓▓▓▓▓▓▓▓▓▓▓▓▓▓▓▓▓▓▓▓▓▓▓▓▓▓▓▓▓▓▓▓▓▓▓▓▓▓▓▓▓▓▓▓▓▓▓▓▓▓▓▓▓▓▓▓▓▓▓▓▓▓▓▓▓▓▓▓▓▓▓▓▓▓▓▓▓
███▓▓▓▓▓▓▓▓▓▓▓▓▓▓▓▓▓▓▓▓▓▓▓▓▓▓▓▓▓▓▓▓▓▓▓▓▓▓▓▓▓▓▓▓▓▓▓▓▓▓▓▓▓▓▓▓▓▓▓▓▓▓▓▓▓▓▓▓▓▓▓▓▓▓▓▓▓▓▓▓▓▓▓▓▓▓▓▓▓▓▓▓▓▓▓▓▓
████████████▓▓▓▓▓▓▓▓▓▓▓▓▓▓▓▓▓▓▓▓▓▓▓▓▓▓▓▓▓▓▓▓▓▓▓▓▓▓▓▓▓▓▓▓▓▓▓▓▓▓▓▓▓▓▓▓▓▓▓▓▓▓▓▓▓▓▓▓▓▓▓▓▓▓▓▓▓▓▓▓▓▓▓▓▓▓▓▓
█████████████████████████▓▓▓▓▓▓▓▓▓▓▓▓▓▓▓▓▓▓▓▓▓▓▓▓▓▓▓▓▓▓▓▓▓▓▓▓▓▓▓▓▓▓▓▓▓▓▓▓▓▓▓▓▓▓▓▓▓▓▓▓▓▓▓▓▓▓▓▓▓▓▓▓▓██
█████████████████████████████████████████████████▓▓▓▓▓▓▓▓▓▓▓▓▓▓▓▓▓▓▓▓▓▓▓▓███████████████████████████
████████████████████████████████████████████████████████████████████████████████████████████████████
████████████████████████████████████████████████████████████████████████████████████████████████████
████████████████████████████████████████████████████████████████████████████████████████████████████"
`;
