// Vitest Snapshot v1, https://vitest.dev/guide/snapshot.html

exports[`fidgetRender > basic heart shape 1`] = `
"                                                                                                    
                                                                                                    
                                                                                                    
                                                                                                    
                                                                                                    
                                                                                                    
                                                                                                    
                      ██████████████                              ██████████████                    
                ████████████████████████                      ████████████████████████              
              ████████████████████████████                  ████████████████████████████            
            ██████████████████████████████████          ██████████████████████████████████          
          ████████████████████████████████████          ████████████████████████████████████        
        ████████████████████████████████████████      ████████████████████████████████████████      
        ██████████████████████████████████████████  ██████████████████████████████████████████      
        ██████████████████████████████████████████  ██████████████████████████████████████████      
      ████████████████████████████████████████████  ████████████████████████████████████████████    
      ████████████████████████████████████████████  ████████████████████████████████████████████    
      ██████████████████████████████████████████████████████████████████████████████████████████    
        ██████████████████████████████████████████████████████████████████████████████████████      
          ██████████████████████████████████████████████████████████████████████████████████        
            ██████████████████████████████████████████████████████████████████████████████          
              ██████████████████████████████████████████████████████████████████████████            
                ████████████████████████████████████████████████████████████████████████            
                ██████████████████████████████████████████████████████████████████████              
                  ██████████████████████████████████████████████████████████████████                
                    ██████████████████████████████████████████████████████████████                  
                      ██████████████████████████████████████████████████████████                    
                        ██████████████████████████████████████████████████████                      
                        ██████████████████████████████████████████████████████                      
                          ██████████████████████████████████████████████████                        
                            ██████████████████████████████████████████████                          
                              ██████████████████████████████████████████                            
                                ██████████████████████████████████████                              
                                  ██████████████████████████████████                                
                                  ██████████████████████████████████                                
                                    ██████████████████████████████                                  
                                      ██████████████████████████                                    
                                        ██████████████████████                                      
                                          ██████████████████                                        
                                          ██████████████████                                        
                                            ██████████████                                          
                                              ██████████                                            
                                                ██████                                              
                                                  ██                                                
                                                                                                    
                                                                                                    
                                                                                                    
                                                                                                    
                                                                                                    
                                                                                                    "
`;

exports[`fidgetRender > box 1`] = `
"                                                                                                    
                                                                                                    
                                                                                                    
                                                                                                    
                                                                                                    
                                                                                                    
                                                                                                    
                                                                                                    
                                                                                                    
                                                                                                    
                                                                                                    
                                                                                                    
                                                                                                    
                                                                                                    
                                                                                                    
                                                                                                    
                                                                                                    
                                                                                                    
                                                                                                    
    ██████████████████████████████████████████████████████████████████████████████████████████████  
    ██████████████████████████████████████████████████████████████████████████████████████████████  
    ██████████████████████████████████████████████████████████████████████████████████████████████  
    ██████████████████████████████████████████████████████████████████████████████████████████████  
    ██████████████████████████████████████████████████████████████████████████████████████████████  
    ██████████████████████████████████████████████████████████████████████████████████████████████  
    ██████████████████████████████████████████████████████████████████████████████████████████████  
    ██████████████████████████████████████████████████████████████████████████████████████████████  
    ██████████████████████████████████████████████████████████████████████████████████████████████  
    ██████████████████████████████████████████████████████████████████████████████████████████████  
    ██████████████████████████████████████████████████████████████████████████████████████████████  
                                                                                                    
                                                                                                    
                                                                                                    
                                                                                                    
                                                                                                    
                                                                                                    
                                                                                                    
                                                                                                    
                                                                                                    
                                                                                                    
                                                                                                    
                                                                                                    
                                                                                                    
                                                                                                    
                                                                                                    
                                                                                                    
                                                                                                    
                                                                                                    
                                                                                                    
                                                                                                    "
`;

exports[`fidgetRender > circle 1`] = `
"                                                                                                    
                                                                                                    
                                                                                                    
                                                                                                    
                                                                                                    
                                                                                                    
                                                                                                    
                                                                                                    
                                                                                                    
                                                                                                    
                                                                                                    
                                                                                                    
                                            ██████████████                                          
                                        ██████████████████████                                      
                                    ██████████████████████████████                                  
                                  ██████████████████████████████████                                
                                ██████████████████████████████████████                              
                              ██████████████████████████████████████████                            
                              ██████████████████████████████████████████                            
                            ██████████████████████████████████████████████                          
                            ██████████████████████████████████████████████                          
                          ██████████████████████████████████████████████████                        
                          ██████████████████████████████████████████████████                        
                          ██████████████████████████████████████████████████                        
                          ██████████████████████████████████████████████████                        
                          ██████████████████████████████████████████████████                        
                          ██████████████████████████████████████████████████                        
                          ██████████████████████████████████████████████████                        
                            ██████████████████████████████████████████████                          
                            ██████████████████████████████████████████████                          
                              ██████████████████████████████████████████                            
                              ██████████████████████████████████████████                            
                                ██████████████████████████████████████                              
                                  ██████████████████████████████████                                
                                    ██████████████████████████████                                  
                                        ██████████████████████                                      
                                            ██████████████                                          
                                                                                                    
                                                                                                    
                                                                                                    
                                                                                                    
                                                                                                    
                                                                                                    
                                                                                                    
                                                                                                    
                                                                                                    
                                                                                                    
                                                                                                    
                                                                                                    
                                                                                                    "
`;

exports[`fidgetRender > pill 1`] = `
"                                                                                                    
                                                                                                    
                                                                                                    
                                                                                                    
                                                                                                    
                                                                                                    
                                                                                                    
                                                              ████████                              
                                                          ████████████████                          
                                                        ██████████████████                          
                                                      ██████████████████████                        
                                                    ████████████████████████                        
                                                  ██████████████████████████                        
                                                ████████████████████████████                        
                                              ████████████████████████████                          
                                            ██████████████████████████████                          
                                          ██████████████████████████████                            
                                        ██████████████████████████████                              
                                      ██████████████████████████████                                
                                    ██████████████████████████████                                  
                                  ██████████████████████████████                                    
                                ██████████████████████████████                                      
                              ██████████████████████████████                                        
                            ██████████████████████████████                                          
                          ██████████████████████████████                                            
                        ██████████████████████████████                                              
                      ██████████████████████████████                                                
                    ██████████████████████████████                                                  
                  ██████████████████████████████                                                    
                  ████████████████████████████                                                      
                ████████████████████████████                                                        
                ██████████████████████████                                                          
                ████████████████████████                                                            
                ██████████████████████                                                              
                  ██████████████████                                                                
                  ████████████████                                                                  
                      ████████                                                                      
                                                                                                    
                                                                                                    
                                                                                                    
                                                                                                    
                                                                                                    
                                                                                                    
                                                                                                    
                                                                                                    
                                                                                                    
                                                                                                    
                                                                                                    
                                                                                                    
                                                                                                    "
`;

exports[`fidgetRender > positionned circle 1`] = `
"                                                                                                    
                                                                                                    
                                                                                                    
                                                                                                    
                                                                                                    
                                                                                                    
                                                                                                    
                                                                                                    
                                                                                                    
                                                                                                    
                      ████████                                                                      
                      ████████                                                                      
                      ████████                                                                      
                      ████████                                                                      
                                                                                                    
                                                                                                    
                                                                                                    
                                                                                                    
                                                                                                    
                                                                                                    
                                                                                                    
                                                                                                    
                                                                                                    
                                                                                                    
                                                                                                    
                                                                                                    
                                                                                                    
                                                                                                    
                                                                                                    
                                                                                                    
                                                                                                    
                                                                                                    
                                                                                                    
                                                                                                    
                                                                                                    
                                                                                                    
                                                                                                    
                                                                                                    
                                                                                                    
                                                                                                    
                                                                                                    
                                                                                                    
                                                                                                    
                                                                                                    
                                                                                                    
                                                                                                    
                                                                                                    
                                                                                                    
                                                                                                    
                                                                                                    "
`;

exports[`fidgetRender > positionned circle 2`] = `
"                                                                                                    
                                                                                                    
                                                                                                    
                                                                                                    
                                                                                                    
                                                                                                    
                                                                                                    
                                                                                                    
                                                                                                    
                                                                                                    
                                                                        ████████                    
                                                                        ████████                    
                                                                        ████████                    
                                                                        ████████                    
                                                                                                    
                                                                                                    
                                                                                                    
                                                                                                    
                                                                                                    
                                                                                                    
                                                                                                    
                                                                                                    
                                                                                                    
                                                                                                    
                                                                                                    
                                                                                                    
                                                                                                    
                                                                                                    
                                                                                                    
                                                                                                    
                                                                                                    
                                                                                                    
                                                                                                    
                                                                                                    
                                                                                                    
                                                                                                    
                                                                                                    
                                                                                                    
                                                                                                    
                                                                                                    
                                                                                                    
                                                                                                    
                                                                                                    
                                                                                                    
                                                                                                    
                                                                                                    
                                                                                                    
                                                                                                    
                                                                                                    
                                                                                                    "
`;

exports[`fidgetRender > positionned circle 3`] = `
"                                                                                                    
                                                                                                    
                                                                                                    
                                                                                                    
                                                                                                    
                                                                                                    
                                                                                                    
                                                                                                    
                                                                                                    
                                                                                                    
                                                                                                    
                                                                                                    
                                                                                                    
                                                                                                    
                                                                                                    
                                                                                                    
                                                                                                    
                                                                                                    
                                                                                                    
                                                                                                    
                                                                                                    
                                                                                                    
                                                                                                    
                                                                                                    
                                                                                                    
                                                                                                    
                                                                                                    
                                                                                                    
                                                                                                    
                                                                                                    
                                                                                                    
                                                                                                    
                                                                                                    
                                                                                                    
                                                                                                    
                                                                        ████████                    
                                                                        ████████                    
                                                                        ████████                    
                                                                        ████████                    
                                                                                                    
                                                                                                    
                                                                                                    
                                                                                                    
                                                                                                    
                                                                                                    
                                                                                                    
                                                                                                    
                                                                                                    
                                                                                                    
                                                                                                    "
`;
